Archive member included because of file (symbol)

C:\mgc\lib\gcc\arm-none-eabi\4.6.1\libgcc.a(_divsi3.o)
                              obj/tcp_in.o (__aeabi_idiv)
C:\mgc\lib\gcc\arm-none-eabi\4.6.1\libgcc.a(_dvmd_tls.o)
                              C:\mgc\lib\gcc\arm-none-eabi\4.6.1\libgcc.a(_divsi3.o) (__aeabi_idiv0)
C:\mgc\arm-none-eabi\lib\libc.a(lib_a-memcpy.o)
                              obj/pbuf.o (memcpy)
C:\mgc\arm-none-eabi\lib\libc.a(lib_a-memset.o)
                              obj/mem.o (memset)

Allocating common symbols
Common symbol       size              file

netif_list          0x4               obj/netif.o
tcp_active_pcbs     0x4               obj/tcp.o
udp_pcbs            0x4               obj/udp.o
current_netif       0x4               obj/ip.o
tcp_ticks           0x4               obj/tcp.o
tcp_listen_pcbs     0x4               obj/tcp.o
tcp_tmp_pcb         0x4               obj/tcp.o
tcp_input_pcb       0x4               obj/tcp_in.o
current_header      0x4               obj/ip.o
tcp_bound_pcbs      0x4               obj/tcp.o
tcp_tw_pcbs         0x4               obj/tcp.o
lwip_stats          0x116             obj/stats.o
netif_default       0x4               obj/netif.o

Memory Configuration

Name             Origin             Length             Attributes
int_ram          0x00200000         0x00004000         xrw
ext_ram          0x30000000         0x00100000         xrw
ext_rom          0x10000000         0x00400000         xr
*default*        0x00000000         0xffffffff

Linker script and memory map

LOAD C:\mgc\lib\gcc\arm-none-eabi\4.6.1\libgcc.a
LOAD obj/crt0.o
LOAD obj/mem.o
LOAD obj/memp.o
LOAD obj/netif.o
LOAD obj/pbuf.o
LOAD obj/raw.o
LOAD obj/stats.o
LOAD obj/sys.o
LOAD obj/tcp.o
LOAD obj/tcp_in.o
LOAD obj/tcp_out.o
LOAD obj/udp.o
LOAD obj/dhcp.o
LOAD obj/icmp.o
LOAD obj/ip.o
LOAD obj/inet.o
LOAD obj/ip_addr.o
LOAD obj/ip_frag.o
LOAD obj/inet_chksum.o
LOAD obj/etharp.o
LOAD obj/ipproc.o
LOAD obj/memproc.o
LOAD obj/mainloop.o
LOAD obj/buffers.o
LOAD obj/callproc.o
LOAD obj/ethernet.o
LOAD obj/keyproc.o
LOAD obj/tcpconn.o
LOAD obj/stubfncs.o
LOAD obj/callutil.o
LOAD obj/error.o
START GROUP
LOAD C:\mgc\lib\gcc\arm-none-eabi\4.6.1\libgcc.a
LOAD C:\mgc\arm-none-eabi\lib\libc.a
END GROUP

.text           0x30000000    0x13d7c
 obj/crt0.o(.text)
 .text          0x30000000       0x2c obj/crt0.o
                0x30000000                low_level_init
 *(.text)
 .text          0x3000002c      0xac8 obj/mem.o
                0x300001b8                mem_init
                0x3000029c                mem_free
                0x300003cc                mem_realloc
                0x30000708                mem_malloc
                0x30000a7c                mem_calloc
 .text          0x30000af4      0x46c obj/memp.o
                0x30000af4                memp_init
                0x30000cc4                memp_malloc
                0x30000e9c                memp_free
 .text          0x30000f60      0x68c obj/netif.o
                0x30000f60                netif_add
                0x30001058                netif_set_addr
                0x300010a4                netif_remove
                0x30001184                netif_find
                0x3000124c                netif_set_ipaddr
                0x30001404                netif_set_gw
                0x3000146c                netif_set_netmask
                0x300014d4                netif_set_default
                0x30001500                netif_set_up
                0x30001570                netif_set_down
                0x300015bc                netif_is_up
 .text          0x300015ec      0xf90 obj/pbuf.o
                0x300015ec                pbuf_alloc
                0x30001988                pbuf_realloc
                0x30001b2c                pbuf_header
                0x30001cd4                pbuf_free
                0x30001e08                pbuf_clen
                0x30001e5c                pbuf_ref
                0x30001ea0                pbuf_cat
                0x30001f54                pbuf_chain
                0x30001f88                pbuf_dechain
                0x30002030                pbuf_copy
                0x3000222c                pbuf_copy_partial
                0x300023b0                pbuf_take
                0x300024e8                pbuf_coalesce
 .text          0x3000257c      0x57c obj/raw.o
                0x3000257c                raw_input
                0x300026e0                raw_bind
                0x30002758                raw_connect
                0x300027d0                raw_recv
                0x3000280c                raw_sendto
                0x3000297c                raw_send
                0x300029bc                raw_remove
                0x30002a70                raw_new
 .text          0x30002af8        0x0 obj/stats.o
 .text          0x30002af8        0x0 obj/sys.o
 .text          0x30002af8     0x217c obj/tcp.o
                0x30002af8                tcp_tmr
                0x30002b48                tcp_close
                0x30002da8                tcp_abandon
                0x30002f30                tcp_bind
                0x30003380                tcp_listen_with_backlog
                0x3000357c                tcp_update_rcv_ann_wnd
                0x30003678                tcp_recved
                0x30003870                tcp_connect
                0x30003b24                tcp_slowtmr
                0x300041f8                tcp_fasttmr
                0x30004324                tcp_segs_free
                0x30004390                tcp_seg_free
                0x300043fc                tcp_setprio
                0x3000442c                tcp_recv_null
                0x30004650                tcp_alloc
                0x30004854                tcp_new
                0x30004878                tcp_arg
                0x300048a4                tcp_recv
                0x300048d0                tcp_sent
                0x300048fc                tcp_err
                0x30004928                tcp_accept
                0x30004954                tcp_poll
                0x30004994                tcp_pcb_purge
                0x30004a48                tcp_pcb_remove
                0x30004b84                tcp_next_iss
                0x30004bc8                tcp_eff_send_mss
                0x30004c40                tcp_debug_state_str
 .text          0x30004c74     0x342c obj/tcp_in.o
                0x30004c74                tcp_input
 .text          0x300080a0     0x26c4 obj/tcp_out.o
                0x300083bc                tcp_send_ctrl
                0x3000840c                tcp_write
                0x300084c8                tcp_enqueue
                0x3000918c                tcp_send_empty_ack
                0x300092dc                tcp_output
                0x30009cfc                tcp_rst
                0x3000a084                tcp_rexmit_rto
                0x3000a13c                tcp_rexmit
                0x3000a280                tcp_rexmit_fast
                0x3000a3a8                tcp_keepalive
                0x3000a4cc                tcp_zero_window_probe
 .text          0x3000a764      0xf50 obj/udp.o
                0x3000a764                udp_input
                0x3000adec                udp_send
                0x3000ae30                udp_sendto
                0x3000aec4                udp_sendto_if
                0x3000b214                udp_bind
                0x3000b3a8                udp_connect
                0x3000b4f4                udp_disconnect
                0x3000b570                udp_recv
                0x3000b5ac                udp_remove
                0x3000b660                udp_new
 .text          0x3000b6b4        0x0 obj/dhcp.o
 .text          0x3000b6b4      0x90c obj/icmp.o
                0x3000b6b4                icmp_input
                0x3000bdd0                icmp_dest_unreach
                0x3000be08                icmp_time_exceeded
 .text          0x3000bfc0      0xd78 obj/ip.o
                0x3000bfc0                ip_route
                0x3000c0d8                ip_input
                0x3000c6cc                ip_output_if
                0x3000cc94                ip_output
 .text          0x3000cd38      0x68c obj/inet.o
                0x3000cd38                inet_addr
                0x3000cd80                inet_aton
                0x3000d120                inet_ntoa
                0x3000d2b0                htons
                0x3000d310                ntohs
                0x3000d344                htonl
                0x3000d398                ntohl
 .text          0x3000d3c4      0x130 obj/ip_addr.o
                0x3000d3c4                ip_addr_isbroadcast
 .text          0x3000d4f4     0x15e8 obj/ip_frag.o
                0x3000d4f4                ip_reass_tmr
                0x3000e0dc                ip_reass
                0x3000e730                ip_frag
 .text          0x3000eadc      0x550 obj/inet_chksum.o
                0x3000ec10                inet_chksum_pseudo
                0x3000eeb8                inet_chksum
                0x3000ef00                inet_chksum_pbuf
 .text          0x3000f02c     0x17d0 obj/etharp.o
                0x3000f02c                etharp_tmr
                0x3000f86c                etharp_find_addr
                0x3000f928                etharp_ip_input
                0x3000f9e8                etharp_arp_input
                0x3000fe48                etharp_output
                0x300100e0                etharp_query
                0x3001064c                etharp_request
                0x300106c0                ethernet_input
 .text          0x300107fc      0x61c obj/ipproc.o
                0x300107fc                start_IPEntry
                0x300108bc                clear_IPAddr
                0x30010924                add_IPDigit
                0x30010adc                del_IPDigit
                0x30010c64                set_IP
                0x30010ce4                set_gateway
                0x30010d64                set_subnet
 .text          0x30010e18      0x3c8 obj/memproc.o
                0x30010e18                init_memory
                0x30010e8c                start_memLoc
                0x30010f24                clear_memLoc
                0x30010f70                add_memDigit
                0x30011014                del_memDigit
                0x30011090                save_mem
                0x30011128                recall_mem
 .text          0x300111e0      0x2bc obj/mainloop.o
                0x300111e0                main
 .text          0x3001149c      0x760 obj/buffers.o
                0x3001149c                init_buffers
                0x3001154c                reset_rx_buffer
                0x30011590                reset_tx_buffer
                0x300115d4                rx_available
                0x30011634                xmit_available
                0x300116a8                get_rx_next_ptr
                0x30011720                get_rx_buffer
                0x30011804                get_xmit_next_ptr
                0x3001187c                get_xmit_buffer
                0x30011904                tx_available
                0x30011968                rcv_available
                0x300119c8                get_tx_next_ptr
                0x30011a40                get_tx_buffer
                0x30011afc                get_rcv_next_ptr
                0x30011b74                get_rcv_buffer
 .text          0x30011bfc       0x90 obj/callproc.o
                0x30011bfc                do_answer
                0x30011c2c                do_call
                0x30011c5c                end_call
 .text          0x30011c8c      0x2f4 obj/ethernet.o
                0x30011c8c                init_networking
                0x30011d2c                ethernetif_init
                0x30011e38                ethernetif_input
                0x30011f0c                ethernetif_output
 .text          0x30011f80       0x60 obj/keyproc.o
                0x30011f80                no_action
                0x30011fac                reset_input
 .text          0x30011fe0      0x9e0 obj/tcpconn.o
                0x30011fe0                have_tcp_connection
                0x30012018                tcp_connection_status
                0x30012040                tcp_connection_init
                0x30012088                tcp_connection_restart
                0x300121e4                tcp_connection_connect
                0x30012288                tcp_connection_answer
                0x3001230c                tcp_connection_close
                0x30012384                tcp_connection_rx
                0x30012440                tcp_connection_tx
 .text          0x300129c0       0x48 obj/stubfncs.o
                0x300129c0                update_rx
                0x300129e4                update_tx
 .text          0x30012a08      0x8c4 obj/callutil.o
                0x30012a08                get_calling_IP
                0x30012a2c                get_calling_name
                0x30012a4c                set_calling_IP
                0x30012a78                set_calling_name
                0x30012b08                incoming_call
                0x30012b28                call_connected
                0x30012b58                initiate_outgoing
                0x30012b80                start_call
                0x30012bcc                connect_incoming
                0x30012c0c                process_call
                0x30012dec                disconnect_call
 .text          0x300132cc       0x20 obj/error.o
                0x300132cc                process_error
 .text          0x300132ec      0x148 C:\mgc\lib\gcc\arm-none-eabi\4.6.1\libgcc.a(_divsi3.o)
                0x300132ec                __divsi3
                0x300132ec                __aeabi_idiv
                0x30013414                __aeabi_idivmod
 .text          0x30013434        0x4 C:\mgc\lib\gcc\arm-none-eabi\4.6.1\libgcc.a(_dvmd_tls.o)
                0x30013434                __aeabi_idiv0
                0x30013434                __aeabi_ldiv0
 .text          0x30013438      0x1b4 C:\mgc\arm-none-eabi\lib\libc.a(lib_a-memcpy.o)
                0x30013438                memcpy
 .text          0x300135ec      0x10c C:\mgc\arm-none-eabi\lib\libc.a(lib_a-memset.o)
                0x300135ec                memset
                0x300136f8                __ecode = .
                0x300136f8                __rom_data_start = .
 *(.rodata)
 .rodata        0x300136f8       0x28 obj/memp.o
 .rodata        0x30013720       0x90 obj/tcp.o
                0x30013798                tcp_backoff
                0x300137a8                tcp_persist_backoff
 .rodata        0x300137b0        0x8 obj/ip_addr.o
                0x300137b0                ip_addr_any
                0x300137b4                ip_addr_broadcast
 .rodata        0x300137b8       0x10 obj/etharp.o
                0x300137b8                ethbroadcast
                0x300137c0                ethzero
 .rodata        0x300137c8        0x4 obj/ipproc.o
 .rodata        0x300137cc      0x3a4 obj/mainloop.o
 .rodata        0x30013b70        0xc obj/tcpconn.o
 .rodata        0x30013b7c      0x200 obj/callutil.o
 *(.rdata)
                0x30013d7c                __rom_data_end = .

.glue_7         0x30013d7c        0x0
 .glue_7        0x00000000        0x0 linker stubs

.glue_7t        0x30013d7c        0x0
 .glue_7t       0x00000000        0x0 linker stubs

.vfp11_veneer   0x30013d7c        0x0
 .vfp11_veneer  0x00000000        0x0 linker stubs

.v4_bx          0x30013d7c        0x0
 .v4_bx         0x00000000        0x0 linker stubs

.iplt           0x30013d7c        0x0
 .iplt          0x00000000        0x0 obj/crt0.o

.rel.dyn        0x30013d7c        0x0
 .rel.iplt      0x00000000        0x0 obj/crt0.o

.data           0x30013d7c       0x34
                0x30013d7c                __data_start = .
 *(.data)
 .data          0x30013d7c        0x0 obj/crt0.o
 .data          0x30013d7c        0x0 obj/mem.o
 .data          0x30013d7c        0x0 obj/memp.o
 .data          0x30013d7c        0x0 obj/netif.o
 .data          0x30013d7c        0x0 obj/pbuf.o
 .data          0x30013d7c        0x0 obj/raw.o
 .data          0x30013d7c        0x0 obj/stats.o
 .data          0x30013d7c        0x0 obj/sys.o
 .data          0x30013d7c       0x34 obj/tcp.o
                0x30013d7c                tcp_state_str
 .data          0x30013db0        0x0 obj/tcp_in.o
 .data          0x30013db0        0x0 obj/tcp_out.o
 .data          0x30013db0        0x0 obj/udp.o
 .data          0x30013db0        0x0 obj/dhcp.o
 .data          0x30013db0        0x0 obj/icmp.o
 .data          0x30013db0        0x0 obj/ip.o
 .data          0x30013db0        0x0 obj/inet.o
 .data          0x30013db0        0x0 obj/ip_addr.o
 .data          0x30013db0        0x0 obj/ip_frag.o
 .data          0x30013db0        0x0 obj/inet_chksum.o
 .data          0x30013db0        0x0 obj/etharp.o
 .data          0x30013db0        0x0 obj/ipproc.o
 .data          0x30013db0        0x0 obj/memproc.o
 .data          0x30013db0        0x0 obj/mainloop.o
 .data          0x30013db0        0x0 obj/buffers.o
 .data          0x30013db0        0x0 obj/callproc.o
 .data          0x30013db0        0x0 obj/ethernet.o
 .data          0x30013db0        0x0 obj/keyproc.o
 .data          0x30013db0        0x0 obj/tcpconn.o
 .data          0x30013db0        0x0 obj/stubfncs.o
 .data          0x30013db0        0x0 obj/callutil.o
 .data          0x30013db0        0x0 obj/error.o
 .data          0x30013db0        0x0 C:\mgc\lib\gcc\arm-none-eabi\4.6.1\libgcc.a(_divsi3.o)
 .data          0x30013db0        0x0 C:\mgc\lib\gcc\arm-none-eabi\4.6.1\libgcc.a(_dvmd_tls.o)
 .data          0x30013db0        0x0 C:\mgc\arm-none-eabi\lib\libc.a(lib_a-memcpy.o)
 .data          0x30013db0        0x0 C:\mgc\arm-none-eabi\lib\libc.a(lib_a-memset.o)
                0x30013db0                __edata = .

.igot.plt       0x30013db0        0x0
 .igot.plt      0x00000000        0x0 obj/crt0.o

.bss            0x30013db0     0x6144
                0x30013db0                __start_bss = .
 *(.bss)
 .bss           0x30013db0        0x0 obj/crt0.o
 .bss           0x30013db0     0x1924 obj/mem.o
 .bss           0x300156d4     0x3c3c obj/memp.o
 .bss           0x30019310        0x1 obj/netif.o
 .bss           0x30019311        0x0 obj/pbuf.o
 *fill*         0x30019311        0x3 00
 .bss           0x30019314        0x4 obj/raw.o
 .bss           0x30019318        0x0 obj/stats.o
 .bss           0x30019318        0x0 obj/sys.o
 .bss           0x30019318        0x1 obj/tcp.o
 *fill*         0x30019319        0x3 00
 .bss           0x3001931c       0x30 obj/tcp_in.o
 .bss           0x3001934c        0x0 obj/tcp_out.o
 .bss           0x3001934c        0x0 obj/udp.o
 .bss           0x3001934c        0x0 obj/dhcp.o
 .bss           0x3001934c        0x0 obj/icmp.o
 .bss           0x3001934c        0x2 obj/ip.o
 *fill*         0x3001934e        0x2 00
 .bss           0x30019350       0x10 obj/inet.o
 .bss           0x30019360        0x0 obj/ip_addr.o
 .bss           0x30019360      0x5e8 obj/ip_frag.o
 .bss           0x30019948        0x0 obj/inet_chksum.o
 .bss           0x30019948       0xa4 obj/etharp.o
 .bss           0x300199ec        0x8 obj/ipproc.o
 .bss           0x300199f4       0x8c obj/memproc.o
 .bss           0x30019a80        0x0 obj/mainloop.o
 .bss           0x30019a80       0xb8 obj/buffers.o
 .bss           0x30019b38        0x0 obj/callproc.o
 .bss           0x30019b38       0x30 obj/ethernet.o
 .bss           0x30019b68        0x0 obj/keyproc.o
 .bss           0x30019b68      0x210 obj/tcpconn.o
 .bss           0x30019d78        0x0 obj/stubfncs.o
 .bss           0x30019d78       0x34 obj/callutil.o
 .bss           0x30019dac        0x0 obj/error.o
 .bss           0x30019dac        0x0 C:\mgc\lib\gcc\arm-none-eabi\4.6.1\libgcc.a(_divsi3.o)
 .bss           0x30019dac        0x0 C:\mgc\lib\gcc\arm-none-eabi\4.6.1\libgcc.a(_dvmd_tls.o)
 .bss           0x30019dac        0x0 C:\mgc\arm-none-eabi\lib\libc.a(lib_a-memcpy.o)
 .bss           0x30019dac        0x0 C:\mgc\arm-none-eabi\lib\libc.a(lib_a-memset.o)
 *(COMMON)
 COMMON         0x30019dac        0x8 obj/netif.o
                0x30019dac                netif_list
                0x30019db0                netif_default
 COMMON         0x30019db4      0x116 obj/stats.o
                0x30019db4                lwip_stats
 *fill*         0x30019eca        0x2 00
 COMMON         0x30019ecc       0x18 obj/tcp.o
                0x30019ecc                tcp_active_pcbs
                0x30019ed0                tcp_ticks
                0x30019ed4                tcp_listen_pcbs
                0x30019ed8                tcp_tmp_pcb
                0x30019edc                tcp_bound_pcbs
                0x30019ee0                tcp_tw_pcbs
 COMMON         0x30019ee4        0x4 obj/tcp_in.o
                0x30019ee4                tcp_input_pcb
 COMMON         0x30019ee8        0x4 obj/udp.o
                0x30019ee8                udp_pcbs
 COMMON         0x30019eec        0x8 obj/ip.o
                0x30019eec                current_netif
                0x30019ef0                current_header
                0x30019ef4                __end_bss = .
OUTPUT(armvoip.elf elf32-littlearm)

.ARM.attributes
                0x00000000       0x28
 .ARM.attributes
                0x00000000       0x1c obj/crt0.o
 .ARM.attributes
                0x0000001c       0x31 obj/mem.o
 .ARM.attributes
                0x0000004d       0x31 obj/memp.o
 .ARM.attributes
                0x0000007e       0x31 obj/netif.o
 .ARM.attributes
                0x000000af       0x31 obj/pbuf.o
 .ARM.attributes
                0x000000e0       0x31 obj/raw.o
 .ARM.attributes
                0x00000111       0x31 obj/stats.o
 .ARM.attributes
                0x00000142       0x31 obj/sys.o
 .ARM.attributes
                0x00000173       0x31 obj/tcp.o
 .ARM.attributes
                0x000001a4       0x31 obj/tcp_in.o
 .ARM.attributes
                0x000001d5       0x31 obj/tcp_out.o
 .ARM.attributes
                0x00000206       0x31 obj/udp.o
 .ARM.attributes
                0x00000237       0x31 obj/dhcp.o
 .ARM.attributes
                0x00000268       0x31 obj/icmp.o
 .ARM.attributes
                0x00000299       0x31 obj/ip.o
 .ARM.attributes
                0x000002ca       0x31 obj/inet.o
 .ARM.attributes
                0x000002fb       0x31 obj/ip_addr.o
 .ARM.attributes
                0x0000032c       0x31 obj/ip_frag.o
 .ARM.attributes
                0x0000035d       0x31 obj/inet_chksum.o
 .ARM.attributes
                0x0000038e       0x31 obj/etharp.o
 .ARM.attributes
                0x000003bf       0x31 obj/ipproc.o
 .ARM.attributes
                0x000003f0       0x31 obj/memproc.o
 .ARM.attributes
                0x00000421       0x31 obj/mainloop.o
 .ARM.attributes
                0x00000452       0x31 obj/buffers.o
 .ARM.attributes
                0x00000483       0x31 obj/callproc.o
 .ARM.attributes
                0x000004b4       0x31 obj/ethernet.o
 .ARM.attributes
                0x000004e5       0x31 obj/keyproc.o
 .ARM.attributes
                0x00000516       0x31 obj/tcpconn.o
 .ARM.attributes
                0x00000547       0x31 obj/stubfncs.o
 .ARM.attributes
                0x00000578       0x31 obj/callutil.o
 .ARM.attributes
                0x000005a9       0x31 obj/error.o
 .ARM.attributes
                0x000005da       0x1a C:\mgc\lib\gcc\arm-none-eabi\4.6.1\libgcc.a(_divsi3.o)
 .ARM.attributes
                0x000005f4       0x18 C:\mgc\lib\gcc\arm-none-eabi\4.6.1\libgcc.a(_dvmd_tls.o)
 .ARM.attributes
                0x0000060c       0x32 C:\mgc\arm-none-eabi\lib\libc.a(lib_a-memcpy.o)
 .ARM.attributes
                0x0000063e       0x32 C:\mgc\arm-none-eabi\lib\libc.a(lib_a-memset.o)

.comment        0x00000000       0x30
 .comment       0x00000000       0x30 obj/mem.o
                                 0x31 (size before relaxing)
 .comment       0x00000000       0x31 obj/memp.o
 .comment       0x00000000       0x31 obj/netif.o
 .comment       0x00000000       0x31 obj/pbuf.o
 .comment       0x00000000       0x31 obj/raw.o
 .comment       0x00000000       0x31 obj/stats.o
 .comment       0x00000000       0x31 obj/sys.o
 .comment       0x00000000       0x31 obj/tcp.o
 .comment       0x00000000       0x31 obj/tcp_in.o
 .comment       0x00000000       0x31 obj/tcp_out.o
 .comment       0x00000000       0x31 obj/udp.o
 .comment       0x00000000       0x31 obj/dhcp.o
 .comment       0x00000000       0x31 obj/icmp.o
 .comment       0x00000000       0x31 obj/ip.o
 .comment       0x00000000       0x31 obj/inet.o
 .comment       0x00000000       0x31 obj/ip_addr.o
 .comment       0x00000000       0x31 obj/ip_frag.o
 .comment       0x00000000       0x31 obj/inet_chksum.o
 .comment       0x00000000       0x31 obj/etharp.o
 .comment       0x00000000       0x31 obj/ipproc.o
 .comment       0x00000000       0x31 obj/memproc.o
 .comment       0x00000000       0x31 obj/mainloop.o
 .comment       0x00000000       0x31 obj/buffers.o
 .comment       0x00000000       0x31 obj/callproc.o
 .comment       0x00000000       0x31 obj/ethernet.o
 .comment       0x00000000       0x31 obj/keyproc.o
 .comment       0x00000000       0x31 obj/tcpconn.o
 .comment       0x00000000       0x31 obj/stubfncs.o
 .comment       0x00000000       0x31 obj/callutil.o
 .comment       0x00000000       0x31 obj/error.o

.debug_line     0x00000000     0x363d
 .debug_line    0x00000000       0x4a obj/crt0.o
 .debug_line    0x0000004a      0x1ae obj/mem.o
 .debug_line    0x000001f8      0x136 obj/memp.o
 .debug_line    0x0000032e      0x1fb obj/netif.o
 .debug_line    0x00000529      0x2ee obj/pbuf.o
 .debug_line    0x00000817      0x1b9 obj/raw.o
 .debug_line    0x000009d0       0xa6 obj/stats.o
 .debug_line    0x00000a76       0x1d obj/sys.o
 .debug_line    0x00000a93      0x573 obj/tcp.o
 .debug_line    0x00001006      0x699 obj/tcp_in.o
 .debug_line    0x0000169f      0x491 obj/tcp_out.o
 .debug_line    0x00001b30      0x2e0 obj/udp.o
 .debug_line    0x00001e10       0x1d obj/dhcp.o
 .debug_line    0x00001e2d      0x1a2 obj/icmp.o
 .debug_line    0x00001fcf      0x25f obj/ip.o
 .debug_line    0x0000222e      0x195 obj/inet.o
 .debug_line    0x000023c3      0x106 obj/ip_addr.o
 .debug_line    0x000024c9      0x307 obj/ip_frag.o
 .debug_line    0x000027d0      0x147 obj/inet_chksum.o
 .debug_line    0x00002917      0x356 obj/etharp.o
 .debug_line    0x00002c6d      0x169 obj/ipproc.o
 .debug_line    0x00002dd6       0xc6 obj/memproc.o
 .debug_line    0x00002e9c       0xb1 obj/mainloop.o
 .debug_line    0x00002f4d      0x120 obj/buffers.o
 .debug_line    0x0000306d       0x64 obj/callproc.o
 .debug_line    0x000030d1      0x156 obj/ethernet.o
 .debug_line    0x00003227       0x5c obj/keyproc.o
 .debug_line    0x00003283      0x1f5 obj/tcpconn.o
 .debug_line    0x00003478       0x4b obj/stubfncs.o
 .debug_line    0x000034c3      0x128 obj/callutil.o
 .debug_line    0x000035eb       0x52 obj/error.o

.debug_info     0x00000000     0xbc99
 .debug_info    0x00000000       0x76 obj/crt0.o
 .debug_info    0x00000076      0x565 obj/mem.o
 .debug_info    0x000005db      0x42a obj/memp.o
 .debug_info    0x00000a05      0xbf8 obj/netif.o
 .debug_info    0x000015fd      0x6a8 obj/pbuf.o
 .debug_info    0x00001ca5      0x6d3 obj/raw.o
 .debug_info    0x00002378      0x28b obj/stats.o
 .debug_info    0x00002603       0x73 obj/sys.o
 .debug_info    0x00002676     0x14ba obj/tcp.o
 .debug_info    0x00003b30      0xedf obj/tcp_in.o
 .debug_info    0x00004a0f      0xf8c obj/tcp_out.o
 .debug_info    0x0000599b      0xaba obj/udp.o
 .debug_info    0x00006455       0x73 obj/dhcp.o
 .debug_info    0x000064c8      0x77b obj/icmp.o
 .debug_info    0x00006c43      0x7dd obj/ip.o
 .debug_info    0x00007420      0x2f8 obj/inet.o
 .debug_info    0x00007718      0x2ff obj/ip_addr.o
 .debug_info    0x00007a17      0xab0 obj/ip_frag.o
 .debug_info    0x000084c7      0x2b8 obj/inet_chksum.o
 .debug_info    0x0000877f      0xccc obj/etharp.o
 .debug_info    0x0000944b      0x641 obj/ipproc.o
 .debug_info    0x00009a8c      0x397 obj/memproc.o
 .debug_info    0x00009e23      0x3e1 obj/mainloop.o
 .debug_info    0x0000a204      0x3d3 obj/buffers.o
 .debug_info    0x0000a5d7      0x172 obj/callproc.o
 .debug_info    0x0000a749      0x44c obj/ethernet.o
 .debug_info    0x0000ab95      0x138 obj/keyproc.o
 .debug_info    0x0000accd      0xab3 obj/tcpconn.o
 .debug_info    0x0000b780       0xc9 obj/stubfncs.o
 .debug_info    0x0000b849      0x39b obj/callutil.o
 .debug_info    0x0000bbe4       0xb5 obj/error.o

.debug_abbrev   0x00000000     0x25c4
 .debug_abbrev  0x00000000       0x14 obj/crt0.o
 .debug_abbrev  0x00000014      0x17c obj/mem.o
 .debug_abbrev  0x00000190      0x147 obj/memp.o
 .debug_abbrev  0x000002d7      0x21d obj/netif.o
 .debug_abbrev  0x000004f4      0x161 obj/pbuf.o
 .debug_abbrev  0x00000655      0x186 obj/raw.o
 .debug_abbrev  0x000007db       0xac obj/stats.o
 .debug_abbrev  0x00000887       0x2a obj/sys.o
 .debug_abbrev  0x000008b1      0x29e obj/tcp.o
 .debug_abbrev  0x00000b4f      0x1f7 obj/tcp_in.o
 .debug_abbrev  0x00000d46      0x22c obj/tcp_out.o
 .debug_abbrev  0x00000f72      0x1c4 obj/udp.o
 .debug_abbrev  0x00001136       0x2a obj/dhcp.o
 .debug_abbrev  0x00001160      0x1b3 obj/icmp.o
 .debug_abbrev  0x00001313      0x18a obj/ip.o
 .debug_abbrev  0x0000149d      0x10b obj/inet.o
 .debug_abbrev  0x000015a8       0xe7 obj/ip_addr.o
 .debug_abbrev  0x0000168f      0x1e7 obj/ip_frag.o
 .debug_abbrev  0x00001876      0x133 obj/inet_chksum.o
 .debug_abbrev  0x000019a9      0x1d3 obj/etharp.o
 .debug_abbrev  0x00001b7c      0x140 obj/ipproc.o
 .debug_abbrev  0x00001cbc       0xd9 obj/memproc.o
 .debug_abbrev  0x00001d95       0xef obj/mainloop.o
 .debug_abbrev  0x00001e84       0xb7 obj/buffers.o
 .debug_abbrev  0x00001f3b       0x81 obj/callproc.o
 .debug_abbrev  0x00001fbc      0x168 obj/ethernet.o
 .debug_abbrev  0x00002124       0x81 obj/keyproc.o
 .debug_abbrev  0x000021a5      0x202 obj/tcpconn.o
 .debug_abbrev  0x000023a7       0x72 obj/stubfncs.o
 .debug_abbrev  0x00002419      0x15b obj/callutil.o
 .debug_abbrev  0x00002574       0x50 obj/error.o

.debug_aranges  0x00000000      0x380
 .debug_aranges
                0x00000000       0x20 obj/crt0.o
 .debug_aranges
                0x00000020       0x20 obj/mem.o
 .debug_aranges
                0x00000040       0x20 obj/memp.o
 .debug_aranges
                0x00000060       0x20 obj/netif.o
 .debug_aranges
                0x00000080       0x20 obj/pbuf.o
 .debug_aranges
                0x000000a0       0x20 obj/raw.o
 .debug_aranges
                0x000000c0       0x20 obj/tcp.o
 .debug_aranges
                0x000000e0       0x20 obj/tcp_in.o
 .debug_aranges
                0x00000100       0x20 obj/tcp_out.o
 .debug_aranges
                0x00000120       0x20 obj/udp.o
 .debug_aranges
                0x00000140       0x20 obj/icmp.o
 .debug_aranges
                0x00000160       0x20 obj/ip.o
 .debug_aranges
                0x00000180       0x20 obj/inet.o
 .debug_aranges
                0x000001a0       0x20 obj/ip_addr.o
 .debug_aranges
                0x000001c0       0x20 obj/ip_frag.o
 .debug_aranges
                0x000001e0       0x20 obj/inet_chksum.o
 .debug_aranges
                0x00000200       0x20 obj/etharp.o
 .debug_aranges
                0x00000220       0x20 obj/ipproc.o
 .debug_aranges
                0x00000240       0x20 obj/memproc.o
 .debug_aranges
                0x00000260       0x20 obj/mainloop.o
 .debug_aranges
                0x00000280       0x20 obj/buffers.o
 .debug_aranges
                0x000002a0       0x20 obj/callproc.o
 .debug_aranges
                0x000002c0       0x20 obj/ethernet.o
 .debug_aranges
                0x000002e0       0x20 obj/keyproc.o
 .debug_aranges
                0x00000300       0x20 obj/tcpconn.o
 .debug_aranges
                0x00000320       0x20 obj/stubfncs.o
 .debug_aranges
                0x00000340       0x20 obj/callutil.o
 .debug_aranges
                0x00000360       0x20 obj/error.o

.debug_loc      0x00000000     0x24c8
 .debug_loc     0x00000000      0x108 obj/mem.o
 .debug_loc     0x00000108       0x84 obj/memp.o
 .debug_loc     0x0000018c      0x1e4 obj/netif.o
 .debug_loc     0x00000370      0x23c obj/pbuf.o
 .debug_loc     0x000005ac      0x160 obj/raw.o
 .debug_loc     0x0000070c      0x554 obj/tcp.o
 .debug_loc     0x00000c60      0x108 obj/tcp_in.o
 .debug_loc     0x00000d68      0x23c obj/tcp_out.o
 .debug_loc     0x00000fa4      0x1b8 obj/udp.o
 .debug_loc     0x0000115c       0xb0 obj/icmp.o
 .debug_loc     0x0000120c       0xb0 obj/ip.o
 .debug_loc     0x000012bc      0x134 obj/inet.o
 .debug_loc     0x000013f0       0x2c obj/ip_addr.o
 .debug_loc     0x0000141c      0x160 obj/ip_frag.o
 .debug_loc     0x0000157c       0xb0 obj/inet_chksum.o
 .debug_loc     0x0000162c      0x210 obj/etharp.o
 .debug_loc     0x0000183c      0x160 obj/ipproc.o
 .debug_loc     0x0000199c      0x134 obj/memproc.o
 .debug_loc     0x00001ad0       0x58 obj/mainloop.o
 .debug_loc     0x00001b28      0x294 obj/buffers.o
 .debug_loc     0x00001dbc       0x84 obj/callproc.o
 .debug_loc     0x00001e40       0xb0 obj/ethernet.o
 .debug_loc     0x00001ef0       0x58 obj/keyproc.o
 .debug_loc     0x00001f48      0x294 obj/tcpconn.o
 .debug_loc     0x000021dc       0x58 obj/stubfncs.o
 .debug_loc     0x00002234      0x268 obj/callutil.o
 .debug_loc     0x0000249c       0x2c obj/error.o

.debug_str      0x00000000     0x20e9
 .debug_str     0x00000000      0x28a obj/mem.o
                                0x2e2 (size before relaxing)
 .debug_str     0x0000028a       0x6f obj/memp.o
                                0x29f (size before relaxing)
 .debug_str     0x000002f9      0x346 obj/netif.o
                                0x4f5 (size before relaxing)
 .debug_str     0x0000063f      0x1b5 obj/pbuf.o
                                0x390 (size before relaxing)
 .debug_str     0x000007f4       0xcc obj/raw.o
                                0x35e (size before relaxing)
 .debug_str     0x000008c0       0x20 obj/stats.o
                                0x231 (size before relaxing)
 .debug_str     0x000008e0       0x1e obj/sys.o
                                 0xf1 (size before relaxing)
 .debug_str     0x000008fe      0x28e obj/tcp.o
                                0x808 (size before relaxing)
 .debug_str     0x00000b8c      0x105 obj/tcp_in.o
                                0x69f (size before relaxing)
 .debug_str     0x00000c91      0x126 obj/tcp_out.o
                                0x690 (size before relaxing)
 .debug_str     0x00000db7      0x148 obj/udp.o
                                0x4e1 (size before relaxing)
 .debug_str     0x00000eff       0x1f obj/dhcp.o
                                 0xf2 (size before relaxing)
 .debug_str     0x00000f1e       0xba obj/icmp.o
                                0x3cc (size before relaxing)
 .debug_str     0x00000fd8       0x88 obj/ip.o
                                0x3e8 (size before relaxing)
 .debug_str     0x00001060       0x74 obj/inet.o
                                0x15d (size before relaxing)
 .debug_str     0x000010d4       0x57 obj/ip_addr.o
                                0x1c7 (size before relaxing)
 .debug_str     0x0000112b      0x1dd obj/ip_frag.o
                                0x55d (size before relaxing)
 .debug_str     0x00001308       0x8b obj/inet_chksum.o
                                0x1b4 (size before relaxing)
 .debug_str     0x00001393      0x27c obj/etharp.o
                                0x5b6 (size before relaxing)
 .debug_str     0x0000160f      0x3a8 obj/ipproc.o
                                0x523 (size before relaxing)
 .debug_str     0x000019b7       0x86 obj/memproc.o
                                0x465 (size before relaxing)
 .debug_str     0x00001a3d      0x14c obj/mainloop.o
                                0x414 (size before relaxing)
 .debug_str     0x00001b89      0x170 obj/buffers.o
                                0x24a (size before relaxing)
 .debug_str     0x00001cf9       0x32 obj/callproc.o
                                0x1bf (size before relaxing)
 .debug_str     0x00001d2b       0x67 obj/ethernet.o
                                0x288 (size before relaxing)
 .debug_str     0x00001d92       0x2c obj/keyproc.o
                                0x1b9 (size before relaxing)
 .debug_str     0x00001dbe      0x1b2 obj/tcpconn.o
                                0x695 (size before relaxing)
 .debug_str     0x00001f70       0x2b obj/stubfncs.o
                                 0xfe (size before relaxing)
 .debug_str     0x00001f9b      0x12c obj/callutil.o
                                0x28b (size before relaxing)
 .debug_str     0x000020c7       0x22 obj/error.o
                                0x1a1 (size before relaxing)

.debug_frame    0x00000000     0x1904
 .debug_frame   0x00000000       0xa8 obj/mem.o
 .debug_frame   0x000000a8       0x58 obj/memp.o
 .debug_frame   0x00000100      0x12c obj/netif.o
 .debug_frame   0x0000022c      0x16c obj/pbuf.o
 .debug_frame   0x00000398       0xe4 obj/raw.o
 .debug_frame   0x0000047c      0x344 obj/tcp.o
 .debug_frame   0x000007c0       0xd0 obj/tcp_in.o
 .debug_frame   0x00000890      0x19c obj/tcp_out.o
 .debug_frame   0x00000a2c      0x120 obj/udp.o
 .debug_frame   0x00000b4c       0x84 obj/icmp.o
 .debug_frame   0x00000bd0       0x88 obj/ip.o
 .debug_frame   0x00000c58       0xc8 obj/inet.o
 .debug_frame   0x00000d20       0x28 obj/ip_addr.o
 .debug_frame   0x00000d48       0xf8 obj/ip_frag.o
 .debug_frame   0x00000e40       0x80 obj/inet_chksum.o
 .debug_frame   0x00000ec0      0x168 obj/etharp.o
 .debug_frame   0x00001028       0xec obj/ipproc.o
 .debug_frame   0x00001114       0xd4 obj/memproc.o
 .debug_frame   0x000011e8       0x48 obj/mainloop.o
 .debug_frame   0x00001230      0x19c obj/buffers.o
 .debug_frame   0x000013cc       0x64 obj/callproc.o
 .debug_frame   0x00001430       0x80 obj/ethernet.o
 .debug_frame   0x000014b0       0x44 obj/keyproc.o
 .debug_frame   0x000014f4      0x1b0 obj/tcpconn.o
 .debug_frame   0x000016a4       0x40 obj/stubfncs.o
 .debug_frame   0x000016e4      0x184 obj/callutil.o
 .debug_frame   0x00001868       0x28 obj/error.o
 .debug_frame   0x00001890       0x20 C:\mgc\lib\gcc\arm-none-eabi\4.6.1\libgcc.a(_divsi3.o)
 .debug_frame   0x000018b0       0x2c C:\mgc\arm-none-eabi\lib\libc.a(lib_a-memcpy.o)
 .debug_frame   0x000018dc       0x28 C:\mgc\arm-none-eabi\lib\libc.a(lib_a-memset.o)

.debug_ranges   0x00000000       0x30
 .debug_ranges  0x00000000       0x18 obj/netif.o
 .debug_ranges  0x00000018       0x18 obj/icmp.o
