Archive member included because of file (symbol)

c:/mgc2/bin/../lib/gcc/arm-none-eabi/4.6.1\libgcc.a(_divsi3.o)
                              obj/tcp_in.o (__aeabi_idiv)
c:/mgc2/bin/../lib/gcc/arm-none-eabi/4.6.1\libgcc.a(_dvmd_tls.o)
                              c:/mgc2/bin/../lib/gcc/arm-none-eabi/4.6.1\libgcc.a(_divsi3.o) (__aeabi_idiv0)
c:/mgc2/bin/../lib/gcc/arm-none-eabi/4.6.1/../../../../arm-none-eabi/lib\libc.a(lib_a-memcpy.o)
                              obj/pbuf.o (memcpy)
c:/mgc2/bin/../lib/gcc/arm-none-eabi/4.6.1/../../../../arm-none-eabi/lib\libc.a(lib_a-memset.o)
                              obj/mem.o (memset)

Allocating common symbols
Common symbol       size              file

netif_list          0x4               obj/netif.o
tcp_active_pcbs     0x4               obj/tcp.o
udp_pcbs            0x4               obj/udp.o
current_netif       0x4               obj/ip.o
tcp_ticks           0x4               obj/tcp.o
tcp_listen_pcbs     0x4               obj/tcp.o
tcp_tmp_pcb         0x4               obj/tcp.o
tcp_input_pcb       0x4               obj/tcp_in.o
current_header      0x4               obj/ip.o
tcp_bound_pcbs      0x4               obj/tcp.o
tcp_tw_pcbs         0x4               obj/tcp.o
lwip_stats          0x116             obj/stats.o
netif_default       0x4               obj/netif.o

Memory Configuration

Name             Origin             Length             Attributes
int_ram          0x00200000         0x00004000         xrw
ext_ram          0x20000000         0x00020000         xrw
ext_rom          0x80000000         0x00080000         xr
*default*        0x00000000         0xffffffff

Linker script and memory map

LOAD c:/mgc2/bin/../lib/gcc/arm-none-eabi/4.6.1\libgcc.a
LOAD obj/crt0.o
LOAD obj/keypad.o
LOAD obj/display.o
LOAD obj/audio.o
LOAD obj/system.o
LOAD obj/pio.o
LOAD obj/mem.o
LOAD obj/memp.o
LOAD obj/netif.o
LOAD obj/pbuf.o
LOAD obj/raw.o
LOAD obj/stats.o
LOAD obj/sys.o
LOAD obj/tcp.o
LOAD obj/tcp_in.o
LOAD obj/tcp_out.o
LOAD obj/udp.o
LOAD obj/dhcp.o
LOAD obj/icmp.o
LOAD obj/ip.o
LOAD obj/inet.o
LOAD obj/ip_addr.o
LOAD obj/ip_frag.o
LOAD obj/inet_chksum.o
LOAD obj/etharp.o
LOAD obj/buffers.o
LOAD obj/callproc.o
LOAD obj/callutil.o
LOAD obj/displayrenderer.o
LOAD obj/error.o
LOAD obj/ethernet.o
LOAD obj/ipproc.o
LOAD obj/keyproc.o
LOAD obj/mainloop.o
LOAD obj/memproc.o
LOAD obj/stubfncs.o
LOAD obj/tcpconn.o
START GROUP
LOAD c:/mgc2/bin/../lib/gcc/arm-none-eabi/4.6.1\libgcc.a
LOAD c:/mgc2/bin/../lib/gcc/arm-none-eabi/4.6.1/../../../../arm-none-eabi/lib\libc.a
END GROUP

.text           0x20000000    0x1504c
 obj/crt0.o(.text)
 .text          0x20000000       0x40 obj/crt0.o
                0x20000000                low_level_init
 *(.text)
 .text          0x20000040      0x184 obj/keypad.o
                0x20000040                keypad_init
                0x20000098                key_available
                0x200000a8                getkey
 .text          0x200001c4      0x548 obj/display.o
                0x200001c4                display_init
                0x200002f4                display_memory_addr
                0x20000358                display_IP
                0x2000043c                display_status
                0x20000468                redraw
 .text          0x2000070c      0x228 obj/audio.o
                0x2000070c                audio_init
                0x200007a4                call_start
                0x200007ac                call_halt
                0x200007b4                update_rx
                0x200007e8                update_tx
                0x20000850                audioDemo
 .text          0x20000934      0x16c obj/system.o
                0x20000934                init_system
                0x20000990                elapsed_time
 .text          0x20000aa0       0xe4 obj/pio.o
                0x20000aa0                configPIOPin
 .text          0x20000b84      0xac8 obj/mem.o
                0x20000d10                mem_init
                0x20000df4                mem_free
                0x20000f24                mem_realloc
                0x20001260                mem_malloc
                0x200015d4                mem_calloc
 .text          0x2000164c      0x46c obj/memp.o
                0x2000164c                memp_init
                0x2000181c                memp_malloc
                0x200019f4                memp_free
 .text          0x20001ab8      0x68c obj/netif.o
                0x20001ab8                netif_add
                0x20001bb0                netif_set_addr
                0x20001bfc                netif_remove
                0x20001cdc                netif_find
                0x20001da4                netif_set_ipaddr
                0x20001f5c                netif_set_gw
                0x20001fc4                netif_set_netmask
                0x2000202c                netif_set_default
                0x20002058                netif_set_up
                0x200020c8                netif_set_down
                0x20002114                netif_is_up
 .text          0x20002144      0xf90 obj/pbuf.o
                0x20002144                pbuf_alloc
                0x200024e0                pbuf_realloc
                0x20002684                pbuf_header
                0x2000282c                pbuf_free
                0x20002960                pbuf_clen
                0x200029b4                pbuf_ref
                0x200029f8                pbuf_cat
                0x20002aac                pbuf_chain
                0x20002ae0                pbuf_dechain
                0x20002b88                pbuf_copy
                0x20002d84                pbuf_copy_partial
                0x20002f08                pbuf_take
                0x20003040                pbuf_coalesce
 .text          0x200030d4      0x57c obj/raw.o
                0x200030d4                raw_input
                0x20003238                raw_bind
                0x200032b0                raw_connect
                0x20003328                raw_recv
                0x20003364                raw_sendto
                0x200034d4                raw_send
                0x20003514                raw_remove
                0x200035c8                raw_new
 .text          0x20003650        0x0 obj/stats.o
 .text          0x20003650        0x0 obj/sys.o
 .text          0x20003650     0x217c obj/tcp.o
                0x20003650                tcp_tmr
                0x200036a0                tcp_close
                0x20003900                tcp_abandon
                0x20003a88                tcp_bind
                0x20003ed8                tcp_listen_with_backlog
                0x200040d4                tcp_update_rcv_ann_wnd
                0x200041d0                tcp_recved
                0x200043c8                tcp_connect
                0x2000467c                tcp_slowtmr
                0x20004d50                tcp_fasttmr
                0x20004e7c                tcp_segs_free
                0x20004ee8                tcp_seg_free
                0x20004f54                tcp_setprio
                0x20004f84                tcp_recv_null
                0x200051a8                tcp_alloc
                0x200053ac                tcp_new
                0x200053d0                tcp_arg
                0x200053fc                tcp_recv
                0x20005428                tcp_sent
                0x20005454                tcp_err
                0x20005480                tcp_accept
                0x200054ac                tcp_poll
                0x200054ec                tcp_pcb_purge
                0x200055a0                tcp_pcb_remove
                0x200056dc                tcp_next_iss
                0x20005720                tcp_eff_send_mss
                0x20005798                tcp_debug_state_str
 .text          0x200057cc     0x342c obj/tcp_in.o
                0x200057cc                tcp_input
 .text          0x20008bf8     0x26c4 obj/tcp_out.o
                0x20008f14                tcp_send_ctrl
                0x20008f64                tcp_write
                0x20009020                tcp_enqueue
                0x20009ce4                tcp_send_empty_ack
                0x20009e34                tcp_output
                0x2000a854                tcp_rst
                0x2000abdc                tcp_rexmit_rto
                0x2000ac94                tcp_rexmit
                0x2000add8                tcp_rexmit_fast
                0x2000af00                tcp_keepalive
                0x2000b024                tcp_zero_window_probe
 .text          0x2000b2bc      0xf50 obj/udp.o
                0x2000b2bc                udp_input
                0x2000b944                udp_send
                0x2000b988                udp_sendto
                0x2000ba1c                udp_sendto_if
                0x2000bd6c                udp_bind
                0x2000bf00                udp_connect
                0x2000c04c                udp_disconnect
                0x2000c0c8                udp_recv
                0x2000c104                udp_remove
                0x2000c1b8                udp_new
 .text          0x2000c20c        0x0 obj/dhcp.o
 .text          0x2000c20c      0x90c obj/icmp.o
                0x2000c20c                icmp_input
                0x2000c928                icmp_dest_unreach
                0x2000c960                icmp_time_exceeded
 .text          0x2000cb18      0xd78 obj/ip.o
                0x2000cb18                ip_route
                0x2000cc30                ip_input
                0x2000d224                ip_output_if
                0x2000d7ec                ip_output
 .text          0x2000d890      0x68c obj/inet.o
                0x2000d890                inet_addr
                0x2000d8d8                inet_aton
                0x2000dc78                inet_ntoa
                0x2000de08                htons
                0x2000de68                ntohs
                0x2000de9c                htonl
                0x2000def0                ntohl
 .text          0x2000df1c      0x130 obj/ip_addr.o
                0x2000df1c                ip_addr_isbroadcast
 .text          0x2000e04c     0x15e8 obj/ip_frag.o
                0x2000e04c                ip_reass_tmr
                0x2000ec34                ip_reass
                0x2000f288                ip_frag
 .text          0x2000f634      0x550 obj/inet_chksum.o
                0x2000f768                inet_chksum_pseudo
                0x2000fa10                inet_chksum
                0x2000fa58                inet_chksum_pbuf
 .text          0x2000fb84     0x17d0 obj/etharp.o
                0x2000fb84                etharp_tmr
                0x200103c4                etharp_find_addr
                0x20010480                etharp_ip_input
                0x20010540                etharp_arp_input
                0x200109a0                etharp_output
                0x20010c38                etharp_query
                0x200111a4                etharp_request
                0x20011218                ethernet_input
 .text          0x20011354      0x760 obj/buffers.o
                0x20011354                init_buffers
                0x20011404                reset_rx_buffer
                0x20011448                reset_tx_buffer
                0x2001148c                rx_available
                0x200114ec                xmit_available
                0x20011560                get_rx_next_ptr
                0x200115d8                get_rx_buffer
                0x200116bc                get_xmit_next_ptr
                0x20011734                get_xmit_buffer
                0x200117bc                tx_available
                0x20011820                rcv_available
                0x20011880                get_tx_next_ptr
                0x200118f8                get_tx_buffer
                0x200119b4                get_rcv_next_ptr
                0x20011a2c                get_rcv_buffer
 .text          0x20011ab4       0x90 obj/callproc.o
                0x20011ab4                do_answer
                0x20011ae4                do_call
                0x20011b14                end_call
 .text          0x20011b44      0x8c4 obj/callutil.o
                0x20011b44                get_calling_IP
                0x20011b68                get_calling_name
                0x20011b88                set_calling_IP
                0x20011bb4                set_calling_name
                0x20011c44                incoming_call
                0x20011c64                call_connected
                0x20011c94                initiate_outgoing
                0x20011cbc                start_call
                0x20011d08                connect_incoming
                0x20011d48                process_call
                0x20011f28                disconnect_call
 .text          0x20012408      0x224 obj/displayrenderer.o
                0x20012408                render_displaybuffer
                0x20012560                clear_displaybuffer
                0x200125c0                divide
                0x200125f4                mod
 .text          0x2001262c       0x20 obj/error.o
                0x2001262c                process_error
 .text          0x2001264c      0x2f4 obj/ethernet.o
                0x2001264c                init_networking
                0x200126ec                ethernetif_init
                0x200127f8                ethernetif_input
                0x200128cc                ethernetif_output
 .text          0x20012940      0x61c obj/ipproc.o
                0x20012940                start_IPEntry
                0x20012a00                clear_IPAddr
                0x20012a68                add_IPDigit
                0x20012c20                del_IPDigit
                0x20012da8                set_IP
                0x20012e28                set_gateway
                0x20012ea8                set_subnet
 .text          0x20012f5c       0x60 obj/keyproc.o
                0x20012f5c                no_action
                0x20012f88                reset_input
 .text          0x20012fbc      0x2bc obj/mainloop.o
                0x20012fbc                main
 .text          0x20013278      0x3c8 obj/memproc.o
                0x20013278                init_memory
                0x200132ec                start_memLoc
                0x20013384                clear_memLoc
                0x200133d0                add_memDigit
                0x20013474                del_memDigit
                0x200134f0                save_mem
                0x20013588                recall_mem
 .text          0x20013640       0x78 obj/stubfncs.o
                0x20013640                ether_init
                0x2001365c                ether_transmit
                0x20013680                ether_rx_available
                0x2001369c                ether_receive
 .text          0x200136b8      0xb84 obj/tcpconn.o
                0x200136b8                have_tcp_connection
                0x200136f0                tcp_connection_status
                0x20013718                tcp_connection_init
                0x20013760                tcp_connection_restart
                0x20013918                tcp_connection_connect
                0x200139bc                tcp_connection_answer
                0x20013a40                tcp_connection_close
                0x20013ab8                tcp_connection_rx
                0x20013b74                tcp_connection_tx
 .text          0x2001423c      0x148 c:/mgc2/bin/../lib/gcc/arm-none-eabi/4.6.1\libgcc.a(_divsi3.o)
                0x2001423c                __divsi3
                0x2001423c                __aeabi_idiv
                0x20014364                __aeabi_idivmod
 .text          0x20014384        0x4 c:/mgc2/bin/../lib/gcc/arm-none-eabi/4.6.1\libgcc.a(_dvmd_tls.o)
                0x20014384                __aeabi_idiv0
                0x20014384                __aeabi_ldiv0
 .text          0x20014388      0x1b4 c:/mgc2/bin/../lib/gcc/arm-none-eabi/4.6.1/../../../../arm-none-eabi/lib\libc.a(lib_a-memcpy.o)
                0x20014388                memcpy
 .text          0x2001453c      0x10c c:/mgc2/bin/../lib/gcc/arm-none-eabi/4.6.1/../../../../arm-none-eabi/lib\libc.a(lib_a-memset.o)
                0x2001453c                memset
                0x20014648                __ecode = .
                0x20014648                __rom_data_start = .
 *(.rodata)
 .rodata        0x20014648       0x28 obj/memp.o
 .rodata        0x20014670       0x90 obj/tcp.o
                0x200146e8                tcp_backoff
                0x200146f8                tcp_persist_backoff
 .rodata        0x20014700        0x8 obj/ip_addr.o
                0x20014700                ip_addr_any
                0x20014704                ip_addr_broadcast
 .rodata        0x20014708       0x10 obj/etharp.o
                0x20014708                ethbroadcast
                0x20014710                ethzero
 .rodata        0x20014718      0x200 obj/callutil.o
 .rodata        0x20014918      0x380 obj/displayrenderer.o
                0x20014918                ascii_char_patterns
 .rodata        0x20014c98        0x4 obj/ipproc.o
 .rodata        0x20014c9c      0x3a4 obj/mainloop.o
 .rodata        0x20015040        0xc obj/tcpconn.o
 *(.rdata)
                0x2001504c                __rom_data_end = .

.glue_7         0x2001504c        0x0
 .glue_7        0x00000000        0x0 linker stubs

.glue_7t        0x2001504c        0x0
 .glue_7t       0x00000000        0x0 linker stubs

.vfp11_veneer   0x2001504c        0x0
 .vfp11_veneer  0x00000000        0x0 linker stubs

.v4_bx          0x2001504c        0x0
 .v4_bx         0x00000000        0x0 linker stubs

.iplt           0x2001504c        0x0
 .iplt          0x00000000        0x0 obj/crt0.o

.rel.dyn        0x2001504c        0x0
 .rel.iplt      0x00000000        0x0 obj/crt0.o

.data           0x2001504c      0x908
                0x2001504c                __data_start = .
 *(.data)
 .data          0x2001504c        0x0 obj/crt0.o
 .data          0x2001504c       0xb0 obj/keypad.o
 .data          0x200150fc      0x314 obj/display.o
 .data          0x20015410      0x500 obj/audio.o
 .data          0x20015910       0x10 obj/system.o
 .data          0x20015920        0x0 obj/pio.o
 .data          0x20015920        0x0 obj/mem.o
 .data          0x20015920        0x0 obj/memp.o
 .data          0x20015920        0x0 obj/netif.o
 .data          0x20015920        0x0 obj/pbuf.o
 .data          0x20015920        0x0 obj/raw.o
 .data          0x20015920        0x0 obj/stats.o
 .data          0x20015920        0x0 obj/sys.o
 .data          0x20015920       0x34 obj/tcp.o
                0x20015920                tcp_state_str
 .data          0x20015954        0x0 obj/tcp_in.o
 .data          0x20015954        0x0 obj/tcp_out.o
 .data          0x20015954        0x0 obj/udp.o
 .data          0x20015954        0x0 obj/dhcp.o
 .data          0x20015954        0x0 obj/icmp.o
 .data          0x20015954        0x0 obj/ip.o
 .data          0x20015954        0x0 obj/inet.o
 .data          0x20015954        0x0 obj/ip_addr.o
 .data          0x20015954        0x0 obj/ip_frag.o
 .data          0x20015954        0x0 obj/inet_chksum.o
 .data          0x20015954        0x0 obj/etharp.o
 .data          0x20015954        0x0 obj/buffers.o
 .data          0x20015954        0x0 obj/callproc.o
 .data          0x20015954        0x0 obj/callutil.o
 .data          0x20015954        0x0 obj/displayrenderer.o
 .data          0x20015954        0x0 obj/error.o
 .data          0x20015954        0x0 obj/ethernet.o
 .data          0x20015954        0x0 obj/ipproc.o
 .data          0x20015954        0x0 obj/keyproc.o
 .data          0x20015954        0x0 obj/mainloop.o
 .data          0x20015954        0x0 obj/memproc.o
 .data          0x20015954        0x0 obj/stubfncs.o
 .data          0x20015954        0x0 obj/tcpconn.o
 .data          0x20015954        0x0 c:/mgc2/bin/../lib/gcc/arm-none-eabi/4.6.1\libgcc.a(_divsi3.o)
 .data          0x20015954        0x0 c:/mgc2/bin/../lib/gcc/arm-none-eabi/4.6.1\libgcc.a(_dvmd_tls.o)
 .data          0x20015954        0x0 c:/mgc2/bin/../lib/gcc/arm-none-eabi/4.6.1/../../../../arm-none-eabi/lib\libc.a(lib_a-memcpy.o)
 .data          0x20015954        0x0 c:/mgc2/bin/../lib/gcc/arm-none-eabi/4.6.1/../../../../arm-none-eabi/lib\libc.a(lib_a-memset.o)
                0x20015954                __edata = .

.igot.plt       0x20015954        0x0
 .igot.plt      0x00000000        0x0 obj/crt0.o

.bss            0x20015954     0x6144
                0x20015954                __start_bss = .
 *(.bss)
 .bss           0x20015954        0x0 obj/crt0.o
 .bss           0x20015954        0x0 obj/keypad.o
 .bss           0x20015954        0x0 obj/display.o
 .bss           0x20015954        0x0 obj/audio.o
 .bss           0x20015954        0x0 obj/system.o
 .bss           0x20015954        0x0 obj/pio.o
 .bss           0x20015954     0x1924 obj/mem.o
 .bss           0x20017278     0x3c3c obj/memp.o
 .bss           0x2001aeb4        0x1 obj/netif.o
 .bss           0x2001aeb5        0x0 obj/pbuf.o
 *fill*         0x2001aeb5        0x3 00
 .bss           0x2001aeb8        0x4 obj/raw.o
 .bss           0x2001aebc        0x0 obj/stats.o
 .bss           0x2001aebc        0x0 obj/sys.o
 .bss           0x2001aebc        0x1 obj/tcp.o
 *fill*         0x2001aebd        0x3 00
 .bss           0x2001aec0       0x30 obj/tcp_in.o
 .bss           0x2001aef0        0x0 obj/tcp_out.o
 .bss           0x2001aef0        0x0 obj/udp.o
 .bss           0x2001aef0        0x0 obj/dhcp.o
 .bss           0x2001aef0        0x0 obj/icmp.o
 .bss           0x2001aef0        0x2 obj/ip.o
 *fill*         0x2001aef2        0x2 00
 .bss           0x2001aef4       0x10 obj/inet.o
 .bss           0x2001af04        0x0 obj/ip_addr.o
 .bss           0x2001af04      0x5e8 obj/ip_frag.o
 .bss           0x2001b4ec        0x0 obj/inet_chksum.o
 .bss           0x2001b4ec       0xa4 obj/etharp.o
 .bss           0x2001b590       0xb8 obj/buffers.o
 .bss           0x2001b648        0x0 obj/callproc.o
 .bss           0x2001b648       0x34 obj/callutil.o
 .bss           0x2001b67c        0x0 obj/displayrenderer.o
 .bss           0x2001b67c        0x0 obj/error.o
 .bss           0x2001b67c       0x30 obj/ethernet.o
 .bss           0x2001b6ac        0x8 obj/ipproc.o
 .bss           0x2001b6b4        0x0 obj/keyproc.o
 .bss           0x2001b6b4        0x0 obj/mainloop.o
 .bss           0x2001b6b4       0x8c obj/memproc.o
 .bss           0x2001b740        0x0 obj/stubfncs.o
 .bss           0x2001b740      0x210 obj/tcpconn.o
 .bss           0x2001b950        0x0 c:/mgc2/bin/../lib/gcc/arm-none-eabi/4.6.1\libgcc.a(_divsi3.o)
 .bss           0x2001b950        0x0 c:/mgc2/bin/../lib/gcc/arm-none-eabi/4.6.1\libgcc.a(_dvmd_tls.o)
 .bss           0x2001b950        0x0 c:/mgc2/bin/../lib/gcc/arm-none-eabi/4.6.1/../../../../arm-none-eabi/lib\libc.a(lib_a-memcpy.o)
 .bss           0x2001b950        0x0 c:/mgc2/bin/../lib/gcc/arm-none-eabi/4.6.1/../../../../arm-none-eabi/lib\libc.a(lib_a-memset.o)
 *(COMMON)
 COMMON         0x2001b950        0x8 obj/netif.o
                0x2001b950                netif_list
                0x2001b954                netif_default
 COMMON         0x2001b958      0x116 obj/stats.o
                0x2001b958                lwip_stats
 *fill*         0x2001ba6e        0x2 00
 COMMON         0x2001ba70       0x18 obj/tcp.o
                0x2001ba70                tcp_active_pcbs
                0x2001ba74                tcp_ticks
                0x2001ba78                tcp_listen_pcbs
                0x2001ba7c                tcp_tmp_pcb
                0x2001ba80                tcp_bound_pcbs
                0x2001ba84                tcp_tw_pcbs
 COMMON         0x2001ba88        0x4 obj/tcp_in.o
                0x2001ba88                tcp_input_pcb
 COMMON         0x2001ba8c        0x4 obj/udp.o
                0x2001ba8c                udp_pcbs
 COMMON         0x2001ba90        0x8 obj/ip.o
                0x2001ba90                current_netif
                0x2001ba94                current_header
                0x2001ba98                __end_bss = .
OUTPUT(armvoip.elf elf32-littlearm)

.ARM.attributes
                0x00000000       0x28
 .ARM.attributes
                0x00000000       0x1c obj/crt0.o
 .ARM.attributes
                0x0000001c       0x1c obj/keypad.o
 .ARM.attributes
                0x00000038       0x1c obj/display.o
 .ARM.attributes
                0x00000054       0x1c obj/audio.o
 .ARM.attributes
                0x00000070       0x1c obj/system.o
 .ARM.attributes
                0x0000008c       0x1c obj/pio.o
 .ARM.attributes
                0x000000a8       0x31 obj/mem.o
 .ARM.attributes
                0x000000d9       0x31 obj/memp.o
 .ARM.attributes
                0x0000010a       0x31 obj/netif.o
 .ARM.attributes
                0x0000013b       0x31 obj/pbuf.o
 .ARM.attributes
                0x0000016c       0x31 obj/raw.o
 .ARM.attributes
                0x0000019d       0x31 obj/stats.o
 .ARM.attributes
                0x000001ce       0x31 obj/sys.o
 .ARM.attributes
                0x000001ff       0x31 obj/tcp.o
 .ARM.attributes
                0x00000230       0x31 obj/tcp_in.o
 .ARM.attributes
                0x00000261       0x31 obj/tcp_out.o
 .ARM.attributes
                0x00000292       0x31 obj/udp.o
 .ARM.attributes
                0x000002c3       0x31 obj/dhcp.o
 .ARM.attributes
                0x000002f4       0x31 obj/icmp.o
 .ARM.attributes
                0x00000325       0x31 obj/ip.o
 .ARM.attributes
                0x00000356       0x31 obj/inet.o
 .ARM.attributes
                0x00000387       0x31 obj/ip_addr.o
 .ARM.attributes
                0x000003b8       0x31 obj/ip_frag.o
 .ARM.attributes
                0x000003e9       0x31 obj/inet_chksum.o
 .ARM.attributes
                0x0000041a       0x31 obj/etharp.o
 .ARM.attributes
                0x0000044b       0x31 obj/buffers.o
 .ARM.attributes
                0x0000047c       0x31 obj/callproc.o
 .ARM.attributes
                0x000004ad       0x31 obj/callutil.o
 .ARM.attributes
                0x000004de       0x31 obj/displayrenderer.o
 .ARM.attributes
                0x0000050f       0x31 obj/error.o
 .ARM.attributes
                0x00000540       0x31 obj/ethernet.o
 .ARM.attributes
                0x00000571       0x31 obj/ipproc.o
 .ARM.attributes
                0x000005a2       0x31 obj/keyproc.o
 .ARM.attributes
                0x000005d3       0x31 obj/mainloop.o
 .ARM.attributes
                0x00000604       0x31 obj/memproc.o
 .ARM.attributes
                0x00000635       0x31 obj/stubfncs.o
 .ARM.attributes
                0x00000666       0x31 obj/tcpconn.o
 .ARM.attributes
                0x00000697       0x1a c:/mgc2/bin/../lib/gcc/arm-none-eabi/4.6.1\libgcc.a(_divsi3.o)
 .ARM.attributes
                0x000006b1       0x18 c:/mgc2/bin/../lib/gcc/arm-none-eabi/4.6.1\libgcc.a(_dvmd_tls.o)
 .ARM.attributes
                0x000006c9       0x32 c:/mgc2/bin/../lib/gcc/arm-none-eabi/4.6.1/../../../../arm-none-eabi/lib\libc.a(lib_a-memcpy.o)
 .ARM.attributes
                0x000006fb       0x32 c:/mgc2/bin/../lib/gcc/arm-none-eabi/4.6.1/../../../../arm-none-eabi/lib\libc.a(lib_a-memset.o)

.comment        0x00000000       0x30
 .comment       0x00000000       0x30 obj/mem.o
                                 0x31 (size before relaxing)
 .comment       0x00000000       0x31 obj/memp.o
 .comment       0x00000000       0x31 obj/netif.o
 .comment       0x00000000       0x31 obj/pbuf.o
 .comment       0x00000000       0x31 obj/raw.o
 .comment       0x00000000       0x31 obj/stats.o
 .comment       0x00000000       0x31 obj/sys.o
 .comment       0x00000000       0x31 obj/tcp.o
 .comment       0x00000000       0x31 obj/tcp_in.o
 .comment       0x00000000       0x31 obj/tcp_out.o
 .comment       0x00000000       0x31 obj/udp.o
 .comment       0x00000000       0x31 obj/dhcp.o
 .comment       0x00000000       0x31 obj/icmp.o
 .comment       0x00000000       0x31 obj/ip.o
 .comment       0x00000000       0x31 obj/inet.o
 .comment       0x00000000       0x31 obj/ip_addr.o
 .comment       0x00000000       0x31 obj/ip_frag.o
 .comment       0x00000000       0x31 obj/inet_chksum.o
 .comment       0x00000000       0x31 obj/etharp.o
 .comment       0x00000000       0x31 obj/buffers.o
 .comment       0x00000000       0x31 obj/callproc.o
 .comment       0x00000000       0x31 obj/callutil.o
 .comment       0x00000000       0x31 obj/displayrenderer.o
 .comment       0x00000000       0x31 obj/error.o
 .comment       0x00000000       0x31 obj/ethernet.o
 .comment       0x00000000       0x31 obj/ipproc.o
 .comment       0x00000000       0x31 obj/keyproc.o
 .comment       0x00000000       0x31 obj/mainloop.o
 .comment       0x00000000       0x31 obj/memproc.o
 .comment       0x00000000       0x31 obj/stubfncs.o
 .comment       0x00000000       0x31 obj/tcpconn.o

.debug_line     0x00000000     0x3af2
 .debug_line    0x00000000       0x4f obj/crt0.o
 .debug_line    0x0000004f       0x91 obj/keypad.o
 .debug_line    0x000000e0      0x171 obj/display.o
 .debug_line    0x00000251       0xb1 obj/audio.o
 .debug_line    0x00000302       0x8d obj/system.o
 .debug_line    0x0000038f       0x78 obj/pio.o
 .debug_line    0x00000407      0x1ae obj/mem.o
 .debug_line    0x000005b5      0x136 obj/memp.o
 .debug_line    0x000006eb      0x1fb obj/netif.o
 .debug_line    0x000008e6      0x2ee obj/pbuf.o
 .debug_line    0x00000bd4      0x1b9 obj/raw.o
 .debug_line    0x00000d8d       0xa6 obj/stats.o
 .debug_line    0x00000e33       0x1d obj/sys.o
 .debug_line    0x00000e50      0x573 obj/tcp.o
 .debug_line    0x000013c3      0x699 obj/tcp_in.o
 .debug_line    0x00001a5c      0x491 obj/tcp_out.o
 .debug_line    0x00001eed      0x2e0 obj/udp.o
 .debug_line    0x000021cd       0x1d obj/dhcp.o
 .debug_line    0x000021ea      0x1a2 obj/icmp.o
 .debug_line    0x0000238c      0x25f obj/ip.o
 .debug_line    0x000025eb      0x195 obj/inet.o
 .debug_line    0x00002780      0x106 obj/ip_addr.o
 .debug_line    0x00002886      0x307 obj/ip_frag.o
 .debug_line    0x00002b8d      0x147 obj/inet_chksum.o
 .debug_line    0x00002cd4      0x356 obj/etharp.o
 .debug_line    0x0000302a      0x120 obj/buffers.o
 .debug_line    0x0000314a       0x64 obj/callproc.o
 .debug_line    0x000031ae      0x128 obj/callutil.o
 .debug_line    0x000032d6       0x88 obj/displayrenderer.o
 .debug_line    0x0000335e       0x52 obj/error.o
 .debug_line    0x000033b0      0x156 obj/ethernet.o
 .debug_line    0x00003506      0x169 obj/ipproc.o
 .debug_line    0x0000366f       0x5c obj/keyproc.o
 .debug_line    0x000036cb       0xb1 obj/mainloop.o
 .debug_line    0x0000377c       0xc6 obj/memproc.o
 .debug_line    0x00003842       0xa4 obj/stubfncs.o
 .debug_line    0x000038e6      0x20c obj/tcpconn.o

.debug_info     0x00000000     0xc1f5
 .debug_info    0x00000000       0x76 obj/crt0.o
 .debug_info    0x00000076       0x78 obj/keypad.o
 .debug_info    0x000000ee       0x79 obj/display.o
 .debug_info    0x00000167       0x77 obj/audio.o
 .debug_info    0x000001de       0x78 obj/system.o
 .debug_info    0x00000256       0x75 obj/pio.o
 .debug_info    0x000002cb      0x565 obj/mem.o
 .debug_info    0x00000830      0x42a obj/memp.o
 .debug_info    0x00000c5a      0xbf8 obj/netif.o
 .debug_info    0x00001852      0x6a8 obj/pbuf.o
 .debug_info    0x00001efa      0x6d3 obj/raw.o
 .debug_info    0x000025cd      0x28b obj/stats.o
 .debug_info    0x00002858       0x73 obj/sys.o
 .debug_info    0x000028cb     0x14ba obj/tcp.o
 .debug_info    0x00003d85      0xedf obj/tcp_in.o
 .debug_info    0x00004c64      0xf8c obj/tcp_out.o
 .debug_info    0x00005bf0      0xaba obj/udp.o
 .debug_info    0x000066aa       0x73 obj/dhcp.o
 .debug_info    0x0000671d      0x77b obj/icmp.o
 .debug_info    0x00006e98      0x7dd obj/ip.o
 .debug_info    0x00007675      0x2f8 obj/inet.o
 .debug_info    0x0000796d      0x2ff obj/ip_addr.o
 .debug_info    0x00007c6c      0xab0 obj/ip_frag.o
 .debug_info    0x0000871c      0x2b8 obj/inet_chksum.o
 .debug_info    0x000089d4      0xccc obj/etharp.o
 .debug_info    0x000096a0      0x3d3 obj/buffers.o
 .debug_info    0x00009a73      0x172 obj/callproc.o
 .debug_info    0x00009be5      0x39b obj/callutil.o
 .debug_info    0x00009f80      0x1bc obj/displayrenderer.o
 .debug_info    0x0000a13c       0xbb obj/error.o
 .debug_info    0x0000a1f7      0x44c obj/ethernet.o
 .debug_info    0x0000a643      0x647 obj/ipproc.o
 .debug_info    0x0000ac8a      0x138 obj/keyproc.o
 .debug_info    0x0000adc2      0x3e1 obj/mainloop.o
 .debug_info    0x0000b1a3      0x39d obj/memproc.o
 .debug_info    0x0000b540      0x175 obj/stubfncs.o
 .debug_info    0x0000b6b5      0xb40 obj/tcpconn.o

.debug_abbrev   0x00000000     0x2763
 .debug_abbrev  0x00000000       0x14 obj/crt0.o
 .debug_abbrev  0x00000014       0x14 obj/keypad.o
 .debug_abbrev  0x00000028       0x14 obj/display.o
 .debug_abbrev  0x0000003c       0x14 obj/audio.o
 .debug_abbrev  0x00000050       0x14 obj/system.o
 .debug_abbrev  0x00000064       0x14 obj/pio.o
 .debug_abbrev  0x00000078      0x17c obj/mem.o
 .debug_abbrev  0x000001f4      0x147 obj/memp.o
 .debug_abbrev  0x0000033b      0x21d obj/netif.o
 .debug_abbrev  0x00000558      0x161 obj/pbuf.o
 .debug_abbrev  0x000006b9      0x186 obj/raw.o
 .debug_abbrev  0x0000083f       0xac obj/stats.o
 .debug_abbrev  0x000008eb       0x2a obj/sys.o
 .debug_abbrev  0x00000915      0x29e obj/tcp.o
 .debug_abbrev  0x00000bb3      0x1f7 obj/tcp_in.o
 .debug_abbrev  0x00000daa      0x22c obj/tcp_out.o
 .debug_abbrev  0x00000fd6      0x1c4 obj/udp.o
 .debug_abbrev  0x0000119a       0x2a obj/dhcp.o
 .debug_abbrev  0x000011c4      0x1b3 obj/icmp.o
 .debug_abbrev  0x00001377      0x18a obj/ip.o
 .debug_abbrev  0x00001501      0x10b obj/inet.o
 .debug_abbrev  0x0000160c       0xe7 obj/ip_addr.o
 .debug_abbrev  0x000016f3      0x1e7 obj/ip_frag.o
 .debug_abbrev  0x000018da      0x133 obj/inet_chksum.o
 .debug_abbrev  0x00001a0d      0x1d3 obj/etharp.o
 .debug_abbrev  0x00001be0       0xb7 obj/buffers.o
 .debug_abbrev  0x00001c97       0x81 obj/callproc.o
 .debug_abbrev  0x00001d18      0x15b obj/callutil.o
 .debug_abbrev  0x00001e73       0xfa obj/displayrenderer.o
 .debug_abbrev  0x00001f6d       0x50 obj/error.o
 .debug_abbrev  0x00001fbd      0x168 obj/ethernet.o
 .debug_abbrev  0x00002125      0x140 obj/ipproc.o
 .debug_abbrev  0x00002265       0x81 obj/keyproc.o
 .debug_abbrev  0x000022e6       0xef obj/mainloop.o
 .debug_abbrev  0x000023d5       0xd9 obj/memproc.o
 .debug_abbrev  0x000024ae       0xb3 obj/stubfncs.o
 .debug_abbrev  0x00002561      0x202 obj/tcpconn.o

.debug_aranges  0x00000000      0x440
 .debug_aranges
                0x00000000       0x20 obj/crt0.o
 .debug_aranges
                0x00000020       0x20 obj/keypad.o
 .debug_aranges
                0x00000040       0x20 obj/display.o
 .debug_aranges
                0x00000060       0x20 obj/audio.o
 .debug_aranges
                0x00000080       0x20 obj/system.o
 .debug_aranges
                0x000000a0       0x20 obj/pio.o
 .debug_aranges
                0x000000c0       0x20 obj/mem.o
 .debug_aranges
                0x000000e0       0x20 obj/memp.o
 .debug_aranges
                0x00000100       0x20 obj/netif.o
 .debug_aranges
                0x00000120       0x20 obj/pbuf.o
 .debug_aranges
                0x00000140       0x20 obj/raw.o
 .debug_aranges
                0x00000160       0x20 obj/tcp.o
 .debug_aranges
                0x00000180       0x20 obj/tcp_in.o
 .debug_aranges
                0x000001a0       0x20 obj/tcp_out.o
 .debug_aranges
                0x000001c0       0x20 obj/udp.o
 .debug_aranges
                0x000001e0       0x20 obj/icmp.o
 .debug_aranges
                0x00000200       0x20 obj/ip.o
 .debug_aranges
                0x00000220       0x20 obj/inet.o
 .debug_aranges
                0x00000240       0x20 obj/ip_addr.o
 .debug_aranges
                0x00000260       0x20 obj/ip_frag.o
 .debug_aranges
                0x00000280       0x20 obj/inet_chksum.o
 .debug_aranges
                0x000002a0       0x20 obj/etharp.o
 .debug_aranges
                0x000002c0       0x20 obj/buffers.o
 .debug_aranges
                0x000002e0       0x20 obj/callproc.o
 .debug_aranges
                0x00000300       0x20 obj/callutil.o
 .debug_aranges
                0x00000320       0x20 obj/displayrenderer.o
 .debug_aranges
                0x00000340       0x20 obj/error.o
 .debug_aranges
                0x00000360       0x20 obj/ethernet.o
 .debug_aranges
                0x00000380       0x20 obj/ipproc.o
 .debug_aranges
                0x000003a0       0x20 obj/keyproc.o
 .debug_aranges
                0x000003c0       0x20 obj/mainloop.o
 .debug_aranges
                0x000003e0       0x20 obj/memproc.o
 .debug_aranges
                0x00000400       0x20 obj/stubfncs.o
 .debug_aranges
                0x00000420       0x20 obj/tcpconn.o

.debug_loc      0x00000000     0x25fc
 .debug_loc     0x00000000      0x108 obj/mem.o
 .debug_loc     0x00000108       0x84 obj/memp.o
 .debug_loc     0x0000018c      0x1e4 obj/netif.o
 .debug_loc     0x00000370      0x23c obj/pbuf.o
 .debug_loc     0x000005ac      0x160 obj/raw.o
 .debug_loc     0x0000070c      0x554 obj/tcp.o
 .debug_loc     0x00000c60      0x108 obj/tcp_in.o
 .debug_loc     0x00000d68      0x23c obj/tcp_out.o
 .debug_loc     0x00000fa4      0x1b8 obj/udp.o
 .debug_loc     0x0000115c       0xb0 obj/icmp.o
 .debug_loc     0x0000120c       0xb0 obj/ip.o
 .debug_loc     0x000012bc      0x134 obj/inet.o
 .debug_loc     0x000013f0       0x2c obj/ip_addr.o
 .debug_loc     0x0000141c      0x160 obj/ip_frag.o
 .debug_loc     0x0000157c       0xb0 obj/inet_chksum.o
 .debug_loc     0x0000162c      0x210 obj/etharp.o
 .debug_loc     0x0000183c      0x294 obj/buffers.o
 .debug_loc     0x00001ad0       0x84 obj/callproc.o
 .debug_loc     0x00001b54      0x268 obj/callutil.o
 .debug_loc     0x00001dbc       0xb0 obj/displayrenderer.o
 .debug_loc     0x00001e6c       0x2c obj/error.o
 .debug_loc     0x00001e98       0xb0 obj/ethernet.o
 .debug_loc     0x00001f48      0x160 obj/ipproc.o
 .debug_loc     0x000020a8       0x58 obj/keyproc.o
 .debug_loc     0x00002100       0x58 obj/mainloop.o
 .debug_loc     0x00002158      0x134 obj/memproc.o
 .debug_loc     0x0000228c       0xb0 obj/stubfncs.o
 .debug_loc     0x0000233c      0x2c0 obj/tcpconn.o

.debug_str      0x00000000     0x21aa
 .debug_str     0x00000000      0x28a obj/mem.o
                                0x2e2 (size before relaxing)
 .debug_str     0x0000028a       0x6f obj/memp.o
                                0x29f (size before relaxing)
 .debug_str     0x000002f9      0x346 obj/netif.o
                                0x4f5 (size before relaxing)
 .debug_str     0x0000063f      0x1b5 obj/pbuf.o
                                0x390 (size before relaxing)
 .debug_str     0x000007f4       0xcc obj/raw.o
                                0x35e (size before relaxing)
 .debug_str     0x000008c0       0x20 obj/stats.o
                                0x231 (size before relaxing)
 .debug_str     0x000008e0       0x1e obj/sys.o
                                 0xf1 (size before relaxing)
 .debug_str     0x000008fe      0x28e obj/tcp.o
                                0x808 (size before relaxing)
 .debug_str     0x00000b8c      0x105 obj/tcp_in.o
                                0x69f (size before relaxing)
 .debug_str     0x00000c91      0x126 obj/tcp_out.o
                                0x690 (size before relaxing)
 .debug_str     0x00000db7      0x148 obj/udp.o
                                0x4e1 (size before relaxing)
 .debug_str     0x00000eff       0x1f obj/dhcp.o
                                 0xf2 (size before relaxing)
 .debug_str     0x00000f1e       0xba obj/icmp.o
                                0x3cc (size before relaxing)
 .debug_str     0x00000fd8       0x88 obj/ip.o
                                0x3e8 (size before relaxing)
 .debug_str     0x00001060       0x74 obj/inet.o
                                0x15d (size before relaxing)
 .debug_str     0x000010d4       0x57 obj/ip_addr.o
                                0x1c7 (size before relaxing)
 .debug_str     0x0000112b      0x1dd obj/ip_frag.o
                                0x55d (size before relaxing)
 .debug_str     0x00001308       0x8b obj/inet_chksum.o
                                0x1b4 (size before relaxing)
 .debug_str     0x00001393      0x27c obj/etharp.o
                                0x5b6 (size before relaxing)
 .debug_str     0x0000160f      0x163 obj/buffers.o
                                0x24a (size before relaxing)
 .debug_str     0x00001772       0xe5 obj/callproc.o
                                0x1bf (size before relaxing)
 .debug_str     0x00001857      0x185 obj/callutil.o
                                0x28b (size before relaxing)
 .debug_str     0x000019dc       0x7e obj/displayrenderer.o
                                 0xf6 (size before relaxing)
 .debug_str     0x00001a5a      0x16c obj/error.o
                                0x1b6 (size before relaxing)
 .debug_str     0x00001bc6       0x67 obj/ethernet.o
                                0x288 (size before relaxing)
 .debug_str     0x00001c2d      0x1c0 obj/ipproc.o
                                0x538 (size before relaxing)
 .debug_str     0x00001ded       0x2c obj/keyproc.o
                                0x1b9 (size before relaxing)
 .debug_str     0x00001e19      0x14c obj/mainloop.o
                                0x414 (size before relaxing)
 .debug_str     0x00001f65       0x86 obj/memproc.o
                                0x47a (size before relaxing)
 .debug_str     0x00001feb       0x52 obj/stubfncs.o
                                0x155 (size before relaxing)
 .debug_str     0x0000203d      0x16d obj/tcpconn.o
                                0x6c3 (size before relaxing)

.debug_frame    0x00000000     0x19c8
 .debug_frame   0x00000000       0xa8 obj/mem.o
 .debug_frame   0x000000a8       0x58 obj/memp.o
 .debug_frame   0x00000100      0x12c obj/netif.o
 .debug_frame   0x0000022c      0x16c obj/pbuf.o
 .debug_frame   0x00000398       0xe4 obj/raw.o
 .debug_frame   0x0000047c      0x344 obj/tcp.o
 .debug_frame   0x000007c0       0xd0 obj/tcp_in.o
 .debug_frame   0x00000890      0x19c obj/tcp_out.o
 .debug_frame   0x00000a2c      0x120 obj/udp.o
 .debug_frame   0x00000b4c       0x84 obj/icmp.o
 .debug_frame   0x00000bd0       0x88 obj/ip.o
 .debug_frame   0x00000c58       0xc8 obj/inet.o
 .debug_frame   0x00000d20       0x28 obj/ip_addr.o
 .debug_frame   0x00000d48       0xf8 obj/ip_frag.o
 .debug_frame   0x00000e40       0x80 obj/inet_chksum.o
 .debug_frame   0x00000ec0      0x168 obj/etharp.o
 .debug_frame   0x00001028      0x19c obj/buffers.o
 .debug_frame   0x000011c4       0x64 obj/callproc.o
 .debug_frame   0x00001228      0x184 obj/callutil.o
 .debug_frame   0x000013ac       0x78 obj/displayrenderer.o
 .debug_frame   0x00001424       0x28 obj/error.o
 .debug_frame   0x0000144c       0x80 obj/ethernet.o
 .debug_frame   0x000014cc       0xec obj/ipproc.o
 .debug_frame   0x000015b8       0x44 obj/keyproc.o
 .debug_frame   0x000015fc       0x48 obj/mainloop.o
 .debug_frame   0x00001644       0xd4 obj/memproc.o
 .debug_frame   0x00001718       0x70 obj/stubfncs.o
 .debug_frame   0x00001788      0x1cc obj/tcpconn.o
 .debug_frame   0x00001954       0x20 c:/mgc2/bin/../lib/gcc/arm-none-eabi/4.6.1\libgcc.a(_divsi3.o)
 .debug_frame   0x00001974       0x2c c:/mgc2/bin/../lib/gcc/arm-none-eabi/4.6.1/../../../../arm-none-eabi/lib\libc.a(lib_a-memcpy.o)
 .debug_frame   0x000019a0       0x28 c:/mgc2/bin/../lib/gcc/arm-none-eabi/4.6.1/../../../../arm-none-eabi/lib\libc.a(lib_a-memset.o)

.debug_ranges   0x00000000       0x48
 .debug_ranges  0x00000000       0x18 obj/netif.o
 .debug_ranges  0x00000018       0x18 obj/icmp.o
 .debug_ranges  0x00000030       0x18 obj/displayrenderer.o
