Archive member included because of file (symbol)

c:/mgc2/bin/../lib/gcc/arm-none-eabi/4.6.1\libgcc.a(_divsi3.o)
                              obj/tcp_in.o (__aeabi_idiv)
c:/mgc2/bin/../lib/gcc/arm-none-eabi/4.6.1\libgcc.a(_dvmd_tls.o)
                              c:/mgc2/bin/../lib/gcc/arm-none-eabi/4.6.1\libgcc.a(_divsi3.o) (__aeabi_idiv0)
c:/mgc2/bin/../lib/gcc/arm-none-eabi/4.6.1/../../../../arm-none-eabi/lib\libc.a(lib_a-memcpy.o)
                              obj/pbuf.o (memcpy)
c:/mgc2/bin/../lib/gcc/arm-none-eabi/4.6.1/../../../../arm-none-eabi/lib\libc.a(lib_a-memset.o)
                              obj/mem.o (memset)

Allocating common symbols
Common symbol       size              file

netif_list          0x4               obj/netif.o
tcp_active_pcbs     0x4               obj/tcp.o
udp_pcbs            0x4               obj/udp.o
current_netif       0x4               obj/ip.o
tcp_ticks           0x4               obj/tcp.o
tcp_listen_pcbs     0x4               obj/tcp.o
tcp_tmp_pcb         0x4               obj/tcp.o
tcp_input_pcb       0x4               obj/tcp_in.o
current_header      0x4               obj/ip.o
tcp_bound_pcbs      0x4               obj/tcp.o
tcp_tw_pcbs         0x4               obj/tcp.o
lwip_stats          0x116             obj/stats.o
netif_default       0x4               obj/netif.o

Memory Configuration

Name             Origin             Length             Attributes
int_ram          0x00200000         0x00004000         xrw
ext_ram          0x20000000         0x00020000         xrw
ext_dram         0x30000000         0x00080000         xrw
ext_rom          0x80000000         0x00080000         xr
*default*        0x00000000         0xffffffff

Linker script and memory map

LOAD c:/mgc2/bin/../lib/gcc/arm-none-eabi/4.6.1\libgcc.a
LOAD obj/crt0.o
LOAD obj/keypad.o
LOAD obj/display.o
LOAD obj/audio.o
LOAD obj/system.o
LOAD obj/mem.o
LOAD obj/memp.o
LOAD obj/netif.o
LOAD obj/pbuf.o
LOAD obj/raw.o
LOAD obj/stats.o
LOAD obj/sys.o
LOAD obj/tcp.o
LOAD obj/tcp_in.o
LOAD obj/tcp_out.o
LOAD obj/udp.o
LOAD obj/dhcp.o
LOAD obj/icmp.o
LOAD obj/ip.o
LOAD obj/inet.o
LOAD obj/ip_addr.o
LOAD obj/ip_frag.o
LOAD obj/inet_chksum.o
LOAD obj/etharp.o
LOAD obj/ipproc.o
LOAD obj/memproc.o
LOAD obj/mainloop.o
LOAD obj/buffers.o
LOAD obj/callproc.o
LOAD obj/ethernet.o
LOAD obj/keyproc.o
LOAD obj/tcpconn.o
LOAD obj/stubfncs.o
LOAD obj/callutil.o
LOAD obj/error.o
START GROUP
LOAD c:/mgc2/bin/../lib/gcc/arm-none-eabi/4.6.1\libgcc.a
LOAD c:/mgc2/bin/../lib/gcc/arm-none-eabi/4.6.1/../../../../arm-none-eabi/lib\libc.a
END GROUP

.text           0x20000000    0x14310
 obj/crt0.o(.text)
 .text          0x20000000       0xd4 obj/crt0.o
                0x20000000                low_level_init
 *(.text)
 .text          0x200000d4      0x184 obj/keypad.o
                0x200000d4                keypad_init
                0x2000012c                key_available
                0x2000013c                getkey
 .text          0x20000258        0x0 obj/display.o
 .text          0x20000258      0x178 obj/audio.o
                0x20000258                audio_init
                0x200002f0                call_start
                0x200002f8                call_halt
                0x20000300                update_rx
                0x20000340                update_tx
 .text          0x200003d0      0x16c obj/system.o
                0x200003d0                init_system
                0x2000042c                elapsed_time
 .text          0x2000053c      0xac8 obj/mem.o
                0x200006c8                mem_init
                0x200007ac                mem_free
                0x200008dc                mem_realloc
                0x20000c18                mem_malloc
                0x20000f8c                mem_calloc
 .text          0x20001004      0x46c obj/memp.o
                0x20001004                memp_init
                0x200011d4                memp_malloc
                0x200013ac                memp_free
 .text          0x20001470      0x68c obj/netif.o
                0x20001470                netif_add
                0x20001568                netif_set_addr
                0x200015b4                netif_remove
                0x20001694                netif_find
                0x2000175c                netif_set_ipaddr
                0x20001914                netif_set_gw
                0x2000197c                netif_set_netmask
                0x200019e4                netif_set_default
                0x20001a10                netif_set_up
                0x20001a80                netif_set_down
                0x20001acc                netif_is_up
 .text          0x20001afc      0xf90 obj/pbuf.o
                0x20001afc                pbuf_alloc
                0x20001e98                pbuf_realloc
                0x2000203c                pbuf_header
                0x200021e4                pbuf_free
                0x20002318                pbuf_clen
                0x2000236c                pbuf_ref
                0x200023b0                pbuf_cat
                0x20002464                pbuf_chain
                0x20002498                pbuf_dechain
                0x20002540                pbuf_copy
                0x2000273c                pbuf_copy_partial
                0x200028c0                pbuf_take
                0x200029f8                pbuf_coalesce
 .text          0x20002a8c      0x57c obj/raw.o
                0x20002a8c                raw_input
                0x20002bf0                raw_bind
                0x20002c68                raw_connect
                0x20002ce0                raw_recv
                0x20002d1c                raw_sendto
                0x20002e8c                raw_send
                0x20002ecc                raw_remove
                0x20002f80                raw_new
 .text          0x20003008        0x0 obj/stats.o
 .text          0x20003008        0x0 obj/sys.o
 .text          0x20003008     0x217c obj/tcp.o
                0x20003008                tcp_tmr
                0x20003058                tcp_close
                0x200032b8                tcp_abandon
                0x20003440                tcp_bind
                0x20003890                tcp_listen_with_backlog
                0x20003a8c                tcp_update_rcv_ann_wnd
                0x20003b88                tcp_recved
                0x20003d80                tcp_connect
                0x20004034                tcp_slowtmr
                0x20004708                tcp_fasttmr
                0x20004834                tcp_segs_free
                0x200048a0                tcp_seg_free
                0x2000490c                tcp_setprio
                0x2000493c                tcp_recv_null
                0x20004b60                tcp_alloc
                0x20004d64                tcp_new
                0x20004d88                tcp_arg
                0x20004db4                tcp_recv
                0x20004de0                tcp_sent
                0x20004e0c                tcp_err
                0x20004e38                tcp_accept
                0x20004e64                tcp_poll
                0x20004ea4                tcp_pcb_purge
                0x20004f58                tcp_pcb_remove
                0x20005094                tcp_next_iss
                0x200050d8                tcp_eff_send_mss
                0x20005150                tcp_debug_state_str
 .text          0x20005184     0x342c obj/tcp_in.o
                0x20005184                tcp_input
 .text          0x200085b0     0x26c4 obj/tcp_out.o
                0x200088cc                tcp_send_ctrl
                0x2000891c                tcp_write
                0x200089d8                tcp_enqueue
                0x2000969c                tcp_send_empty_ack
                0x200097ec                tcp_output
                0x2000a20c                tcp_rst
                0x2000a594                tcp_rexmit_rto
                0x2000a64c                tcp_rexmit
                0x2000a790                tcp_rexmit_fast
                0x2000a8b8                tcp_keepalive
                0x2000a9dc                tcp_zero_window_probe
 .text          0x2000ac74      0xf50 obj/udp.o
                0x2000ac74                udp_input
                0x2000b2fc                udp_send
                0x2000b340                udp_sendto
                0x2000b3d4                udp_sendto_if
                0x2000b724                udp_bind
                0x2000b8b8                udp_connect
                0x2000ba04                udp_disconnect
                0x2000ba80                udp_recv
                0x2000babc                udp_remove
                0x2000bb70                udp_new
 .text          0x2000bbc4        0x0 obj/dhcp.o
 .text          0x2000bbc4      0x90c obj/icmp.o
                0x2000bbc4                icmp_input
                0x2000c2e0                icmp_dest_unreach
                0x2000c318                icmp_time_exceeded
 .text          0x2000c4d0      0xd78 obj/ip.o
                0x2000c4d0                ip_route
                0x2000c5e8                ip_input
                0x2000cbdc                ip_output_if
                0x2000d1a4                ip_output
 .text          0x2000d248      0x68c obj/inet.o
                0x2000d248                inet_addr
                0x2000d290                inet_aton
                0x2000d630                inet_ntoa
                0x2000d7c0                htons
                0x2000d820                ntohs
                0x2000d854                htonl
                0x2000d8a8                ntohl
 .text          0x2000d8d4      0x130 obj/ip_addr.o
                0x2000d8d4                ip_addr_isbroadcast
 .text          0x2000da04     0x15e8 obj/ip_frag.o
                0x2000da04                ip_reass_tmr
                0x2000e5ec                ip_reass
                0x2000ec40                ip_frag
 .text          0x2000efec      0x550 obj/inet_chksum.o
                0x2000f120                inet_chksum_pseudo
                0x2000f3c8                inet_chksum
                0x2000f410                inet_chksum_pbuf
 .text          0x2000f53c     0x17d0 obj/etharp.o
                0x2000f53c                etharp_tmr
                0x2000fd7c                etharp_find_addr
                0x2000fe38                etharp_ip_input
                0x2000fef8                etharp_arp_input
                0x20010358                etharp_output
                0x200105f0                etharp_query
                0x20010b5c                etharp_request
                0x20010bd0                ethernet_input
 .text          0x20010d0c      0x61c obj/ipproc.o
                0x20010d0c                start_IPEntry
                0x20010dcc                clear_IPAddr
                0x20010e34                add_IPDigit
                0x20010fec                del_IPDigit
                0x20011174                set_IP
                0x200111f4                set_gateway
                0x20011274                set_subnet
 .text          0x20011328      0x3c8 obj/memproc.o
                0x20011328                init_memory
                0x2001139c                start_memLoc
                0x20011434                clear_memLoc
                0x20011480                add_memDigit
                0x20011524                del_memDigit
                0x200115a0                save_mem
                0x20011638                recall_mem
 .text          0x200116f0      0x2bc obj/mainloop.o
                0x200116f0                main
 .text          0x200119ac      0x760 obj/buffers.o
                0x200119ac                init_buffers
                0x20011a5c                reset_rx_buffer
                0x20011aa0                reset_tx_buffer
                0x20011ae4                rx_available
                0x20011b44                xmit_available
                0x20011bb8                get_rx_next_ptr
                0x20011c30                get_rx_buffer
                0x20011d14                get_xmit_next_ptr
                0x20011d8c                get_xmit_buffer
                0x20011e14                tx_available
                0x20011e78                rcv_available
                0x20011ed8                get_tx_next_ptr
                0x20011f50                get_tx_buffer
                0x2001200c                get_rcv_next_ptr
                0x20012084                get_rcv_buffer
 .text          0x2001210c       0x90 obj/callproc.o
                0x2001210c                do_answer
                0x2001213c                do_call
                0x2001216c                end_call
 .text          0x2001219c      0x2f4 obj/ethernet.o
                0x2001219c                init_networking
                0x2001223c                ethernetif_init
                0x20012348                ethernetif_input
                0x2001241c                ethernetif_output
 .text          0x20012490       0x60 obj/keyproc.o
                0x20012490                no_action
                0x200124bc                reset_input
 .text          0x200124f0      0x9e0 obj/tcpconn.o
                0x200124f0                have_tcp_connection
                0x20012528                tcp_connection_status
                0x20012550                tcp_connection_init
                0x20012598                tcp_connection_restart
                0x200126f4                tcp_connection_connect
                0x20012798                tcp_connection_answer
                0x2001281c                tcp_connection_close
                0x20012894                tcp_connection_rx
                0x20012950                tcp_connection_tx
 .text          0x20012ed0       0xcc obj/stubfncs.o
                0x20012ed0                display_IP
                0x20012eec                display_memory_addr
                0x20012f08                display_status
                0x20012f24                ether_init
                0x20012f40                ether_transmit
                0x20012f64                ether_rx_available
                0x20012f80                ether_receive
 .text          0x20012f9c      0x8c4 obj/callutil.o
                0x20012f9c                get_calling_IP
                0x20012fc0                get_calling_name
                0x20012fe0                set_calling_IP
                0x2001300c                set_calling_name
                0x2001309c                incoming_call
                0x200130bc                call_connected
                0x200130ec                initiate_outgoing
                0x20013114                start_call
                0x20013160                connect_incoming
                0x200131a0                process_call
                0x20013380                disconnect_call
 .text          0x20013860       0x20 obj/error.o
                0x20013860                process_error
 .text          0x20013880      0x148 c:/mgc2/bin/../lib/gcc/arm-none-eabi/4.6.1\libgcc.a(_divsi3.o)
                0x20013880                __divsi3
                0x20013880                __aeabi_idiv
                0x200139a8                __aeabi_idivmod
 .text          0x200139c8        0x4 c:/mgc2/bin/../lib/gcc/arm-none-eabi/4.6.1\libgcc.a(_dvmd_tls.o)
                0x200139c8                __aeabi_idiv0
                0x200139c8                __aeabi_ldiv0
 .text          0x200139cc      0x1b4 c:/mgc2/bin/../lib/gcc/arm-none-eabi/4.6.1/../../../../arm-none-eabi/lib\libc.a(lib_a-memcpy.o)
                0x200139cc                memcpy
 .text          0x20013b80      0x10c c:/mgc2/bin/../lib/gcc/arm-none-eabi/4.6.1/../../../../arm-none-eabi/lib\libc.a(lib_a-memset.o)
                0x20013b80                memset
                0x20013c8c                __ecode = .
                0x20013c8c                __rom_data_start = .
 *(.rodata)
 .rodata        0x20013c8c       0x28 obj/memp.o
 .rodata        0x20013cb4       0x90 obj/tcp.o
                0x20013d2c                tcp_backoff
                0x20013d3c                tcp_persist_backoff
 .rodata        0x20013d44        0x8 obj/ip_addr.o
                0x20013d44                ip_addr_any
                0x20013d48                ip_addr_broadcast
 .rodata        0x20013d4c       0x10 obj/etharp.o
                0x20013d4c                ethbroadcast
                0x20013d54                ethzero
 .rodata        0x20013d5c        0x4 obj/ipproc.o
 .rodata        0x20013d60      0x3a4 obj/mainloop.o
 .rodata        0x20014104        0xc obj/tcpconn.o
 .rodata        0x20014110      0x200 obj/callutil.o
 *(.rdata)
                0x20014310                __rom_data_end = .

.glue_7         0x20014310        0x0
 .glue_7        0x00000000        0x0 linker stubs

.glue_7t        0x20014310        0x0
 .glue_7t       0x00000000        0x0 linker stubs

.vfp11_veneer   0x20014310        0x0
 .vfp11_veneer  0x00000000        0x0 linker stubs

.v4_bx          0x20014310        0x0
 .v4_bx         0x00000000        0x0 linker stubs

.iplt           0x20014310        0x0
 .iplt          0x00000000        0x0 obj/crt0.o

.rel.dyn        0x20014310        0x0
 .rel.iplt      0x00000000        0x0 obj/crt0.o

.data           0x30000000     0x80fc
                0x30000000                __data_start = .
 *(.data)
 .data          0x30000000     0x8008 obj/crt0.o
 .data          0x30008008       0xb0 obj/keypad.o
 .data          0x300080b8        0x0 obj/display.o
 .data          0x300080b8        0x0 obj/audio.o
 .data          0x300080b8       0x10 obj/system.o
 .data          0x300080c8        0x0 obj/mem.o
 .data          0x300080c8        0x0 obj/memp.o
 .data          0x300080c8        0x0 obj/netif.o
 .data          0x300080c8        0x0 obj/pbuf.o
 .data          0x300080c8        0x0 obj/raw.o
 .data          0x300080c8        0x0 obj/stats.o
 .data          0x300080c8        0x0 obj/sys.o
 .data          0x300080c8       0x34 obj/tcp.o
                0x300080c8                tcp_state_str
 .data          0x300080fc        0x0 obj/tcp_in.o
 .data          0x300080fc        0x0 obj/tcp_out.o
 .data          0x300080fc        0x0 obj/udp.o
 .data          0x300080fc        0x0 obj/dhcp.o
 .data          0x300080fc        0x0 obj/icmp.o
 .data          0x300080fc        0x0 obj/ip.o
 .data          0x300080fc        0x0 obj/inet.o
 .data          0x300080fc        0x0 obj/ip_addr.o
 .data          0x300080fc        0x0 obj/ip_frag.o
 .data          0x300080fc        0x0 obj/inet_chksum.o
 .data          0x300080fc        0x0 obj/etharp.o
 .data          0x300080fc        0x0 obj/ipproc.o
 .data          0x300080fc        0x0 obj/memproc.o
 .data          0x300080fc        0x0 obj/mainloop.o
 .data          0x300080fc        0x0 obj/buffers.o
 .data          0x300080fc        0x0 obj/callproc.o
 .data          0x300080fc        0x0 obj/ethernet.o
 .data          0x300080fc        0x0 obj/keyproc.o
 .data          0x300080fc        0x0 obj/tcpconn.o
 .data          0x300080fc        0x0 obj/stubfncs.o
 .data          0x300080fc        0x0 obj/callutil.o
 .data          0x300080fc        0x0 obj/error.o
 .data          0x300080fc        0x0 c:/mgc2/bin/../lib/gcc/arm-none-eabi/4.6.1\libgcc.a(_divsi3.o)
 .data          0x300080fc        0x0 c:/mgc2/bin/../lib/gcc/arm-none-eabi/4.6.1\libgcc.a(_dvmd_tls.o)
 .data          0x300080fc        0x0 c:/mgc2/bin/../lib/gcc/arm-none-eabi/4.6.1/../../../../arm-none-eabi/lib\libc.a(lib_a-memcpy.o)
 .data          0x300080fc        0x0 c:/mgc2/bin/../lib/gcc/arm-none-eabi/4.6.1/../../../../arm-none-eabi/lib\libc.a(lib_a-memset.o)
                0x300080fc                __edata = .

.igot.plt       0x300080fc        0x0
 .igot.plt      0x00000000        0x0 obj/crt0.o

.bss            0x20014310     0x6144
                0x20014310                __start_bss = .
 *(.bss)
 .bss           0x20014310        0x0 obj/crt0.o
 .bss           0x20014310        0x0 obj/keypad.o
 .bss           0x20014310        0x0 obj/display.o
 .bss           0x20014310        0x0 obj/audio.o
 .bss           0x20014310        0x0 obj/system.o
 .bss           0x20014310     0x1924 obj/mem.o
 .bss           0x20015c34     0x3c3c obj/memp.o
 .bss           0x20019870        0x1 obj/netif.o
 .bss           0x20019871        0x0 obj/pbuf.o
 *fill*         0x20019871        0x3 00
 .bss           0x20019874        0x4 obj/raw.o
 .bss           0x20019878        0x0 obj/stats.o
 .bss           0x20019878        0x0 obj/sys.o
 .bss           0x20019878        0x1 obj/tcp.o
 *fill*         0x20019879        0x3 00
 .bss           0x2001987c       0x30 obj/tcp_in.o
 .bss           0x200198ac        0x0 obj/tcp_out.o
 .bss           0x200198ac        0x0 obj/udp.o
 .bss           0x200198ac        0x0 obj/dhcp.o
 .bss           0x200198ac        0x0 obj/icmp.o
 .bss           0x200198ac        0x2 obj/ip.o
 *fill*         0x200198ae        0x2 00
 .bss           0x200198b0       0x10 obj/inet.o
 .bss           0x200198c0        0x0 obj/ip_addr.o
 .bss           0x200198c0      0x5e8 obj/ip_frag.o
 .bss           0x20019ea8        0x0 obj/inet_chksum.o
 .bss           0x20019ea8       0xa4 obj/etharp.o
 .bss           0x20019f4c        0x8 obj/ipproc.o
 .bss           0x20019f54       0x8c obj/memproc.o
 .bss           0x20019fe0        0x0 obj/mainloop.o
 .bss           0x20019fe0       0xb8 obj/buffers.o
 .bss           0x2001a098        0x0 obj/callproc.o
 .bss           0x2001a098       0x30 obj/ethernet.o
 .bss           0x2001a0c8        0x0 obj/keyproc.o
 .bss           0x2001a0c8      0x210 obj/tcpconn.o
 .bss           0x2001a2d8        0x0 obj/stubfncs.o
 .bss           0x2001a2d8       0x34 obj/callutil.o
 .bss           0x2001a30c        0x0 obj/error.o
 .bss           0x2001a30c        0x0 c:/mgc2/bin/../lib/gcc/arm-none-eabi/4.6.1\libgcc.a(_divsi3.o)
 .bss           0x2001a30c        0x0 c:/mgc2/bin/../lib/gcc/arm-none-eabi/4.6.1\libgcc.a(_dvmd_tls.o)
 .bss           0x2001a30c        0x0 c:/mgc2/bin/../lib/gcc/arm-none-eabi/4.6.1/../../../../arm-none-eabi/lib\libc.a(lib_a-memcpy.o)
 .bss           0x2001a30c        0x0 c:/mgc2/bin/../lib/gcc/arm-none-eabi/4.6.1/../../../../arm-none-eabi/lib\libc.a(lib_a-memset.o)
 *(COMMON)
 COMMON         0x2001a30c        0x8 obj/netif.o
                0x2001a30c                netif_list
                0x2001a310                netif_default
 COMMON         0x2001a314      0x116 obj/stats.o
                0x2001a314                lwip_stats
 *fill*         0x2001a42a        0x2 00
 COMMON         0x2001a42c       0x18 obj/tcp.o
                0x2001a42c                tcp_active_pcbs
                0x2001a430                tcp_ticks
                0x2001a434                tcp_listen_pcbs
                0x2001a438                tcp_tmp_pcb
                0x2001a43c                tcp_bound_pcbs
                0x2001a440                tcp_tw_pcbs
 COMMON         0x2001a444        0x4 obj/tcp_in.o
                0x2001a444                tcp_input_pcb
 COMMON         0x2001a448        0x4 obj/udp.o
                0x2001a448                udp_pcbs
 COMMON         0x2001a44c        0x8 obj/ip.o
                0x2001a44c                current_netif
                0x2001a450                current_header
                0x2001a454                __end_bss = .
OUTPUT(armvoip.elf elf32-littlearm)

.ARM.attributes
                0x00000000       0x28
 .ARM.attributes
                0x00000000       0x1c obj/crt0.o
 .ARM.attributes
                0x0000001c       0x1c obj/keypad.o
 .ARM.attributes
                0x00000038       0x1c obj/display.o
 .ARM.attributes
                0x00000054       0x1c obj/audio.o
 .ARM.attributes
                0x00000070       0x1c obj/system.o
 .ARM.attributes
                0x0000008c       0x31 obj/mem.o
 .ARM.attributes
                0x000000bd       0x31 obj/memp.o
 .ARM.attributes
                0x000000ee       0x31 obj/netif.o
 .ARM.attributes
                0x0000011f       0x31 obj/pbuf.o
 .ARM.attributes
                0x00000150       0x31 obj/raw.o
 .ARM.attributes
                0x00000181       0x31 obj/stats.o
 .ARM.attributes
                0x000001b2       0x31 obj/sys.o
 .ARM.attributes
                0x000001e3       0x31 obj/tcp.o
 .ARM.attributes
                0x00000214       0x31 obj/tcp_in.o
 .ARM.attributes
                0x00000245       0x31 obj/tcp_out.o
 .ARM.attributes
                0x00000276       0x31 obj/udp.o
 .ARM.attributes
                0x000002a7       0x31 obj/dhcp.o
 .ARM.attributes
                0x000002d8       0x31 obj/icmp.o
 .ARM.attributes
                0x00000309       0x31 obj/ip.o
 .ARM.attributes
                0x0000033a       0x31 obj/inet.o
 .ARM.attributes
                0x0000036b       0x31 obj/ip_addr.o
 .ARM.attributes
                0x0000039c       0x31 obj/ip_frag.o
 .ARM.attributes
                0x000003cd       0x31 obj/inet_chksum.o
 .ARM.attributes
                0x000003fe       0x31 obj/etharp.o
 .ARM.attributes
                0x0000042f       0x31 obj/ipproc.o
 .ARM.attributes
                0x00000460       0x31 obj/memproc.o
 .ARM.attributes
                0x00000491       0x31 obj/mainloop.o
 .ARM.attributes
                0x000004c2       0x31 obj/buffers.o
 .ARM.attributes
                0x000004f3       0x31 obj/callproc.o
 .ARM.attributes
                0x00000524       0x31 obj/ethernet.o
 .ARM.attributes
                0x00000555       0x31 obj/keyproc.o
 .ARM.attributes
                0x00000586       0x31 obj/tcpconn.o
 .ARM.attributes
                0x000005b7       0x31 obj/stubfncs.o
 .ARM.attributes
                0x000005e8       0x31 obj/callutil.o
 .ARM.attributes
                0x00000619       0x31 obj/error.o
 .ARM.attributes
                0x0000064a       0x1a c:/mgc2/bin/../lib/gcc/arm-none-eabi/4.6.1\libgcc.a(_divsi3.o)
 .ARM.attributes
                0x00000664       0x18 c:/mgc2/bin/../lib/gcc/arm-none-eabi/4.6.1\libgcc.a(_dvmd_tls.o)
 .ARM.attributes
                0x0000067c       0x32 c:/mgc2/bin/../lib/gcc/arm-none-eabi/4.6.1/../../../../arm-none-eabi/lib\libc.a(lib_a-memcpy.o)
 .ARM.attributes
                0x000006ae       0x32 c:/mgc2/bin/../lib/gcc/arm-none-eabi/4.6.1/../../../../arm-none-eabi/lib\libc.a(lib_a-memset.o)

.comment        0x00000000       0x30
 .comment       0x00000000       0x30 obj/mem.o
                                 0x31 (size before relaxing)
 .comment       0x00000000       0x31 obj/memp.o
 .comment       0x00000000       0x31 obj/netif.o
 .comment       0x00000000       0x31 obj/pbuf.o
 .comment       0x00000000       0x31 obj/raw.o
 .comment       0x00000000       0x31 obj/stats.o
 .comment       0x00000000       0x31 obj/sys.o
 .comment       0x00000000       0x31 obj/tcp.o
 .comment       0x00000000       0x31 obj/tcp_in.o
 .comment       0x00000000       0x31 obj/tcp_out.o
 .comment       0x00000000       0x31 obj/udp.o
 .comment       0x00000000       0x31 obj/dhcp.o
 .comment       0x00000000       0x31 obj/icmp.o
 .comment       0x00000000       0x31 obj/ip.o
 .comment       0x00000000       0x31 obj/inet.o
 .comment       0x00000000       0x31 obj/ip_addr.o
 .comment       0x00000000       0x31 obj/ip_frag.o
 .comment       0x00000000       0x31 obj/inet_chksum.o
 .comment       0x00000000       0x31 obj/etharp.o
 .comment       0x00000000       0x31 obj/ipproc.o
 .comment       0x00000000       0x31 obj/memproc.o
 .comment       0x00000000       0x31 obj/mainloop.o
 .comment       0x00000000       0x31 obj/buffers.o
 .comment       0x00000000       0x31 obj/callproc.o
 .comment       0x00000000       0x31 obj/ethernet.o
 .comment       0x00000000       0x31 obj/keyproc.o
 .comment       0x00000000       0x31 obj/tcpconn.o
 .comment       0x00000000       0x31 obj/stubfncs.o
 .comment       0x00000000       0x31 obj/callutil.o
 .comment       0x00000000       0x31 obj/error.o

.debug_line     0x00000000     0x3861
 .debug_line    0x00000000       0x75 obj/crt0.o
 .debug_line    0x00000075       0x91 obj/keypad.o
 .debug_line    0x00000106       0x7a obj/audio.o
 .debug_line    0x00000180       0x8d obj/system.o
 .debug_line    0x0000020d      0x1ae obj/mem.o
 .debug_line    0x000003bb      0x136 obj/memp.o
 .debug_line    0x000004f1      0x1fb obj/netif.o
 .debug_line    0x000006ec      0x2ee obj/pbuf.o
 .debug_line    0x000009da      0x1b9 obj/raw.o
 .debug_line    0x00000b93       0xa6 obj/stats.o
 .debug_line    0x00000c39       0x1d obj/sys.o
 .debug_line    0x00000c56      0x573 obj/tcp.o
 .debug_line    0x000011c9      0x699 obj/tcp_in.o
 .debug_line    0x00001862      0x491 obj/tcp_out.o
 .debug_line    0x00001cf3      0x2e0 obj/udp.o
 .debug_line    0x00001fd3       0x1d obj/dhcp.o
 .debug_line    0x00001ff0      0x1a2 obj/icmp.o
 .debug_line    0x00002192      0x25f obj/ip.o
 .debug_line    0x000023f1      0x195 obj/inet.o
 .debug_line    0x00002586      0x106 obj/ip_addr.o
 .debug_line    0x0000268c      0x307 obj/ip_frag.o
 .debug_line    0x00002993      0x147 obj/inet_chksum.o
 .debug_line    0x00002ada      0x356 obj/etharp.o
 .debug_line    0x00002e30      0x169 obj/ipproc.o
 .debug_line    0x00002f99       0xc6 obj/memproc.o
 .debug_line    0x0000305f       0xb1 obj/mainloop.o
 .debug_line    0x00003110      0x120 obj/buffers.o
 .debug_line    0x00003230       0x64 obj/callproc.o
 .debug_line    0x00003294      0x156 obj/ethernet.o
 .debug_line    0x000033ea       0x5c obj/keyproc.o
 .debug_line    0x00003446      0x1f5 obj/tcpconn.o
 .debug_line    0x0000363b       0xac obj/stubfncs.o
 .debug_line    0x000036e7      0x128 obj/callutil.o
 .debug_line    0x0000380f       0x52 obj/error.o

.debug_info     0x00000000     0xbf1f
 .debug_info    0x00000000       0x76 obj/crt0.o
 .debug_info    0x00000076       0x78 obj/keypad.o
 .debug_info    0x000000ee       0x77 obj/audio.o
 .debug_info    0x00000165       0x78 obj/system.o
 .debug_info    0x000001dd      0x565 obj/mem.o
 .debug_info    0x00000742      0x42a obj/memp.o
 .debug_info    0x00000b6c      0xbf8 obj/netif.o
 .debug_info    0x00001764      0x6a8 obj/pbuf.o
 .debug_info    0x00001e0c      0x6d3 obj/raw.o
 .debug_info    0x000024df      0x28b obj/stats.o
 .debug_info    0x0000276a       0x73 obj/sys.o
 .debug_info    0x000027dd     0x14ba obj/tcp.o
 .debug_info    0x00003c97      0xedf obj/tcp_in.o
 .debug_info    0x00004b76      0xf8c obj/tcp_out.o
 .debug_info    0x00005b02      0xaba obj/udp.o
 .debug_info    0x000065bc       0x73 obj/dhcp.o
 .debug_info    0x0000662f      0x77b obj/icmp.o
 .debug_info    0x00006daa      0x7dd obj/ip.o
 .debug_info    0x00007587      0x2f8 obj/inet.o
 .debug_info    0x0000787f      0x2ff obj/ip_addr.o
 .debug_info    0x00007b7e      0xab0 obj/ip_frag.o
 .debug_info    0x0000862e      0x2b8 obj/inet_chksum.o
 .debug_info    0x000088e6      0xccc obj/etharp.o
 .debug_info    0x000095b2      0x641 obj/ipproc.o
 .debug_info    0x00009bf3      0x397 obj/memproc.o
 .debug_info    0x00009f8a      0x3e1 obj/mainloop.o
 .debug_info    0x0000a36b      0x3d3 obj/buffers.o
 .debug_info    0x0000a73e      0x172 obj/callproc.o
 .debug_info    0x0000a8b0      0x44c obj/ethernet.o
 .debug_info    0x0000acfc      0x138 obj/keyproc.o
 .debug_info    0x0000ae34      0xab3 obj/tcpconn.o
 .debug_info    0x0000b8e7      0x1e8 obj/stubfncs.o
 .debug_info    0x0000bacf      0x39b obj/callutil.o
 .debug_info    0x0000be6a       0xb5 obj/error.o

.debug_abbrev   0x00000000     0x2658
 .debug_abbrev  0x00000000       0x14 obj/crt0.o
 .debug_abbrev  0x00000014       0x14 obj/keypad.o
 .debug_abbrev  0x00000028       0x14 obj/audio.o
 .debug_abbrev  0x0000003c       0x14 obj/system.o
 .debug_abbrev  0x00000050      0x17c obj/mem.o
 .debug_abbrev  0x000001cc      0x147 obj/memp.o
 .debug_abbrev  0x00000313      0x21d obj/netif.o
 .debug_abbrev  0x00000530      0x161 obj/pbuf.o
 .debug_abbrev  0x00000691      0x186 obj/raw.o
 .debug_abbrev  0x00000817       0xac obj/stats.o
 .debug_abbrev  0x000008c3       0x2a obj/sys.o
 .debug_abbrev  0x000008ed      0x29e obj/tcp.o
 .debug_abbrev  0x00000b8b      0x1f7 obj/tcp_in.o
 .debug_abbrev  0x00000d82      0x22c obj/tcp_out.o
 .debug_abbrev  0x00000fae      0x1c4 obj/udp.o
 .debug_abbrev  0x00001172       0x2a obj/dhcp.o
 .debug_abbrev  0x0000119c      0x1b3 obj/icmp.o
 .debug_abbrev  0x0000134f      0x18a obj/ip.o
 .debug_abbrev  0x000014d9      0x10b obj/inet.o
 .debug_abbrev  0x000015e4       0xe7 obj/ip_addr.o
 .debug_abbrev  0x000016cb      0x1e7 obj/ip_frag.o
 .debug_abbrev  0x000018b2      0x133 obj/inet_chksum.o
 .debug_abbrev  0x000019e5      0x1d3 obj/etharp.o
 .debug_abbrev  0x00001bb8      0x140 obj/ipproc.o
 .debug_abbrev  0x00001cf8       0xd9 obj/memproc.o
 .debug_abbrev  0x00001dd1       0xef obj/mainloop.o
 .debug_abbrev  0x00001ec0       0xb7 obj/buffers.o
 .debug_abbrev  0x00001f77       0x81 obj/callproc.o
 .debug_abbrev  0x00001ff8      0x168 obj/ethernet.o
 .debug_abbrev  0x00002160       0x81 obj/keyproc.o
 .debug_abbrev  0x000021e1      0x202 obj/tcpconn.o
 .debug_abbrev  0x000023e3       0xca obj/stubfncs.o
 .debug_abbrev  0x000024ad      0x15b obj/callutil.o
 .debug_abbrev  0x00002608       0x50 obj/error.o

.debug_aranges  0x00000000      0x3e0
 .debug_aranges
                0x00000000       0x20 obj/crt0.o
 .debug_aranges
                0x00000020       0x20 obj/keypad.o
 .debug_aranges
                0x00000040       0x20 obj/audio.o
 .debug_aranges
                0x00000060       0x20 obj/system.o
 .debug_aranges
                0x00000080       0x20 obj/mem.o
 .debug_aranges
                0x000000a0       0x20 obj/memp.o
 .debug_aranges
                0x000000c0       0x20 obj/netif.o
 .debug_aranges
                0x000000e0       0x20 obj/pbuf.o
 .debug_aranges
                0x00000100       0x20 obj/raw.o
 .debug_aranges
                0x00000120       0x20 obj/tcp.o
 .debug_aranges
                0x00000140       0x20 obj/tcp_in.o
 .debug_aranges
                0x00000160       0x20 obj/tcp_out.o
 .debug_aranges
                0x00000180       0x20 obj/udp.o
 .debug_aranges
                0x000001a0       0x20 obj/icmp.o
 .debug_aranges
                0x000001c0       0x20 obj/ip.o
 .debug_aranges
                0x000001e0       0x20 obj/inet.o
 .debug_aranges
                0x00000200       0x20 obj/ip_addr.o
 .debug_aranges
                0x00000220       0x20 obj/ip_frag.o
 .debug_aranges
                0x00000240       0x20 obj/inet_chksum.o
 .debug_aranges
                0x00000260       0x20 obj/etharp.o
 .debug_aranges
                0x00000280       0x20 obj/ipproc.o
 .debug_aranges
                0x000002a0       0x20 obj/memproc.o
 .debug_aranges
                0x000002c0       0x20 obj/mainloop.o
 .debug_aranges
                0x000002e0       0x20 obj/buffers.o
 .debug_aranges
                0x00000300       0x20 obj/callproc.o
 .debug_aranges
                0x00000320       0x20 obj/ethernet.o
 .debug_aranges
                0x00000340       0x20 obj/keyproc.o
 .debug_aranges
                0x00000360       0x20 obj/tcpconn.o
 .debug_aranges
                0x00000380       0x20 obj/stubfncs.o
 .debug_aranges
                0x000003a0       0x20 obj/callutil.o
 .debug_aranges
                0x000003c0       0x20 obj/error.o

.debug_loc      0x00000000     0x25a4
 .debug_loc     0x00000000      0x108 obj/mem.o
 .debug_loc     0x00000108       0x84 obj/memp.o
 .debug_loc     0x0000018c      0x1e4 obj/netif.o
 .debug_loc     0x00000370      0x23c obj/pbuf.o
 .debug_loc     0x000005ac      0x160 obj/raw.o
 .debug_loc     0x0000070c      0x554 obj/tcp.o
 .debug_loc     0x00000c60      0x108 obj/tcp_in.o
 .debug_loc     0x00000d68      0x23c obj/tcp_out.o
 .debug_loc     0x00000fa4      0x1b8 obj/udp.o
 .debug_loc     0x0000115c       0xb0 obj/icmp.o
 .debug_loc     0x0000120c       0xb0 obj/ip.o
 .debug_loc     0x000012bc      0x134 obj/inet.o
 .debug_loc     0x000013f0       0x2c obj/ip_addr.o
 .debug_loc     0x0000141c      0x160 obj/ip_frag.o
 .debug_loc     0x0000157c       0xb0 obj/inet_chksum.o
 .debug_loc     0x0000162c      0x210 obj/etharp.o
 .debug_loc     0x0000183c      0x160 obj/ipproc.o
 .debug_loc     0x0000199c      0x134 obj/memproc.o
 .debug_loc     0x00001ad0       0x58 obj/mainloop.o
 .debug_loc     0x00001b28      0x294 obj/buffers.o
 .debug_loc     0x00001dbc       0x84 obj/callproc.o
 .debug_loc     0x00001e40       0xb0 obj/ethernet.o
 .debug_loc     0x00001ef0       0x58 obj/keyproc.o
 .debug_loc     0x00001f48      0x294 obj/tcpconn.o
 .debug_loc     0x000021dc      0x134 obj/stubfncs.o
 .debug_loc     0x00002310      0x268 obj/callutil.o
 .debug_loc     0x00002578       0x2c obj/error.o

.debug_str      0x00000000     0x2131
 .debug_str     0x00000000      0x28a obj/mem.o
                                0x2e2 (size before relaxing)
 .debug_str     0x0000028a       0x6f obj/memp.o
                                0x29f (size before relaxing)
 .debug_str     0x000002f9      0x346 obj/netif.o
                                0x4f5 (size before relaxing)
 .debug_str     0x0000063f      0x1b5 obj/pbuf.o
                                0x390 (size before relaxing)
 .debug_str     0x000007f4       0xcc obj/raw.o
                                0x35e (size before relaxing)
 .debug_str     0x000008c0       0x20 obj/stats.o
                                0x231 (size before relaxing)
 .debug_str     0x000008e0       0x1e obj/sys.o
                                 0xf1 (size before relaxing)
 .debug_str     0x000008fe      0x28e obj/tcp.o
                                0x808 (size before relaxing)
 .debug_str     0x00000b8c      0x105 obj/tcp_in.o
                                0x69f (size before relaxing)
 .debug_str     0x00000c91      0x126 obj/tcp_out.o
                                0x690 (size before relaxing)
 .debug_str     0x00000db7      0x148 obj/udp.o
                                0x4e1 (size before relaxing)
 .debug_str     0x00000eff       0x1f obj/dhcp.o
                                 0xf2 (size before relaxing)
 .debug_str     0x00000f1e       0xba obj/icmp.o
                                0x3cc (size before relaxing)
 .debug_str     0x00000fd8       0x88 obj/ip.o
                                0x3e8 (size before relaxing)
 .debug_str     0x00001060       0x74 obj/inet.o
                                0x15d (size before relaxing)
 .debug_str     0x000010d4       0x57 obj/ip_addr.o
                                0x1c7 (size before relaxing)
 .debug_str     0x0000112b      0x1dd obj/ip_frag.o
                                0x55d (size before relaxing)
 .debug_str     0x00001308       0x8b obj/inet_chksum.o
                                0x1b4 (size before relaxing)
 .debug_str     0x00001393      0x27c obj/etharp.o
                                0x5b6 (size before relaxing)
 .debug_str     0x0000160f      0x3a8 obj/ipproc.o
                                0x523 (size before relaxing)
 .debug_str     0x000019b7       0x86 obj/memproc.o
                                0x465 (size before relaxing)
 .debug_str     0x00001a3d      0x14c obj/mainloop.o
                                0x414 (size before relaxing)
 .debug_str     0x00001b89      0x163 obj/buffers.o
                                0x24a (size before relaxing)
 .debug_str     0x00001cec       0x32 obj/callproc.o
                                0x1bf (size before relaxing)
 .debug_str     0x00001d1e       0x67 obj/ethernet.o
                                0x288 (size before relaxing)
 .debug_str     0x00001d85       0x2c obj/keyproc.o
                                0x1b9 (size before relaxing)
 .debug_str     0x00001db1      0x1b2 obj/tcpconn.o
                                0x695 (size before relaxing)
 .debug_str     0x00001f63       0x80 obj/stubfncs.o
                                0x183 (size before relaxing)
 .debug_str     0x00001fe3      0x12c obj/callutil.o
                                0x28b (size before relaxing)
 .debug_str     0x0000210f       0x22 obj/error.o
                                0x1a1 (size before relaxing)

.debug_frame    0x00000000     0x197c
 .debug_frame   0x00000000       0xa8 obj/mem.o
 .debug_frame   0x000000a8       0x58 obj/memp.o
 .debug_frame   0x00000100      0x12c obj/netif.o
 .debug_frame   0x0000022c      0x16c obj/pbuf.o
 .debug_frame   0x00000398       0xe4 obj/raw.o
 .debug_frame   0x0000047c      0x344 obj/tcp.o
 .debug_frame   0x000007c0       0xd0 obj/tcp_in.o
 .debug_frame   0x00000890      0x19c obj/tcp_out.o
 .debug_frame   0x00000a2c      0x120 obj/udp.o
 .debug_frame   0x00000b4c       0x84 obj/icmp.o
 .debug_frame   0x00000bd0       0x88 obj/ip.o
 .debug_frame   0x00000c58       0xc8 obj/inet.o
 .debug_frame   0x00000d20       0x28 obj/ip_addr.o
 .debug_frame   0x00000d48       0xf8 obj/ip_frag.o
 .debug_frame   0x00000e40       0x80 obj/inet_chksum.o
 .debug_frame   0x00000ec0      0x168 obj/etharp.o
 .debug_frame   0x00001028       0xec obj/ipproc.o
 .debug_frame   0x00001114       0xd4 obj/memproc.o
 .debug_frame   0x000011e8       0x48 obj/mainloop.o
 .debug_frame   0x00001230      0x19c obj/buffers.o
 .debug_frame   0x000013cc       0x64 obj/callproc.o
 .debug_frame   0x00001430       0x80 obj/ethernet.o
 .debug_frame   0x000014b0       0x44 obj/keyproc.o
 .debug_frame   0x000014f4      0x1b0 obj/tcpconn.o
 .debug_frame   0x000016a4       0xb8 obj/stubfncs.o
 .debug_frame   0x0000175c      0x184 obj/callutil.o
 .debug_frame   0x000018e0       0x28 obj/error.o
 .debug_frame   0x00001908       0x20 c:/mgc2/bin/../lib/gcc/arm-none-eabi/4.6.1\libgcc.a(_divsi3.o)
 .debug_frame   0x00001928       0x2c c:/mgc2/bin/../lib/gcc/arm-none-eabi/4.6.1/../../../../arm-none-eabi/lib\libc.a(lib_a-memcpy.o)
 .debug_frame   0x00001954       0x28 c:/mgc2/bin/../lib/gcc/arm-none-eabi/4.6.1/../../../../arm-none-eabi/lib\libc.a(lib_a-memset.o)

.debug_ranges   0x00000000       0x30
 .debug_ranges  0x00000000       0x18 obj/netif.o
 .debug_ranges  0x00000018       0x18 obj/icmp.o
