Archive member included because of file (symbol)

c:/mgc2/bin/../lib/gcc/arm-none-eabi/4.6.1\libgcc.a(_divsi3.o)
                              obj/tcp_in.o (__aeabi_idiv)
c:/mgc2/bin/../lib/gcc/arm-none-eabi/4.6.1\libgcc.a(_dvmd_tls.o)
                              c:/mgc2/bin/../lib/gcc/arm-none-eabi/4.6.1\libgcc.a(_divsi3.o) (__aeabi_idiv0)
c:/mgc2/bin/../lib/gcc/arm-none-eabi/4.6.1/../../../../arm-none-eabi/lib\libc.a(lib_a-memcpy.o)
                              obj/pbuf.o (memcpy)
c:/mgc2/bin/../lib/gcc/arm-none-eabi/4.6.1/../../../../arm-none-eabi/lib\libc.a(lib_a-memset.o)
                              obj/mem.o (memset)

Allocating common symbols
Common symbol       size              file

netif_list          0x4               obj/netif.o
tcp_active_pcbs     0x4               obj/tcp.o
udp_pcbs            0x4               obj/udp.o
current_netif       0x4               obj/ip.o
tcp_ticks           0x4               obj/tcp.o
tcp_listen_pcbs     0x4               obj/tcp.o
tcp_tmp_pcb         0x4               obj/tcp.o
tcp_input_pcb       0x4               obj/tcp_in.o
current_header      0x4               obj/ip.o
tcp_bound_pcbs      0x4               obj/tcp.o
tcp_tw_pcbs         0x4               obj/tcp.o
lwip_stats          0x116             obj/stats.o
netif_default       0x4               obj/netif.o

Memory Configuration

Name             Origin             Length             Attributes
int_ram          0x00200000         0x00004000         xrw
ext_ram          0x20000000         0x00020000         xrw
ext_rom          0x80000000         0x00080000         xr
*default*        0x00000000         0xffffffff

Linker script and memory map

LOAD c:/mgc2/bin/../lib/gcc/arm-none-eabi/4.6.1\libgcc.a
LOAD obj/crt0.o
LOAD obj/keypad.o
LOAD obj/display.o
LOAD obj/audio.o
LOAD obj/system.o
LOAD obj/pio.o
LOAD obj/mem.o
LOAD obj/memp.o
LOAD obj/netif.o
LOAD obj/pbuf.o
LOAD obj/raw.o
LOAD obj/stats.o
LOAD obj/sys.o
LOAD obj/tcp.o
LOAD obj/tcp_in.o
LOAD obj/tcp_out.o
LOAD obj/udp.o
LOAD obj/dhcp.o
LOAD obj/icmp.o
LOAD obj/ip.o
LOAD obj/inet.o
LOAD obj/ip_addr.o
LOAD obj/ip_frag.o
LOAD obj/inet_chksum.o
LOAD obj/etharp.o
LOAD obj/buffers.o
LOAD obj/callproc.o
LOAD obj/callutil.o
LOAD obj/error.o
LOAD obj/ethernet.o
LOAD obj/ipproc.o
LOAD obj/keyproc.o
LOAD obj/mainloop.o
LOAD obj/memproc.o
LOAD obj/stubfncs.o
LOAD obj/tcpconn.o
START GROUP
LOAD c:/mgc2/bin/../lib/gcc/arm-none-eabi/4.6.1\libgcc.a
LOAD c:/mgc2/bin/../lib/gcc/arm-none-eabi/4.6.1/../../../../arm-none-eabi/lib\libc.a
END GROUP

.text           0x20000000    0x14798
 obj/crt0.o(.text)
 .text          0x20000000       0x44 obj/crt0.o
                0x20000000                low_level_init
 *(.text)
 .text          0x20000044      0x184 obj/keypad.o
                0x20000044                keypad_init
                0x2000009c                key_available
                0x200000ac                getkey
 .text          0x200001c8      0x3dc obj/display.o
                0x200001c8                display_init
                0x20000314                display_memory_addr
                0x2000031c                display_IP
                0x20000324                display_status
                0x2000032c                redraw
 .text          0x200005a4      0x228 obj/audio.o
                0x200005a4                audio_init
                0x2000063c                call_start
                0x20000644                call_halt
                0x2000064c                update_rx
                0x20000680                update_tx
                0x200006e8                audioDemo
 .text          0x200007cc      0x16c obj/system.o
                0x200007cc                init_system
                0x20000828                elapsed_time
 .text          0x20000938       0xe0 obj/pio.o
                0x20000938                configPIOPin
 .text          0x20000a18      0xac8 obj/mem.o
                0x20000ba4                mem_init
                0x20000c88                mem_free
                0x20000db8                mem_realloc
                0x200010f4                mem_malloc
                0x20001468                mem_calloc
 .text          0x200014e0      0x46c obj/memp.o
                0x200014e0                memp_init
                0x200016b0                memp_malloc
                0x20001888                memp_free
 .text          0x2000194c      0x68c obj/netif.o
                0x2000194c                netif_add
                0x20001a44                netif_set_addr
                0x20001a90                netif_remove
                0x20001b70                netif_find
                0x20001c38                netif_set_ipaddr
                0x20001df0                netif_set_gw
                0x20001e58                netif_set_netmask
                0x20001ec0                netif_set_default
                0x20001eec                netif_set_up
                0x20001f5c                netif_set_down
                0x20001fa8                netif_is_up
 .text          0x20001fd8      0xf90 obj/pbuf.o
                0x20001fd8                pbuf_alloc
                0x20002374                pbuf_realloc
                0x20002518                pbuf_header
                0x200026c0                pbuf_free
                0x200027f4                pbuf_clen
                0x20002848                pbuf_ref
                0x2000288c                pbuf_cat
                0x20002940                pbuf_chain
                0x20002974                pbuf_dechain
                0x20002a1c                pbuf_copy
                0x20002c18                pbuf_copy_partial
                0x20002d9c                pbuf_take
                0x20002ed4                pbuf_coalesce
 .text          0x20002f68      0x57c obj/raw.o
                0x20002f68                raw_input
                0x200030cc                raw_bind
                0x20003144                raw_connect
                0x200031bc                raw_recv
                0x200031f8                raw_sendto
                0x20003368                raw_send
                0x200033a8                raw_remove
                0x2000345c                raw_new
 .text          0x200034e4        0x0 obj/stats.o
 .text          0x200034e4        0x0 obj/sys.o
 .text          0x200034e4     0x217c obj/tcp.o
                0x200034e4                tcp_tmr
                0x20003534                tcp_close
                0x20003794                tcp_abandon
                0x2000391c                tcp_bind
                0x20003d6c                tcp_listen_with_backlog
                0x20003f68                tcp_update_rcv_ann_wnd
                0x20004064                tcp_recved
                0x2000425c                tcp_connect
                0x20004510                tcp_slowtmr
                0x20004be4                tcp_fasttmr
                0x20004d10                tcp_segs_free
                0x20004d7c                tcp_seg_free
                0x20004de8                tcp_setprio
                0x20004e18                tcp_recv_null
                0x2000503c                tcp_alloc
                0x20005240                tcp_new
                0x20005264                tcp_arg
                0x20005290                tcp_recv
                0x200052bc                tcp_sent
                0x200052e8                tcp_err
                0x20005314                tcp_accept
                0x20005340                tcp_poll
                0x20005380                tcp_pcb_purge
                0x20005434                tcp_pcb_remove
                0x20005570                tcp_next_iss
                0x200055b4                tcp_eff_send_mss
                0x2000562c                tcp_debug_state_str
 .text          0x20005660     0x342c obj/tcp_in.o
                0x20005660                tcp_input
 .text          0x20008a8c     0x26c4 obj/tcp_out.o
                0x20008da8                tcp_send_ctrl
                0x20008df8                tcp_write
                0x20008eb4                tcp_enqueue
                0x20009b78                tcp_send_empty_ack
                0x20009cc8                tcp_output
                0x2000a6e8                tcp_rst
                0x2000aa70                tcp_rexmit_rto
                0x2000ab28                tcp_rexmit
                0x2000ac6c                tcp_rexmit_fast
                0x2000ad94                tcp_keepalive
                0x2000aeb8                tcp_zero_window_probe
 .text          0x2000b150      0xf50 obj/udp.o
                0x2000b150                udp_input
                0x2000b7d8                udp_send
                0x2000b81c                udp_sendto
                0x2000b8b0                udp_sendto_if
                0x2000bc00                udp_bind
                0x2000bd94                udp_connect
                0x2000bee0                udp_disconnect
                0x2000bf5c                udp_recv
                0x2000bf98                udp_remove
                0x2000c04c                udp_new
 .text          0x2000c0a0        0x0 obj/dhcp.o
 .text          0x2000c0a0      0x90c obj/icmp.o
                0x2000c0a0                icmp_input
                0x2000c7bc                icmp_dest_unreach
                0x2000c7f4                icmp_time_exceeded
 .text          0x2000c9ac      0xd78 obj/ip.o
                0x2000c9ac                ip_route
                0x2000cac4                ip_input
                0x2000d0b8                ip_output_if
                0x2000d680                ip_output
 .text          0x2000d724      0x68c obj/inet.o
                0x2000d724                inet_addr
                0x2000d76c                inet_aton
                0x2000db0c                inet_ntoa
                0x2000dc9c                htons
                0x2000dcfc                ntohs
                0x2000dd30                htonl
                0x2000dd84                ntohl
 .text          0x2000ddb0      0x130 obj/ip_addr.o
                0x2000ddb0                ip_addr_isbroadcast
 .text          0x2000dee0     0x15e8 obj/ip_frag.o
                0x2000dee0                ip_reass_tmr
                0x2000eac8                ip_reass
                0x2000f11c                ip_frag
 .text          0x2000f4c8      0x550 obj/inet_chksum.o
                0x2000f5fc                inet_chksum_pseudo
                0x2000f8a4                inet_chksum
                0x2000f8ec                inet_chksum_pbuf
 .text          0x2000fa18     0x17d0 obj/etharp.o
                0x2000fa18                etharp_tmr
                0x20010258                etharp_find_addr
                0x20010314                etharp_ip_input
                0x200103d4                etharp_arp_input
                0x20010834                etharp_output
                0x20010acc                etharp_query
                0x20011038                etharp_request
                0x200110ac                ethernet_input
 .text          0x200111e8      0x760 obj/buffers.o
                0x200111e8                init_buffers
                0x20011298                reset_rx_buffer
                0x200112dc                reset_tx_buffer
                0x20011320                rx_available
                0x20011380                xmit_available
                0x200113f4                get_rx_next_ptr
                0x2001146c                get_rx_buffer
                0x20011550                get_xmit_next_ptr
                0x200115c8                get_xmit_buffer
                0x20011650                tx_available
                0x200116b4                rcv_available
                0x20011714                get_tx_next_ptr
                0x2001178c                get_tx_buffer
                0x20011848                get_rcv_next_ptr
                0x200118c0                get_rcv_buffer
 .text          0x20011948       0x90 obj/callproc.o
                0x20011948                do_answer
                0x20011978                do_call
                0x200119a8                end_call
 .text          0x200119d8      0x8c4 obj/callutil.o
                0x200119d8                get_calling_IP
                0x200119fc                get_calling_name
                0x20011a1c                set_calling_IP
                0x20011a48                set_calling_name
                0x20011ad8                incoming_call
                0x20011af8                call_connected
                0x20011b28                initiate_outgoing
                0x20011b50                start_call
                0x20011b9c                connect_incoming
                0x20011bdc                process_call
                0x20011dbc                disconnect_call
 .text          0x2001229c       0x20 obj/error.o
                0x2001229c                process_error
 .text          0x200122bc      0x2f4 obj/ethernet.o
                0x200122bc                init_networking
                0x2001235c                ethernetif_init
                0x20012468                ethernetif_input
                0x2001253c                ethernetif_output
 .text          0x200125b0      0x61c obj/ipproc.o
                0x200125b0                start_IPEntry
                0x20012670                clear_IPAddr
                0x200126d8                add_IPDigit
                0x20012890                del_IPDigit
                0x20012a18                set_IP
                0x20012a98                set_gateway
                0x20012b18                set_subnet
 .text          0x20012bcc       0x60 obj/keyproc.o
                0x20012bcc                no_action
                0x20012bf8                reset_input
 .text          0x20012c2c      0x2bc obj/mainloop.o
                0x20012c2c                main
 .text          0x20012ee8      0x3c8 obj/memproc.o
                0x20012ee8                init_memory
                0x20012f5c                start_memLoc
                0x20012ff4                clear_memLoc
                0x20013040                add_memDigit
                0x200130e4                del_memDigit
                0x20013160                save_mem
                0x200131f8                recall_mem
 .text          0x200132b0       0x78 obj/stubfncs.o
                0x200132b0                ether_init
                0x200132cc                ether_transmit
                0x200132f0                ether_rx_available
                0x2001330c                ether_receive
 .text          0x20013328      0x9e0 obj/tcpconn.o
                0x20013328                have_tcp_connection
                0x20013360                tcp_connection_status
                0x20013388                tcp_connection_init
                0x200133d0                tcp_connection_restart
                0x2001352c                tcp_connection_connect
                0x200135d0                tcp_connection_answer
                0x20013654                tcp_connection_close
                0x200136cc                tcp_connection_rx
                0x20013788                tcp_connection_tx
 .text          0x20013d08      0x148 c:/mgc2/bin/../lib/gcc/arm-none-eabi/4.6.1\libgcc.a(_divsi3.o)
                0x20013d08                __divsi3
                0x20013d08                __aeabi_idiv
                0x20013e30                __aeabi_idivmod
 .text          0x20013e50        0x4 c:/mgc2/bin/../lib/gcc/arm-none-eabi/4.6.1\libgcc.a(_dvmd_tls.o)
                0x20013e50                __aeabi_idiv0
                0x20013e50                __aeabi_ldiv0
 .text          0x20013e54      0x1b4 c:/mgc2/bin/../lib/gcc/arm-none-eabi/4.6.1/../../../../arm-none-eabi/lib\libc.a(lib_a-memcpy.o)
                0x20013e54                memcpy
 .text          0x20014008      0x10c c:/mgc2/bin/../lib/gcc/arm-none-eabi/4.6.1/../../../../arm-none-eabi/lib\libc.a(lib_a-memset.o)
                0x20014008                memset
                0x20014114                __ecode = .
                0x20014114                __rom_data_start = .
 *(.rodata)
 .rodata        0x20014114       0x28 obj/memp.o
 .rodata        0x2001413c       0x90 obj/tcp.o
                0x200141b4                tcp_backoff
                0x200141c4                tcp_persist_backoff
 .rodata        0x200141cc        0x8 obj/ip_addr.o
                0x200141cc                ip_addr_any
                0x200141d0                ip_addr_broadcast
 .rodata        0x200141d4       0x10 obj/etharp.o
                0x200141d4                ethbroadcast
                0x200141dc                ethzero
 .rodata        0x200141e4      0x200 obj/callutil.o
 .rodata        0x200143e4        0x4 obj/ipproc.o
 .rodata        0x200143e8      0x3a4 obj/mainloop.o
 .rodata        0x2001478c        0xc obj/tcpconn.o
 *(.rdata)
                0x20014798                __rom_data_end = .

.glue_7         0x20014798        0x0
 .glue_7        0x00000000        0x0 linker stubs

.glue_7t        0x20014798        0x0
 .glue_7t       0x00000000        0x0 linker stubs

.vfp11_veneer   0x20014798        0x0
 .vfp11_veneer  0x00000000        0x0 linker stubs

.v4_bx          0x20014798        0x0
 .v4_bx         0x00000000        0x0 linker stubs

.iplt           0x20014798        0x0
 .iplt          0x00000000        0x0 obj/crt0.o

.rel.dyn        0x20014798        0x0
 .rel.iplt      0x00000000        0x0 obj/crt0.o

.data           0x20014798      0x82c
                0x20014798                __data_start = .
 *(.data)
 .data          0x20014798        0x0 obj/crt0.o
 .data          0x20014798       0xb0 obj/keypad.o
 .data          0x20014848      0x238 obj/display.o
 .data          0x20014a80      0x500 obj/audio.o
 .data          0x20014f80       0x10 obj/system.o
 .data          0x20014f90        0x0 obj/pio.o
 .data          0x20014f90        0x0 obj/mem.o
 .data          0x20014f90        0x0 obj/memp.o
 .data          0x20014f90        0x0 obj/netif.o
 .data          0x20014f90        0x0 obj/pbuf.o
 .data          0x20014f90        0x0 obj/raw.o
 .data          0x20014f90        0x0 obj/stats.o
 .data          0x20014f90        0x0 obj/sys.o
 .data          0x20014f90       0x34 obj/tcp.o
                0x20014f90                tcp_state_str
 .data          0x20014fc4        0x0 obj/tcp_in.o
 .data          0x20014fc4        0x0 obj/tcp_out.o
 .data          0x20014fc4        0x0 obj/udp.o
 .data          0x20014fc4        0x0 obj/dhcp.o
 .data          0x20014fc4        0x0 obj/icmp.o
 .data          0x20014fc4        0x0 obj/ip.o
 .data          0x20014fc4        0x0 obj/inet.o
 .data          0x20014fc4        0x0 obj/ip_addr.o
 .data          0x20014fc4        0x0 obj/ip_frag.o
 .data          0x20014fc4        0x0 obj/inet_chksum.o
 .data          0x20014fc4        0x0 obj/etharp.o
 .data          0x20014fc4        0x0 obj/buffers.o
 .data          0x20014fc4        0x0 obj/callproc.o
 .data          0x20014fc4        0x0 obj/callutil.o
 .data          0x20014fc4        0x0 obj/error.o
 .data          0x20014fc4        0x0 obj/ethernet.o
 .data          0x20014fc4        0x0 obj/ipproc.o
 .data          0x20014fc4        0x0 obj/keyproc.o
 .data          0x20014fc4        0x0 obj/mainloop.o
 .data          0x20014fc4        0x0 obj/memproc.o
 .data          0x20014fc4        0x0 obj/stubfncs.o
 .data          0x20014fc4        0x0 obj/tcpconn.o
 .data          0x20014fc4        0x0 c:/mgc2/bin/../lib/gcc/arm-none-eabi/4.6.1\libgcc.a(_divsi3.o)
 .data          0x20014fc4        0x0 c:/mgc2/bin/../lib/gcc/arm-none-eabi/4.6.1\libgcc.a(_dvmd_tls.o)
 .data          0x20014fc4        0x0 c:/mgc2/bin/../lib/gcc/arm-none-eabi/4.6.1/../../../../arm-none-eabi/lib\libc.a(lib_a-memcpy.o)
 .data          0x20014fc4        0x0 c:/mgc2/bin/../lib/gcc/arm-none-eabi/4.6.1/../../../../arm-none-eabi/lib\libc.a(lib_a-memset.o)
                0x20014fc4                __edata = .

.igot.plt       0x20014fc4        0x0
 .igot.plt      0x00000000        0x0 obj/crt0.o

.bss            0x20014fc4     0x6144
                0x20014fc4                __start_bss = .
 *(.bss)
 .bss           0x20014fc4        0x0 obj/crt0.o
 .bss           0x20014fc4        0x0 obj/keypad.o
 .bss           0x20014fc4        0x0 obj/display.o
 .bss           0x20014fc4        0x0 obj/audio.o
 .bss           0x20014fc4        0x0 obj/system.o
 .bss           0x20014fc4        0x0 obj/pio.o
 .bss           0x20014fc4     0x1924 obj/mem.o
 .bss           0x200168e8     0x3c3c obj/memp.o
 .bss           0x2001a524        0x1 obj/netif.o
 .bss           0x2001a525        0x0 obj/pbuf.o
 *fill*         0x2001a525        0x3 00
 .bss           0x2001a528        0x4 obj/raw.o
 .bss           0x2001a52c        0x0 obj/stats.o
 .bss           0x2001a52c        0x0 obj/sys.o
 .bss           0x2001a52c        0x1 obj/tcp.o
 *fill*         0x2001a52d        0x3 00
 .bss           0x2001a530       0x30 obj/tcp_in.o
 .bss           0x2001a560        0x0 obj/tcp_out.o
 .bss           0x2001a560        0x0 obj/udp.o
 .bss           0x2001a560        0x0 obj/dhcp.o
 .bss           0x2001a560        0x0 obj/icmp.o
 .bss           0x2001a560        0x2 obj/ip.o
 *fill*         0x2001a562        0x2 00
 .bss           0x2001a564       0x10 obj/inet.o
 .bss           0x2001a574        0x0 obj/ip_addr.o
 .bss           0x2001a574      0x5e8 obj/ip_frag.o
 .bss           0x2001ab5c        0x0 obj/inet_chksum.o
 .bss           0x2001ab5c       0xa4 obj/etharp.o
 .bss           0x2001ac00       0xb8 obj/buffers.o
 .bss           0x2001acb8        0x0 obj/callproc.o
 .bss           0x2001acb8       0x34 obj/callutil.o
 .bss           0x2001acec        0x0 obj/error.o
 .bss           0x2001acec       0x30 obj/ethernet.o
 .bss           0x2001ad1c        0x8 obj/ipproc.o
 .bss           0x2001ad24        0x0 obj/keyproc.o
 .bss           0x2001ad24        0x0 obj/mainloop.o
 .bss           0x2001ad24       0x8c obj/memproc.o
 .bss           0x2001adb0        0x0 obj/stubfncs.o
 .bss           0x2001adb0      0x210 obj/tcpconn.o
 .bss           0x2001afc0        0x0 c:/mgc2/bin/../lib/gcc/arm-none-eabi/4.6.1\libgcc.a(_divsi3.o)
 .bss           0x2001afc0        0x0 c:/mgc2/bin/../lib/gcc/arm-none-eabi/4.6.1\libgcc.a(_dvmd_tls.o)
 .bss           0x2001afc0        0x0 c:/mgc2/bin/../lib/gcc/arm-none-eabi/4.6.1/../../../../arm-none-eabi/lib\libc.a(lib_a-memcpy.o)
 .bss           0x2001afc0        0x0 c:/mgc2/bin/../lib/gcc/arm-none-eabi/4.6.1/../../../../arm-none-eabi/lib\libc.a(lib_a-memset.o)
 *(COMMON)
 COMMON         0x2001afc0        0x8 obj/netif.o
                0x2001afc0                netif_list
                0x2001afc4                netif_default
 COMMON         0x2001afc8      0x116 obj/stats.o
                0x2001afc8                lwip_stats
 *fill*         0x2001b0de        0x2 00
 COMMON         0x2001b0e0       0x18 obj/tcp.o
                0x2001b0e0                tcp_active_pcbs
                0x2001b0e4                tcp_ticks
                0x2001b0e8                tcp_listen_pcbs
                0x2001b0ec                tcp_tmp_pcb
                0x2001b0f0                tcp_bound_pcbs
                0x2001b0f4                tcp_tw_pcbs
 COMMON         0x2001b0f8        0x4 obj/tcp_in.o
                0x2001b0f8                tcp_input_pcb
 COMMON         0x2001b0fc        0x4 obj/udp.o
                0x2001b0fc                udp_pcbs
 COMMON         0x2001b100        0x8 obj/ip.o
                0x2001b100                current_netif
                0x2001b104                current_header
                0x2001b108                __end_bss = .
OUTPUT(armvoip.elf elf32-littlearm)

.ARM.attributes
                0x00000000       0x28
 .ARM.attributes
                0x00000000       0x1c obj/crt0.o
 .ARM.attributes
                0x0000001c       0x1c obj/keypad.o
 .ARM.attributes
                0x00000038       0x1c obj/display.o
 .ARM.attributes
                0x00000054       0x1c obj/audio.o
 .ARM.attributes
                0x00000070       0x1c obj/system.o
 .ARM.attributes
                0x0000008c       0x1c obj/pio.o
 .ARM.attributes
                0x000000a8       0x31 obj/mem.o
 .ARM.attributes
                0x000000d9       0x31 obj/memp.o
 .ARM.attributes
                0x0000010a       0x31 obj/netif.o
 .ARM.attributes
                0x0000013b       0x31 obj/pbuf.o
 .ARM.attributes
                0x0000016c       0x31 obj/raw.o
 .ARM.attributes
                0x0000019d       0x31 obj/stats.o
 .ARM.attributes
                0x000001ce       0x31 obj/sys.o
 .ARM.attributes
                0x000001ff       0x31 obj/tcp.o
 .ARM.attributes
                0x00000230       0x31 obj/tcp_in.o
 .ARM.attributes
                0x00000261       0x31 obj/tcp_out.o
 .ARM.attributes
                0x00000292       0x31 obj/udp.o
 .ARM.attributes
                0x000002c3       0x31 obj/dhcp.o
 .ARM.attributes
                0x000002f4       0x31 obj/icmp.o
 .ARM.attributes
                0x00000325       0x31 obj/ip.o
 .ARM.attributes
                0x00000356       0x31 obj/inet.o
 .ARM.attributes
                0x00000387       0x31 obj/ip_addr.o
 .ARM.attributes
                0x000003b8       0x31 obj/ip_frag.o
 .ARM.attributes
                0x000003e9       0x31 obj/inet_chksum.o
 .ARM.attributes
                0x0000041a       0x31 obj/etharp.o
 .ARM.attributes
                0x0000044b       0x31 obj/buffers.o
 .ARM.attributes
                0x0000047c       0x31 obj/callproc.o
 .ARM.attributes
                0x000004ad       0x31 obj/callutil.o
 .ARM.attributes
                0x000004de       0x31 obj/error.o
 .ARM.attributes
                0x0000050f       0x31 obj/ethernet.o
 .ARM.attributes
                0x00000540       0x31 obj/ipproc.o
 .ARM.attributes
                0x00000571       0x31 obj/keyproc.o
 .ARM.attributes
                0x000005a2       0x31 obj/mainloop.o
 .ARM.attributes
                0x000005d3       0x31 obj/memproc.o
 .ARM.attributes
                0x00000604       0x31 obj/stubfncs.o
 .ARM.attributes
                0x00000635       0x31 obj/tcpconn.o
 .ARM.attributes
                0x00000666       0x1a c:/mgc2/bin/../lib/gcc/arm-none-eabi/4.6.1\libgcc.a(_divsi3.o)
 .ARM.attributes
                0x00000680       0x18 c:/mgc2/bin/../lib/gcc/arm-none-eabi/4.6.1\libgcc.a(_dvmd_tls.o)
 .ARM.attributes
                0x00000698       0x32 c:/mgc2/bin/../lib/gcc/arm-none-eabi/4.6.1/../../../../arm-none-eabi/lib\libc.a(lib_a-memcpy.o)
 .ARM.attributes
                0x000006ca       0x32 c:/mgc2/bin/../lib/gcc/arm-none-eabi/4.6.1/../../../../arm-none-eabi/lib\libc.a(lib_a-memset.o)

.comment        0x00000000       0x30
 .comment       0x00000000       0x30 obj/mem.o
                                 0x31 (size before relaxing)
 .comment       0x00000000       0x31 obj/memp.o
 .comment       0x00000000       0x31 obj/netif.o
 .comment       0x00000000       0x31 obj/pbuf.o
 .comment       0x00000000       0x31 obj/raw.o
 .comment       0x00000000       0x31 obj/stats.o
 .comment       0x00000000       0x31 obj/sys.o
 .comment       0x00000000       0x31 obj/tcp.o
 .comment       0x00000000       0x31 obj/tcp_in.o
 .comment       0x00000000       0x31 obj/tcp_out.o
 .comment       0x00000000       0x31 obj/udp.o
 .comment       0x00000000       0x31 obj/dhcp.o
 .comment       0x00000000       0x31 obj/icmp.o
 .comment       0x00000000       0x31 obj/ip.o
 .comment       0x00000000       0x31 obj/inet.o
 .comment       0x00000000       0x31 obj/ip_addr.o
 .comment       0x00000000       0x31 obj/ip_frag.o
 .comment       0x00000000       0x31 obj/inet_chksum.o
 .comment       0x00000000       0x31 obj/etharp.o
 .comment       0x00000000       0x31 obj/buffers.o
 .comment       0x00000000       0x31 obj/callproc.o
 .comment       0x00000000       0x31 obj/callutil.o
 .comment       0x00000000       0x31 obj/error.o
 .comment       0x00000000       0x31 obj/ethernet.o
 .comment       0x00000000       0x31 obj/ipproc.o
 .comment       0x00000000       0x31 obj/keyproc.o
 .comment       0x00000000       0x31 obj/mainloop.o
 .comment       0x00000000       0x31 obj/memproc.o
 .comment       0x00000000       0x31 obj/stubfncs.o
 .comment       0x00000000       0x31 obj/tcpconn.o

.debug_line     0x00000000     0x39f1
 .debug_line    0x00000000       0x50 obj/crt0.o
 .debug_line    0x00000050       0x91 obj/keypad.o
 .debug_line    0x000000e1      0x10f obj/display.o
 .debug_line    0x000001f0       0xb1 obj/audio.o
 .debug_line    0x000002a1       0x8d obj/system.o
 .debug_line    0x0000032e       0x77 obj/pio.o
 .debug_line    0x000003a5      0x1ae obj/mem.o
 .debug_line    0x00000553      0x136 obj/memp.o
 .debug_line    0x00000689      0x1fb obj/netif.o
 .debug_line    0x00000884      0x2ee obj/pbuf.o
 .debug_line    0x00000b72      0x1b9 obj/raw.o
 .debug_line    0x00000d2b       0xa6 obj/stats.o
 .debug_line    0x00000dd1       0x1d obj/sys.o
 .debug_line    0x00000dee      0x573 obj/tcp.o
 .debug_line    0x00001361      0x699 obj/tcp_in.o
 .debug_line    0x000019fa      0x491 obj/tcp_out.o
 .debug_line    0x00001e8b      0x2e0 obj/udp.o
 .debug_line    0x0000216b       0x1d obj/dhcp.o
 .debug_line    0x00002188      0x1a2 obj/icmp.o
 .debug_line    0x0000232a      0x25f obj/ip.o
 .debug_line    0x00002589      0x195 obj/inet.o
 .debug_line    0x0000271e      0x106 obj/ip_addr.o
 .debug_line    0x00002824      0x307 obj/ip_frag.o
 .debug_line    0x00002b2b      0x147 obj/inet_chksum.o
 .debug_line    0x00002c72      0x356 obj/etharp.o
 .debug_line    0x00002fc8      0x120 obj/buffers.o
 .debug_line    0x000030e8       0x64 obj/callproc.o
 .debug_line    0x0000314c      0x128 obj/callutil.o
 .debug_line    0x00003274       0x52 obj/error.o
 .debug_line    0x000032c6      0x156 obj/ethernet.o
 .debug_line    0x0000341c      0x169 obj/ipproc.o
 .debug_line    0x00003585       0x5c obj/keyproc.o
 .debug_line    0x000035e1       0xb1 obj/mainloop.o
 .debug_line    0x00003692       0xc6 obj/memproc.o
 .debug_line    0x00003758       0xa4 obj/stubfncs.o
 .debug_line    0x000037fc      0x1f5 obj/tcpconn.o

.debug_info     0x00000000     0xbf9a
 .debug_info    0x00000000       0x76 obj/crt0.o
 .debug_info    0x00000076       0x78 obj/keypad.o
 .debug_info    0x000000ee       0x79 obj/display.o
 .debug_info    0x00000167       0x77 obj/audio.o
 .debug_info    0x000001de       0x78 obj/system.o
 .debug_info    0x00000256       0x75 obj/pio.o
 .debug_info    0x000002cb      0x565 obj/mem.o
 .debug_info    0x00000830      0x42a obj/memp.o
 .debug_info    0x00000c5a      0xbf8 obj/netif.o
 .debug_info    0x00001852      0x6a8 obj/pbuf.o
 .debug_info    0x00001efa      0x6d3 obj/raw.o
 .debug_info    0x000025cd      0x28b obj/stats.o
 .debug_info    0x00002858       0x73 obj/sys.o
 .debug_info    0x000028cb     0x14ba obj/tcp.o
 .debug_info    0x00003d85      0xedf obj/tcp_in.o
 .debug_info    0x00004c64      0xf8c obj/tcp_out.o
 .debug_info    0x00005bf0      0xaba obj/udp.o
 .debug_info    0x000066aa       0x73 obj/dhcp.o
 .debug_info    0x0000671d      0x77b obj/icmp.o
 .debug_info    0x00006e98      0x7dd obj/ip.o
 .debug_info    0x00007675      0x2f8 obj/inet.o
 .debug_info    0x0000796d      0x2ff obj/ip_addr.o
 .debug_info    0x00007c6c      0xab0 obj/ip_frag.o
 .debug_info    0x0000871c      0x2b8 obj/inet_chksum.o
 .debug_info    0x000089d4      0xccc obj/etharp.o
 .debug_info    0x000096a0      0x3d3 obj/buffers.o
 .debug_info    0x00009a73      0x172 obj/callproc.o
 .debug_info    0x00009be5      0x39b obj/callutil.o
 .debug_info    0x00009f80       0xb5 obj/error.o
 .debug_info    0x0000a035      0x44c obj/ethernet.o
 .debug_info    0x0000a481      0x641 obj/ipproc.o
 .debug_info    0x0000aac2      0x138 obj/keyproc.o
 .debug_info    0x0000abfa      0x3e1 obj/mainloop.o
 .debug_info    0x0000afdb      0x397 obj/memproc.o
 .debug_info    0x0000b372      0x175 obj/stubfncs.o
 .debug_info    0x0000b4e7      0xab3 obj/tcpconn.o

.debug_abbrev   0x00000000     0x2669
 .debug_abbrev  0x00000000       0x14 obj/crt0.o
 .debug_abbrev  0x00000014       0x14 obj/keypad.o
 .debug_abbrev  0x00000028       0x14 obj/display.o
 .debug_abbrev  0x0000003c       0x14 obj/audio.o
 .debug_abbrev  0x00000050       0x14 obj/system.o
 .debug_abbrev  0x00000064       0x14 obj/pio.o
 .debug_abbrev  0x00000078      0x17c obj/mem.o
 .debug_abbrev  0x000001f4      0x147 obj/memp.o
 .debug_abbrev  0x0000033b      0x21d obj/netif.o
 .debug_abbrev  0x00000558      0x161 obj/pbuf.o
 .debug_abbrev  0x000006b9      0x186 obj/raw.o
 .debug_abbrev  0x0000083f       0xac obj/stats.o
 .debug_abbrev  0x000008eb       0x2a obj/sys.o
 .debug_abbrev  0x00000915      0x29e obj/tcp.o
 .debug_abbrev  0x00000bb3      0x1f7 obj/tcp_in.o
 .debug_abbrev  0x00000daa      0x22c obj/tcp_out.o
 .debug_abbrev  0x00000fd6      0x1c4 obj/udp.o
 .debug_abbrev  0x0000119a       0x2a obj/dhcp.o
 .debug_abbrev  0x000011c4      0x1b3 obj/icmp.o
 .debug_abbrev  0x00001377      0x18a obj/ip.o
 .debug_abbrev  0x00001501      0x10b obj/inet.o
 .debug_abbrev  0x0000160c       0xe7 obj/ip_addr.o
 .debug_abbrev  0x000016f3      0x1e7 obj/ip_frag.o
 .debug_abbrev  0x000018da      0x133 obj/inet_chksum.o
 .debug_abbrev  0x00001a0d      0x1d3 obj/etharp.o
 .debug_abbrev  0x00001be0       0xb7 obj/buffers.o
 .debug_abbrev  0x00001c97       0x81 obj/callproc.o
 .debug_abbrev  0x00001d18      0x15b obj/callutil.o
 .debug_abbrev  0x00001e73       0x50 obj/error.o
 .debug_abbrev  0x00001ec3      0x168 obj/ethernet.o
 .debug_abbrev  0x0000202b      0x140 obj/ipproc.o
 .debug_abbrev  0x0000216b       0x81 obj/keyproc.o
 .debug_abbrev  0x000021ec       0xef obj/mainloop.o
 .debug_abbrev  0x000022db       0xd9 obj/memproc.o
 .debug_abbrev  0x000023b4       0xb3 obj/stubfncs.o
 .debug_abbrev  0x00002467      0x202 obj/tcpconn.o

.debug_aranges  0x00000000      0x420
 .debug_aranges
                0x00000000       0x20 obj/crt0.o
 .debug_aranges
                0x00000020       0x20 obj/keypad.o
 .debug_aranges
                0x00000040       0x20 obj/display.o
 .debug_aranges
                0x00000060       0x20 obj/audio.o
 .debug_aranges
                0x00000080       0x20 obj/system.o
 .debug_aranges
                0x000000a0       0x20 obj/pio.o
 .debug_aranges
                0x000000c0       0x20 obj/mem.o
 .debug_aranges
                0x000000e0       0x20 obj/memp.o
 .debug_aranges
                0x00000100       0x20 obj/netif.o
 .debug_aranges
                0x00000120       0x20 obj/pbuf.o
 .debug_aranges
                0x00000140       0x20 obj/raw.o
 .debug_aranges
                0x00000160       0x20 obj/tcp.o
 .debug_aranges
                0x00000180       0x20 obj/tcp_in.o
 .debug_aranges
                0x000001a0       0x20 obj/tcp_out.o
 .debug_aranges
                0x000001c0       0x20 obj/udp.o
 .debug_aranges
                0x000001e0       0x20 obj/icmp.o
 .debug_aranges
                0x00000200       0x20 obj/ip.o
 .debug_aranges
                0x00000220       0x20 obj/inet.o
 .debug_aranges
                0x00000240       0x20 obj/ip_addr.o
 .debug_aranges
                0x00000260       0x20 obj/ip_frag.o
 .debug_aranges
                0x00000280       0x20 obj/inet_chksum.o
 .debug_aranges
                0x000002a0       0x20 obj/etharp.o
 .debug_aranges
                0x000002c0       0x20 obj/buffers.o
 .debug_aranges
                0x000002e0       0x20 obj/callproc.o
 .debug_aranges
                0x00000300       0x20 obj/callutil.o
 .debug_aranges
                0x00000320       0x20 obj/error.o
 .debug_aranges
                0x00000340       0x20 obj/ethernet.o
 .debug_aranges
                0x00000360       0x20 obj/ipproc.o
 .debug_aranges
                0x00000380       0x20 obj/keyproc.o
 .debug_aranges
                0x000003a0       0x20 obj/mainloop.o
 .debug_aranges
                0x000003c0       0x20 obj/memproc.o
 .debug_aranges
                0x000003e0       0x20 obj/stubfncs.o
 .debug_aranges
                0x00000400       0x20 obj/tcpconn.o

.debug_loc      0x00000000     0x2520
 .debug_loc     0x00000000      0x108 obj/mem.o
 .debug_loc     0x00000108       0x84 obj/memp.o
 .debug_loc     0x0000018c      0x1e4 obj/netif.o
 .debug_loc     0x00000370      0x23c obj/pbuf.o
 .debug_loc     0x000005ac      0x160 obj/raw.o
 .debug_loc     0x0000070c      0x554 obj/tcp.o
 .debug_loc     0x00000c60      0x108 obj/tcp_in.o
 .debug_loc     0x00000d68      0x23c obj/tcp_out.o
 .debug_loc     0x00000fa4      0x1b8 obj/udp.o
 .debug_loc     0x0000115c       0xb0 obj/icmp.o
 .debug_loc     0x0000120c       0xb0 obj/ip.o
 .debug_loc     0x000012bc      0x134 obj/inet.o
 .debug_loc     0x000013f0       0x2c obj/ip_addr.o
 .debug_loc     0x0000141c      0x160 obj/ip_frag.o
 .debug_loc     0x0000157c       0xb0 obj/inet_chksum.o
 .debug_loc     0x0000162c      0x210 obj/etharp.o
 .debug_loc     0x0000183c      0x294 obj/buffers.o
 .debug_loc     0x00001ad0       0x84 obj/callproc.o
 .debug_loc     0x00001b54      0x268 obj/callutil.o
 .debug_loc     0x00001dbc       0x2c obj/error.o
 .debug_loc     0x00001de8       0xb0 obj/ethernet.o
 .debug_loc     0x00001e98      0x160 obj/ipproc.o
 .debug_loc     0x00001ff8       0x58 obj/keyproc.o
 .debug_loc     0x00002050       0x58 obj/mainloop.o
 .debug_loc     0x000020a8      0x134 obj/memproc.o
 .debug_loc     0x000021dc       0xb0 obj/stubfncs.o
 .debug_loc     0x0000228c      0x294 obj/tcpconn.o

.debug_str      0x00000000     0x2103
 .debug_str     0x00000000      0x28a obj/mem.o
                                0x2e2 (size before relaxing)
 .debug_str     0x0000028a       0x6f obj/memp.o
                                0x29f (size before relaxing)
 .debug_str     0x000002f9      0x346 obj/netif.o
                                0x4f5 (size before relaxing)
 .debug_str     0x0000063f      0x1b5 obj/pbuf.o
                                0x390 (size before relaxing)
 .debug_str     0x000007f4       0xcc obj/raw.o
                                0x35e (size before relaxing)
 .debug_str     0x000008c0       0x20 obj/stats.o
                                0x231 (size before relaxing)
 .debug_str     0x000008e0       0x1e obj/sys.o
                                 0xf1 (size before relaxing)
 .debug_str     0x000008fe      0x28e obj/tcp.o
                                0x808 (size before relaxing)
 .debug_str     0x00000b8c      0x105 obj/tcp_in.o
                                0x69f (size before relaxing)
 .debug_str     0x00000c91      0x126 obj/tcp_out.o
                                0x690 (size before relaxing)
 .debug_str     0x00000db7      0x148 obj/udp.o
                                0x4e1 (size before relaxing)
 .debug_str     0x00000eff       0x1f obj/dhcp.o
                                 0xf2 (size before relaxing)
 .debug_str     0x00000f1e       0xba obj/icmp.o
                                0x3cc (size before relaxing)
 .debug_str     0x00000fd8       0x88 obj/ip.o
                                0x3e8 (size before relaxing)
 .debug_str     0x00001060       0x74 obj/inet.o
                                0x15d (size before relaxing)
 .debug_str     0x000010d4       0x57 obj/ip_addr.o
                                0x1c7 (size before relaxing)
 .debug_str     0x0000112b      0x1dd obj/ip_frag.o
                                0x55d (size before relaxing)
 .debug_str     0x00001308       0x8b obj/inet_chksum.o
                                0x1b4 (size before relaxing)
 .debug_str     0x00001393      0x27c obj/etharp.o
                                0x5b6 (size before relaxing)
 .debug_str     0x0000160f      0x163 obj/buffers.o
                                0x24a (size before relaxing)
 .debug_str     0x00001772       0xe5 obj/callproc.o
                                0x1bf (size before relaxing)
 .debug_str     0x00001857      0x185 obj/callutil.o
                                0x28b (size before relaxing)
 .debug_str     0x000019dc      0x157 obj/error.o
                                0x1a1 (size before relaxing)
 .debug_str     0x00001b33       0x67 obj/ethernet.o
                                0x288 (size before relaxing)
 .debug_str     0x00001b9a      0x1c0 obj/ipproc.o
                                0x523 (size before relaxing)
 .debug_str     0x00001d5a       0x2c obj/keyproc.o
                                0x1b9 (size before relaxing)
 .debug_str     0x00001d86      0x14c obj/mainloop.o
                                0x414 (size before relaxing)
 .debug_str     0x00001ed2       0x86 obj/memproc.o
                                0x465 (size before relaxing)
 .debug_str     0x00001f58       0x52 obj/stubfncs.o
                                0x155 (size before relaxing)
 .debug_str     0x00001faa      0x159 obj/tcpconn.o
                                0x695 (size before relaxing)

.debug_frame    0x00000000     0x1934
 .debug_frame   0x00000000       0xa8 obj/mem.o
 .debug_frame   0x000000a8       0x58 obj/memp.o
 .debug_frame   0x00000100      0x12c obj/netif.o
 .debug_frame   0x0000022c      0x16c obj/pbuf.o
 .debug_frame   0x00000398       0xe4 obj/raw.o
 .debug_frame   0x0000047c      0x344 obj/tcp.o
 .debug_frame   0x000007c0       0xd0 obj/tcp_in.o
 .debug_frame   0x00000890      0x19c obj/tcp_out.o
 .debug_frame   0x00000a2c      0x120 obj/udp.o
 .debug_frame   0x00000b4c       0x84 obj/icmp.o
 .debug_frame   0x00000bd0       0x88 obj/ip.o
 .debug_frame   0x00000c58       0xc8 obj/inet.o
 .debug_frame   0x00000d20       0x28 obj/ip_addr.o
 .debug_frame   0x00000d48       0xf8 obj/ip_frag.o
 .debug_frame   0x00000e40       0x80 obj/inet_chksum.o
 .debug_frame   0x00000ec0      0x168 obj/etharp.o
 .debug_frame   0x00001028      0x19c obj/buffers.o
 .debug_frame   0x000011c4       0x64 obj/callproc.o
 .debug_frame   0x00001228      0x184 obj/callutil.o
 .debug_frame   0x000013ac       0x28 obj/error.o
 .debug_frame   0x000013d4       0x80 obj/ethernet.o
 .debug_frame   0x00001454       0xec obj/ipproc.o
 .debug_frame   0x00001540       0x44 obj/keyproc.o
 .debug_frame   0x00001584       0x48 obj/mainloop.o
 .debug_frame   0x000015cc       0xd4 obj/memproc.o
 .debug_frame   0x000016a0       0x70 obj/stubfncs.o
 .debug_frame   0x00001710      0x1b0 obj/tcpconn.o
 .debug_frame   0x000018c0       0x20 c:/mgc2/bin/../lib/gcc/arm-none-eabi/4.6.1\libgcc.a(_divsi3.o)
 .debug_frame   0x000018e0       0x2c c:/mgc2/bin/../lib/gcc/arm-none-eabi/4.6.1/../../../../arm-none-eabi/lib\libc.a(lib_a-memcpy.o)
 .debug_frame   0x0000190c       0x28 c:/mgc2/bin/../lib/gcc/arm-none-eabi/4.6.1/../../../../arm-none-eabi/lib\libc.a(lib_a-memset.o)

.debug_ranges   0x00000000       0x30
 .debug_ranges  0x00000000       0x18 obj/netif.o
 .debug_ranges  0x00000018       0x18 obj/icmp.o
