Archive member included because of file (symbol)

c:/mgc2/bin/../lib/gcc/arm-none-eabi/4.6.1\libgcc.a(_divsi3.o)
                              obj/tcp_in.o (__aeabi_idiv)
c:/mgc2/bin/../lib/gcc/arm-none-eabi/4.6.1\libgcc.a(_dvmd_tls.o)
                              c:/mgc2/bin/../lib/gcc/arm-none-eabi/4.6.1\libgcc.a(_divsi3.o) (__aeabi_idiv0)
c:/mgc2/bin/../lib/gcc/arm-none-eabi/4.6.1/../../../../arm-none-eabi/lib\libc.a(lib_a-memcpy.o)
                              obj/pbuf.o (memcpy)
c:/mgc2/bin/../lib/gcc/arm-none-eabi/4.6.1/../../../../arm-none-eabi/lib\libc.a(lib_a-memset.o)
                              obj/mem.o (memset)

Allocating common symbols
Common symbol       size              file

netif_list          0x4               obj/netif.o
tcp_active_pcbs     0x4               obj/tcp.o
udp_pcbs            0x4               obj/udp.o
current_netif       0x4               obj/ip.o
tcp_ticks           0x4               obj/tcp.o
tcp_listen_pcbs     0x4               obj/tcp.o
tcp_tmp_pcb         0x4               obj/tcp.o
tcp_input_pcb       0x4               obj/tcp_in.o
current_header      0x4               obj/ip.o
tcp_bound_pcbs      0x4               obj/tcp.o
tcp_tw_pcbs         0x4               obj/tcp.o
lwip_stats          0x116             obj/stats.o
netif_default       0x4               obj/netif.o

Memory Configuration

Name             Origin             Length             Attributes
int_ram          0x00200000         0x00004000         xrw
ext_ram          0x20000000         0x00020000         xrw
ext_rom          0x80000000         0x00080000         xr
*default*        0x00000000         0xffffffff

Linker script and memory map

LOAD c:/mgc2/bin/../lib/gcc/arm-none-eabi/4.6.1\libgcc.a
LOAD obj/crt0.o
LOAD obj/keypad.o
LOAD obj/display.o
LOAD obj/audio.o
LOAD obj/system.o
LOAD obj/mem.o
LOAD obj/memp.o
LOAD obj/netif.o
LOAD obj/pbuf.o
LOAD obj/raw.o
LOAD obj/stats.o
LOAD obj/sys.o
LOAD obj/tcp.o
LOAD obj/tcp_in.o
LOAD obj/tcp_out.o
LOAD obj/udp.o
LOAD obj/dhcp.o
LOAD obj/icmp.o
LOAD obj/ip.o
LOAD obj/inet.o
LOAD obj/ip_addr.o
LOAD obj/ip_frag.o
LOAD obj/inet_chksum.o
LOAD obj/etharp.o
LOAD obj/ipproc.o
LOAD obj/memproc.o
LOAD obj/mainloop.o
LOAD obj/buffers.o
LOAD obj/callproc.o
LOAD obj/ethernet.o
LOAD obj/keyproc.o
LOAD obj/tcpconn.o
LOAD obj/stubfncs.o
LOAD obj/callutil.o
LOAD obj/error.o
START GROUP
LOAD c:/mgc2/bin/../lib/gcc/arm-none-eabi/4.6.1\libgcc.a
LOAD c:/mgc2/bin/../lib/gcc/arm-none-eabi/4.6.1/../../../../arm-none-eabi/lib\libc.a
END GROUP

.text           0x20000000    0x14308
 obj/crt0.o(.text)
 .text          0x20000000       0xc8 obj/crt0.o
                0x20000000                low_level_init
 *(.text)
 .text          0x200000c8      0x184 obj/keypad.o
                0x200000c8                keypad_init
                0x20000120                key_available
                0x20000130                getkey
 .text          0x2000024c       0x3c obj/display.o
                0x2000024c                display_memory_addr
                0x20000254                display_IP
                0x2000025c                display_status
                0x20000264                redraw
 .text          0x20000288      0x194 obj/audio.o
                0x20000288                audio_init
                0x20000320                call_start
                0x20000328                call_halt
                0x20000330                update_rx
                0x20000364                update_tx
 .text          0x2000041c      0x16c obj/system.o
                0x2000041c                init_system
                0x20000478                elapsed_time
 .text          0x20000588      0xac8 obj/mem.o
                0x20000714                mem_init
                0x200007f8                mem_free
                0x20000928                mem_realloc
                0x20000c64                mem_malloc
                0x20000fd8                mem_calloc
 .text          0x20001050      0x46c obj/memp.o
                0x20001050                memp_init
                0x20001220                memp_malloc
                0x200013f8                memp_free
 .text          0x200014bc      0x68c obj/netif.o
                0x200014bc                netif_add
                0x200015b4                netif_set_addr
                0x20001600                netif_remove
                0x200016e0                netif_find
                0x200017a8                netif_set_ipaddr
                0x20001960                netif_set_gw
                0x200019c8                netif_set_netmask
                0x20001a30                netif_set_default
                0x20001a5c                netif_set_up
                0x20001acc                netif_set_down
                0x20001b18                netif_is_up
 .text          0x20001b48      0xf90 obj/pbuf.o
                0x20001b48                pbuf_alloc
                0x20001ee4                pbuf_realloc
                0x20002088                pbuf_header
                0x20002230                pbuf_free
                0x20002364                pbuf_clen
                0x200023b8                pbuf_ref
                0x200023fc                pbuf_cat
                0x200024b0                pbuf_chain
                0x200024e4                pbuf_dechain
                0x2000258c                pbuf_copy
                0x20002788                pbuf_copy_partial
                0x2000290c                pbuf_take
                0x20002a44                pbuf_coalesce
 .text          0x20002ad8      0x57c obj/raw.o
                0x20002ad8                raw_input
                0x20002c3c                raw_bind
                0x20002cb4                raw_connect
                0x20002d2c                raw_recv
                0x20002d68                raw_sendto
                0x20002ed8                raw_send
                0x20002f18                raw_remove
                0x20002fcc                raw_new
 .text          0x20003054        0x0 obj/stats.o
 .text          0x20003054        0x0 obj/sys.o
 .text          0x20003054     0x217c obj/tcp.o
                0x20003054                tcp_tmr
                0x200030a4                tcp_close
                0x20003304                tcp_abandon
                0x2000348c                tcp_bind
                0x200038dc                tcp_listen_with_backlog
                0x20003ad8                tcp_update_rcv_ann_wnd
                0x20003bd4                tcp_recved
                0x20003dcc                tcp_connect
                0x20004080                tcp_slowtmr
                0x20004754                tcp_fasttmr
                0x20004880                tcp_segs_free
                0x200048ec                tcp_seg_free
                0x20004958                tcp_setprio
                0x20004988                tcp_recv_null
                0x20004bac                tcp_alloc
                0x20004db0                tcp_new
                0x20004dd4                tcp_arg
                0x20004e00                tcp_recv
                0x20004e2c                tcp_sent
                0x20004e58                tcp_err
                0x20004e84                tcp_accept
                0x20004eb0                tcp_poll
                0x20004ef0                tcp_pcb_purge
                0x20004fa4                tcp_pcb_remove
                0x200050e0                tcp_next_iss
                0x20005124                tcp_eff_send_mss
                0x2000519c                tcp_debug_state_str
 .text          0x200051d0     0x342c obj/tcp_in.o
                0x200051d0                tcp_input
 .text          0x200085fc     0x26c4 obj/tcp_out.o
                0x20008918                tcp_send_ctrl
                0x20008968                tcp_write
                0x20008a24                tcp_enqueue
                0x200096e8                tcp_send_empty_ack
                0x20009838                tcp_output
                0x2000a258                tcp_rst
                0x2000a5e0                tcp_rexmit_rto
                0x2000a698                tcp_rexmit
                0x2000a7dc                tcp_rexmit_fast
                0x2000a904                tcp_keepalive
                0x2000aa28                tcp_zero_window_probe
 .text          0x2000acc0      0xf50 obj/udp.o
                0x2000acc0                udp_input
                0x2000b348                udp_send
                0x2000b38c                udp_sendto
                0x2000b420                udp_sendto_if
                0x2000b770                udp_bind
                0x2000b904                udp_connect
                0x2000ba50                udp_disconnect
                0x2000bacc                udp_recv
                0x2000bb08                udp_remove
                0x2000bbbc                udp_new
 .text          0x2000bc10        0x0 obj/dhcp.o
 .text          0x2000bc10      0x90c obj/icmp.o
                0x2000bc10                icmp_input
                0x2000c32c                icmp_dest_unreach
                0x2000c364                icmp_time_exceeded
 .text          0x2000c51c      0xd78 obj/ip.o
                0x2000c51c                ip_route
                0x2000c634                ip_input
                0x2000cc28                ip_output_if
                0x2000d1f0                ip_output
 .text          0x2000d294      0x68c obj/inet.o
                0x2000d294                inet_addr
                0x2000d2dc                inet_aton
                0x2000d67c                inet_ntoa
                0x2000d80c                htons
                0x2000d86c                ntohs
                0x2000d8a0                htonl
                0x2000d8f4                ntohl
 .text          0x2000d920      0x130 obj/ip_addr.o
                0x2000d920                ip_addr_isbroadcast
 .text          0x2000da50     0x15e8 obj/ip_frag.o
                0x2000da50                ip_reass_tmr
                0x2000e638                ip_reass
                0x2000ec8c                ip_frag
 .text          0x2000f038      0x550 obj/inet_chksum.o
                0x2000f16c                inet_chksum_pseudo
                0x2000f414                inet_chksum
                0x2000f45c                inet_chksum_pbuf
 .text          0x2000f588     0x17d0 obj/etharp.o
                0x2000f588                etharp_tmr
                0x2000fdc8                etharp_find_addr
                0x2000fe84                etharp_ip_input
                0x2000ff44                etharp_arp_input
                0x200103a4                etharp_output
                0x2001063c                etharp_query
                0x20010ba8                etharp_request
                0x20010c1c                ethernet_input
 .text          0x20010d58      0x61c obj/ipproc.o
                0x20010d58                start_IPEntry
                0x20010e18                clear_IPAddr
                0x20010e80                add_IPDigit
                0x20011038                del_IPDigit
                0x200111c0                set_IP
                0x20011240                set_gateway
                0x200112c0                set_subnet
 .text          0x20011374      0x3c8 obj/memproc.o
                0x20011374                init_memory
                0x200113e8                start_memLoc
                0x20011480                clear_memLoc
                0x200114cc                add_memDigit
                0x20011570                del_memDigit
                0x200115ec                save_mem
                0x20011684                recall_mem
 .text          0x2001173c      0x2bc obj/mainloop.o
                0x2001173c                main
 .text          0x200119f8      0x760 obj/buffers.o
                0x200119f8                init_buffers
                0x20011aa8                reset_rx_buffer
                0x20011aec                reset_tx_buffer
                0x20011b30                rx_available
                0x20011b90                xmit_available
                0x20011c04                get_rx_next_ptr
                0x20011c7c                get_rx_buffer
                0x20011d60                get_xmit_next_ptr
                0x20011dd8                get_xmit_buffer
                0x20011e60                tx_available
                0x20011ec4                rcv_available
                0x20011f24                get_tx_next_ptr
                0x20011f9c                get_tx_buffer
                0x20012058                get_rcv_next_ptr
                0x200120d0                get_rcv_buffer
 .text          0x20012158       0x90 obj/callproc.o
                0x20012158                do_answer
                0x20012188                do_call
                0x200121b8                end_call
 .text          0x200121e8      0x2f4 obj/ethernet.o
                0x200121e8                init_networking
                0x20012288                ethernetif_init
                0x20012394                ethernetif_input
                0x20012468                ethernetif_output
 .text          0x200124dc       0x60 obj/keyproc.o
                0x200124dc                no_action
                0x20012508                reset_input
 .text          0x2001253c      0x9e0 obj/tcpconn.o
                0x2001253c                have_tcp_connection
                0x20012574                tcp_connection_status
                0x2001259c                tcp_connection_init
                0x200125e4                tcp_connection_restart
                0x20012740                tcp_connection_connect
                0x200127e4                tcp_connection_answer
                0x20012868                tcp_connection_close
                0x200128e0                tcp_connection_rx
                0x2001299c                tcp_connection_tx
 .text          0x20012f1c       0x78 obj/stubfncs.o
                0x20012f1c                ether_init
                0x20012f38                ether_transmit
                0x20012f5c                ether_rx_available
                0x20012f78                ether_receive
 .text          0x20012f94      0x8c4 obj/callutil.o
                0x20012f94                get_calling_IP
                0x20012fb8                get_calling_name
                0x20012fd8                set_calling_IP
                0x20013004                set_calling_name
                0x20013094                incoming_call
                0x200130b4                call_connected
                0x200130e4                initiate_outgoing
                0x2001310c                start_call
                0x20013158                connect_incoming
                0x20013198                process_call
                0x20013378                disconnect_call
 .text          0x20013858       0x20 obj/error.o
                0x20013858                process_error
 .text          0x20013878      0x148 c:/mgc2/bin/../lib/gcc/arm-none-eabi/4.6.1\libgcc.a(_divsi3.o)
                0x20013878                __divsi3
                0x20013878                __aeabi_idiv
                0x200139a0                __aeabi_idivmod
 .text          0x200139c0        0x4 c:/mgc2/bin/../lib/gcc/arm-none-eabi/4.6.1\libgcc.a(_dvmd_tls.o)
                0x200139c0                __aeabi_idiv0
                0x200139c0                __aeabi_ldiv0
 .text          0x200139c4      0x1b4 c:/mgc2/bin/../lib/gcc/arm-none-eabi/4.6.1/../../../../arm-none-eabi/lib\libc.a(lib_a-memcpy.o)
                0x200139c4                memcpy
 .text          0x20013b78      0x10c c:/mgc2/bin/../lib/gcc/arm-none-eabi/4.6.1/../../../../arm-none-eabi/lib\libc.a(lib_a-memset.o)
                0x20013b78                memset
                0x20013c84                __ecode = .
                0x20013c84                __rom_data_start = .
 *(.rodata)
 .rodata        0x20013c84       0x28 obj/memp.o
 .rodata        0x20013cac       0x90 obj/tcp.o
                0x20013d24                tcp_backoff
                0x20013d34                tcp_persist_backoff
 .rodata        0x20013d3c        0x8 obj/ip_addr.o
                0x20013d3c                ip_addr_any
                0x20013d40                ip_addr_broadcast
 .rodata        0x20013d44       0x10 obj/etharp.o
                0x20013d44                ethbroadcast
                0x20013d4c                ethzero
 .rodata        0x20013d54        0x4 obj/ipproc.o
 .rodata        0x20013d58      0x3a4 obj/mainloop.o
 .rodata        0x200140fc        0xc obj/tcpconn.o
 .rodata        0x20014108      0x200 obj/callutil.o
 *(.rdata)
                0x20014308                __rom_data_end = .

.glue_7         0x20014308        0x0
 .glue_7        0x00000000        0x0 linker stubs

.glue_7t        0x20014308        0x0
 .glue_7t       0x00000000        0x0 linker stubs

.vfp11_veneer   0x20014308        0x0
 .vfp11_veneer  0x00000000        0x0 linker stubs

.v4_bx          0x20014308        0x0
 .v4_bx         0x00000000        0x0 linker stubs

.iplt           0x20014308        0x0
 .iplt          0x00000000        0x0 obj/crt0.o

.rel.dyn        0x20014308        0x0
 .rel.iplt      0x00000000        0x0 obj/crt0.o

.data           0x20014308     0x15f8
                0x20014308                __data_start = .
 *(.data)
 .data          0x20014308      0x500 obj/crt0.o
 .data          0x20014808       0xb0 obj/keypad.o
 .data          0x200148b8     0x1004 obj/display.o
 .data          0x200158bc        0x0 obj/audio.o
 .data          0x200158bc       0x10 obj/system.o
 .data          0x200158cc        0x0 obj/mem.o
 .data          0x200158cc        0x0 obj/memp.o
 .data          0x200158cc        0x0 obj/netif.o
 .data          0x200158cc        0x0 obj/pbuf.o
 .data          0x200158cc        0x0 obj/raw.o
 .data          0x200158cc        0x0 obj/stats.o
 .data          0x200158cc        0x0 obj/sys.o
 .data          0x200158cc       0x34 obj/tcp.o
                0x200158cc                tcp_state_str
 .data          0x20015900        0x0 obj/tcp_in.o
 .data          0x20015900        0x0 obj/tcp_out.o
 .data          0x20015900        0x0 obj/udp.o
 .data          0x20015900        0x0 obj/dhcp.o
 .data          0x20015900        0x0 obj/icmp.o
 .data          0x20015900        0x0 obj/ip.o
 .data          0x20015900        0x0 obj/inet.o
 .data          0x20015900        0x0 obj/ip_addr.o
 .data          0x20015900        0x0 obj/ip_frag.o
 .data          0x20015900        0x0 obj/inet_chksum.o
 .data          0x20015900        0x0 obj/etharp.o
 .data          0x20015900        0x0 obj/ipproc.o
 .data          0x20015900        0x0 obj/memproc.o
 .data          0x20015900        0x0 obj/mainloop.o
 .data          0x20015900        0x0 obj/buffers.o
 .data          0x20015900        0x0 obj/callproc.o
 .data          0x20015900        0x0 obj/ethernet.o
 .data          0x20015900        0x0 obj/keyproc.o
 .data          0x20015900        0x0 obj/tcpconn.o
 .data          0x20015900        0x0 obj/stubfncs.o
 .data          0x20015900        0x0 obj/callutil.o
 .data          0x20015900        0x0 obj/error.o
 .data          0x20015900        0x0 c:/mgc2/bin/../lib/gcc/arm-none-eabi/4.6.1\libgcc.a(_divsi3.o)
 .data          0x20015900        0x0 c:/mgc2/bin/../lib/gcc/arm-none-eabi/4.6.1\libgcc.a(_dvmd_tls.o)
 .data          0x20015900        0x0 c:/mgc2/bin/../lib/gcc/arm-none-eabi/4.6.1/../../../../arm-none-eabi/lib\libc.a(lib_a-memcpy.o)
 .data          0x20015900        0x0 c:/mgc2/bin/../lib/gcc/arm-none-eabi/4.6.1/../../../../arm-none-eabi/lib\libc.a(lib_a-memset.o)
                0x20015900                __edata = .

.igot.plt       0x20015900        0x0
 .igot.plt      0x00000000        0x0 obj/crt0.o

.bss            0x20015900     0x6144
                0x20015900                __start_bss = .
 *(.bss)
 .bss           0x20015900        0x0 obj/crt0.o
 .bss           0x20015900        0x0 obj/keypad.o
 .bss           0x20015900        0x0 obj/display.o
 .bss           0x20015900        0x0 obj/audio.o
 .bss           0x20015900        0x0 obj/system.o
 .bss           0x20015900     0x1924 obj/mem.o
 .bss           0x20017224     0x3c3c obj/memp.o
 .bss           0x2001ae60        0x1 obj/netif.o
 .bss           0x2001ae61        0x0 obj/pbuf.o
 *fill*         0x2001ae61        0x3 00
 .bss           0x2001ae64        0x4 obj/raw.o
 .bss           0x2001ae68        0x0 obj/stats.o
 .bss           0x2001ae68        0x0 obj/sys.o
 .bss           0x2001ae68        0x1 obj/tcp.o
 *fill*         0x2001ae69        0x3 00
 .bss           0x2001ae6c       0x30 obj/tcp_in.o
 .bss           0x2001ae9c        0x0 obj/tcp_out.o
 .bss           0x2001ae9c        0x0 obj/udp.o
 .bss           0x2001ae9c        0x0 obj/dhcp.o
 .bss           0x2001ae9c        0x0 obj/icmp.o
 .bss           0x2001ae9c        0x2 obj/ip.o
 *fill*         0x2001ae9e        0x2 00
 .bss           0x2001aea0       0x10 obj/inet.o
 .bss           0x2001aeb0        0x0 obj/ip_addr.o
 .bss           0x2001aeb0      0x5e8 obj/ip_frag.o
 .bss           0x2001b498        0x0 obj/inet_chksum.o
 .bss           0x2001b498       0xa4 obj/etharp.o
 .bss           0x2001b53c        0x8 obj/ipproc.o
 .bss           0x2001b544       0x8c obj/memproc.o
 .bss           0x2001b5d0        0x0 obj/mainloop.o
 .bss           0x2001b5d0       0xb8 obj/buffers.o
 .bss           0x2001b688        0x0 obj/callproc.o
 .bss           0x2001b688       0x30 obj/ethernet.o
 .bss           0x2001b6b8        0x0 obj/keyproc.o
 .bss           0x2001b6b8      0x210 obj/tcpconn.o
 .bss           0x2001b8c8        0x0 obj/stubfncs.o
 .bss           0x2001b8c8       0x34 obj/callutil.o
 .bss           0x2001b8fc        0x0 obj/error.o
 .bss           0x2001b8fc        0x0 c:/mgc2/bin/../lib/gcc/arm-none-eabi/4.6.1\libgcc.a(_divsi3.o)
 .bss           0x2001b8fc        0x0 c:/mgc2/bin/../lib/gcc/arm-none-eabi/4.6.1\libgcc.a(_dvmd_tls.o)
 .bss           0x2001b8fc        0x0 c:/mgc2/bin/../lib/gcc/arm-none-eabi/4.6.1/../../../../arm-none-eabi/lib\libc.a(lib_a-memcpy.o)
 .bss           0x2001b8fc        0x0 c:/mgc2/bin/../lib/gcc/arm-none-eabi/4.6.1/../../../../arm-none-eabi/lib\libc.a(lib_a-memset.o)
 *(COMMON)
 COMMON         0x2001b8fc        0x8 obj/netif.o
                0x2001b8fc                netif_list
                0x2001b900                netif_default
 COMMON         0x2001b904      0x116 obj/stats.o
                0x2001b904                lwip_stats
 *fill*         0x2001ba1a        0x2 00
 COMMON         0x2001ba1c       0x18 obj/tcp.o
                0x2001ba1c                tcp_active_pcbs
                0x2001ba20                tcp_ticks
                0x2001ba24                tcp_listen_pcbs
                0x2001ba28                tcp_tmp_pcb
                0x2001ba2c                tcp_bound_pcbs
                0x2001ba30                tcp_tw_pcbs
 COMMON         0x2001ba34        0x4 obj/tcp_in.o
                0x2001ba34                tcp_input_pcb
 COMMON         0x2001ba38        0x4 obj/udp.o
                0x2001ba38                udp_pcbs
 COMMON         0x2001ba3c        0x8 obj/ip.o
                0x2001ba3c                current_netif
                0x2001ba40                current_header
                0x2001ba44                __end_bss = .
OUTPUT(armvoip.elf elf32-littlearm)

.ARM.attributes
                0x00000000       0x28
 .ARM.attributes
                0x00000000       0x1c obj/crt0.o
 .ARM.attributes
                0x0000001c       0x1c obj/keypad.o
 .ARM.attributes
                0x00000038       0x1c obj/display.o
 .ARM.attributes
                0x00000054       0x1c obj/audio.o
 .ARM.attributes
                0x00000070       0x1c obj/system.o
 .ARM.attributes
                0x0000008c       0x31 obj/mem.o
 .ARM.attributes
                0x000000bd       0x31 obj/memp.o
 .ARM.attributes
                0x000000ee       0x31 obj/netif.o
 .ARM.attributes
                0x0000011f       0x31 obj/pbuf.o
 .ARM.attributes
                0x00000150       0x31 obj/raw.o
 .ARM.attributes
                0x00000181       0x31 obj/stats.o
 .ARM.attributes
                0x000001b2       0x31 obj/sys.o
 .ARM.attributes
                0x000001e3       0x31 obj/tcp.o
 .ARM.attributes
                0x00000214       0x31 obj/tcp_in.o
 .ARM.attributes
                0x00000245       0x31 obj/tcp_out.o
 .ARM.attributes
                0x00000276       0x31 obj/udp.o
 .ARM.attributes
                0x000002a7       0x31 obj/dhcp.o
 .ARM.attributes
                0x000002d8       0x31 obj/icmp.o
 .ARM.attributes
                0x00000309       0x31 obj/ip.o
 .ARM.attributes
                0x0000033a       0x31 obj/inet.o
 .ARM.attributes
                0x0000036b       0x31 obj/ip_addr.o
 .ARM.attributes
                0x0000039c       0x31 obj/ip_frag.o
 .ARM.attributes
                0x000003cd       0x31 obj/inet_chksum.o
 .ARM.attributes
                0x000003fe       0x31 obj/etharp.o
 .ARM.attributes
                0x0000042f       0x31 obj/ipproc.o
 .ARM.attributes
                0x00000460       0x31 obj/memproc.o
 .ARM.attributes
                0x00000491       0x31 obj/mainloop.o
 .ARM.attributes
                0x000004c2       0x31 obj/buffers.o
 .ARM.attributes
                0x000004f3       0x31 obj/callproc.o
 .ARM.attributes
                0x00000524       0x31 obj/ethernet.o
 .ARM.attributes
                0x00000555       0x31 obj/keyproc.o
 .ARM.attributes
                0x00000586       0x31 obj/tcpconn.o
 .ARM.attributes
                0x000005b7       0x31 obj/stubfncs.o
 .ARM.attributes
                0x000005e8       0x31 obj/callutil.o
 .ARM.attributes
                0x00000619       0x31 obj/error.o
 .ARM.attributes
                0x0000064a       0x1a c:/mgc2/bin/../lib/gcc/arm-none-eabi/4.6.1\libgcc.a(_divsi3.o)
 .ARM.attributes
                0x00000664       0x18 c:/mgc2/bin/../lib/gcc/arm-none-eabi/4.6.1\libgcc.a(_dvmd_tls.o)
 .ARM.attributes
                0x0000067c       0x32 c:/mgc2/bin/../lib/gcc/arm-none-eabi/4.6.1/../../../../arm-none-eabi/lib\libc.a(lib_a-memcpy.o)
 .ARM.attributes
                0x000006ae       0x32 c:/mgc2/bin/../lib/gcc/arm-none-eabi/4.6.1/../../../../arm-none-eabi/lib\libc.a(lib_a-memset.o)

.comment        0x00000000       0x30
 .comment       0x00000000       0x30 obj/mem.o
                                 0x31 (size before relaxing)
 .comment       0x00000000       0x31 obj/memp.o
 .comment       0x00000000       0x31 obj/netif.o
 .comment       0x00000000       0x31 obj/pbuf.o
 .comment       0x00000000       0x31 obj/raw.o
 .comment       0x00000000       0x31 obj/stats.o
 .comment       0x00000000       0x31 obj/sys.o
 .comment       0x00000000       0x31 obj/tcp.o
 .comment       0x00000000       0x31 obj/tcp_in.o
 .comment       0x00000000       0x31 obj/tcp_out.o
 .comment       0x00000000       0x31 obj/udp.o
 .comment       0x00000000       0x31 obj/dhcp.o
 .comment       0x00000000       0x31 obj/icmp.o
 .comment       0x00000000       0x31 obj/ip.o
 .comment       0x00000000       0x31 obj/inet.o
 .comment       0x00000000       0x31 obj/ip_addr.o
 .comment       0x00000000       0x31 obj/ip_frag.o
 .comment       0x00000000       0x31 obj/inet_chksum.o
 .comment       0x00000000       0x31 obj/etharp.o
 .comment       0x00000000       0x31 obj/ipproc.o
 .comment       0x00000000       0x31 obj/memproc.o
 .comment       0x00000000       0x31 obj/mainloop.o
 .comment       0x00000000       0x31 obj/buffers.o
 .comment       0x00000000       0x31 obj/callproc.o
 .comment       0x00000000       0x31 obj/ethernet.o
 .comment       0x00000000       0x31 obj/keyproc.o
 .comment       0x00000000       0x31 obj/tcpconn.o
 .comment       0x00000000       0x31 obj/stubfncs.o
 .comment       0x00000000       0x31 obj/callutil.o
 .comment       0x00000000       0x31 obj/error.o

.debug_line     0x00000000     0x38b9
 .debug_line    0x00000000       0x76 obj/crt0.o
 .debug_line    0x00000076       0x91 obj/keypad.o
 .debug_line    0x00000107       0x51 obj/display.o
 .debug_line    0x00000158       0x88 obj/audio.o
 .debug_line    0x000001e0       0x8d obj/system.o
 .debug_line    0x0000026d      0x1ae obj/mem.o
 .debug_line    0x0000041b      0x136 obj/memp.o
 .debug_line    0x00000551      0x1fb obj/netif.o
 .debug_line    0x0000074c      0x2ee obj/pbuf.o
 .debug_line    0x00000a3a      0x1b9 obj/raw.o
 .debug_line    0x00000bf3       0xa6 obj/stats.o
 .debug_line    0x00000c99       0x1d obj/sys.o
 .debug_line    0x00000cb6      0x573 obj/tcp.o
 .debug_line    0x00001229      0x699 obj/tcp_in.o
 .debug_line    0x000018c2      0x491 obj/tcp_out.o
 .debug_line    0x00001d53      0x2e0 obj/udp.o
 .debug_line    0x00002033       0x1d obj/dhcp.o
 .debug_line    0x00002050      0x1a2 obj/icmp.o
 .debug_line    0x000021f2      0x25f obj/ip.o
 .debug_line    0x00002451      0x195 obj/inet.o
 .debug_line    0x000025e6      0x106 obj/ip_addr.o
 .debug_line    0x000026ec      0x307 obj/ip_frag.o
 .debug_line    0x000029f3      0x147 obj/inet_chksum.o
 .debug_line    0x00002b3a      0x356 obj/etharp.o
 .debug_line    0x00002e90      0x169 obj/ipproc.o
 .debug_line    0x00002ff9       0xc6 obj/memproc.o
 .debug_line    0x000030bf       0xb1 obj/mainloop.o
 .debug_line    0x00003170      0x120 obj/buffers.o
 .debug_line    0x00003290       0x64 obj/callproc.o
 .debug_line    0x000032f4      0x156 obj/ethernet.o
 .debug_line    0x0000344a       0x5c obj/keyproc.o
 .debug_line    0x000034a6      0x1f5 obj/tcpconn.o
 .debug_line    0x0000369b       0xa4 obj/stubfncs.o
 .debug_line    0x0000373f      0x128 obj/callutil.o
 .debug_line    0x00003867       0x52 obj/error.o

.debug_info     0x00000000     0xbf25
 .debug_info    0x00000000       0x76 obj/crt0.o
 .debug_info    0x00000076       0x78 obj/keypad.o
 .debug_info    0x000000ee       0x79 obj/display.o
 .debug_info    0x00000167       0x77 obj/audio.o
 .debug_info    0x000001de       0x78 obj/system.o
 .debug_info    0x00000256      0x565 obj/mem.o
 .debug_info    0x000007bb      0x42a obj/memp.o
 .debug_info    0x00000be5      0xbf8 obj/netif.o
 .debug_info    0x000017dd      0x6a8 obj/pbuf.o
 .debug_info    0x00001e85      0x6d3 obj/raw.o
 .debug_info    0x00002558      0x28b obj/stats.o
 .debug_info    0x000027e3       0x73 obj/sys.o
 .debug_info    0x00002856     0x14ba obj/tcp.o
 .debug_info    0x00003d10      0xedf obj/tcp_in.o
 .debug_info    0x00004bef      0xf8c obj/tcp_out.o
 .debug_info    0x00005b7b      0xaba obj/udp.o
 .debug_info    0x00006635       0x73 obj/dhcp.o
 .debug_info    0x000066a8      0x77b obj/icmp.o
 .debug_info    0x00006e23      0x7dd obj/ip.o
 .debug_info    0x00007600      0x2f8 obj/inet.o
 .debug_info    0x000078f8      0x2ff obj/ip_addr.o
 .debug_info    0x00007bf7      0xab0 obj/ip_frag.o
 .debug_info    0x000086a7      0x2b8 obj/inet_chksum.o
 .debug_info    0x0000895f      0xccc obj/etharp.o
 .debug_info    0x0000962b      0x641 obj/ipproc.o
 .debug_info    0x00009c6c      0x397 obj/memproc.o
 .debug_info    0x0000a003      0x3e1 obj/mainloop.o
 .debug_info    0x0000a3e4      0x3d3 obj/buffers.o
 .debug_info    0x0000a7b7      0x172 obj/callproc.o
 .debug_info    0x0000a929      0x44c obj/ethernet.o
 .debug_info    0x0000ad75      0x138 obj/keyproc.o
 .debug_info    0x0000aead      0xab3 obj/tcpconn.o
 .debug_info    0x0000b960      0x175 obj/stubfncs.o
 .debug_info    0x0000bad5      0x39b obj/callutil.o
 .debug_info    0x0000be70       0xb5 obj/error.o

.debug_abbrev   0x00000000     0x2655
 .debug_abbrev  0x00000000       0x14 obj/crt0.o
 .debug_abbrev  0x00000014       0x14 obj/keypad.o
 .debug_abbrev  0x00000028       0x14 obj/display.o
 .debug_abbrev  0x0000003c       0x14 obj/audio.o
 .debug_abbrev  0x00000050       0x14 obj/system.o
 .debug_abbrev  0x00000064      0x17c obj/mem.o
 .debug_abbrev  0x000001e0      0x147 obj/memp.o
 .debug_abbrev  0x00000327      0x21d obj/netif.o
 .debug_abbrev  0x00000544      0x161 obj/pbuf.o
 .debug_abbrev  0x000006a5      0x186 obj/raw.o
 .debug_abbrev  0x0000082b       0xac obj/stats.o
 .debug_abbrev  0x000008d7       0x2a obj/sys.o
 .debug_abbrev  0x00000901      0x29e obj/tcp.o
 .debug_abbrev  0x00000b9f      0x1f7 obj/tcp_in.o
 .debug_abbrev  0x00000d96      0x22c obj/tcp_out.o
 .debug_abbrev  0x00000fc2      0x1c4 obj/udp.o
 .debug_abbrev  0x00001186       0x2a obj/dhcp.o
 .debug_abbrev  0x000011b0      0x1b3 obj/icmp.o
 .debug_abbrev  0x00001363      0x18a obj/ip.o
 .debug_abbrev  0x000014ed      0x10b obj/inet.o
 .debug_abbrev  0x000015f8       0xe7 obj/ip_addr.o
 .debug_abbrev  0x000016df      0x1e7 obj/ip_frag.o
 .debug_abbrev  0x000018c6      0x133 obj/inet_chksum.o
 .debug_abbrev  0x000019f9      0x1d3 obj/etharp.o
 .debug_abbrev  0x00001bcc      0x140 obj/ipproc.o
 .debug_abbrev  0x00001d0c       0xd9 obj/memproc.o
 .debug_abbrev  0x00001de5       0xef obj/mainloop.o
 .debug_abbrev  0x00001ed4       0xb7 obj/buffers.o
 .debug_abbrev  0x00001f8b       0x81 obj/callproc.o
 .debug_abbrev  0x0000200c      0x168 obj/ethernet.o
 .debug_abbrev  0x00002174       0x81 obj/keyproc.o
 .debug_abbrev  0x000021f5      0x202 obj/tcpconn.o
 .debug_abbrev  0x000023f7       0xb3 obj/stubfncs.o
 .debug_abbrev  0x000024aa      0x15b obj/callutil.o
 .debug_abbrev  0x00002605       0x50 obj/error.o

.debug_aranges  0x00000000      0x400
 .debug_aranges
                0x00000000       0x20 obj/crt0.o
 .debug_aranges
                0x00000020       0x20 obj/keypad.o
 .debug_aranges
                0x00000040       0x20 obj/display.o
 .debug_aranges
                0x00000060       0x20 obj/audio.o
 .debug_aranges
                0x00000080       0x20 obj/system.o
 .debug_aranges
                0x000000a0       0x20 obj/mem.o
 .debug_aranges
                0x000000c0       0x20 obj/memp.o
 .debug_aranges
                0x000000e0       0x20 obj/netif.o
 .debug_aranges
                0x00000100       0x20 obj/pbuf.o
 .debug_aranges
                0x00000120       0x20 obj/raw.o
 .debug_aranges
                0x00000140       0x20 obj/tcp.o
 .debug_aranges
                0x00000160       0x20 obj/tcp_in.o
 .debug_aranges
                0x00000180       0x20 obj/tcp_out.o
 .debug_aranges
                0x000001a0       0x20 obj/udp.o
 .debug_aranges
                0x000001c0       0x20 obj/icmp.o
 .debug_aranges
                0x000001e0       0x20 obj/ip.o
 .debug_aranges
                0x00000200       0x20 obj/inet.o
 .debug_aranges
                0x00000220       0x20 obj/ip_addr.o
 .debug_aranges
                0x00000240       0x20 obj/ip_frag.o
 .debug_aranges
                0x00000260       0x20 obj/inet_chksum.o
 .debug_aranges
                0x00000280       0x20 obj/etharp.o
 .debug_aranges
                0x000002a0       0x20 obj/ipproc.o
 .debug_aranges
                0x000002c0       0x20 obj/memproc.o
 .debug_aranges
                0x000002e0       0x20 obj/mainloop.o
 .debug_aranges
                0x00000300       0x20 obj/buffers.o
 .debug_aranges
                0x00000320       0x20 obj/callproc.o
 .debug_aranges
                0x00000340       0x20 obj/ethernet.o
 .debug_aranges
                0x00000360       0x20 obj/keyproc.o
 .debug_aranges
                0x00000380       0x20 obj/tcpconn.o
 .debug_aranges
                0x000003a0       0x20 obj/stubfncs.o
 .debug_aranges
                0x000003c0       0x20 obj/callutil.o
 .debug_aranges
                0x000003e0       0x20 obj/error.o

.debug_loc      0x00000000     0x2520
 .debug_loc     0x00000000      0x108 obj/mem.o
 .debug_loc     0x00000108       0x84 obj/memp.o
 .debug_loc     0x0000018c      0x1e4 obj/netif.o
 .debug_loc     0x00000370      0x23c obj/pbuf.o
 .debug_loc     0x000005ac      0x160 obj/raw.o
 .debug_loc     0x0000070c      0x554 obj/tcp.o
 .debug_loc     0x00000c60      0x108 obj/tcp_in.o
 .debug_loc     0x00000d68      0x23c obj/tcp_out.o
 .debug_loc     0x00000fa4      0x1b8 obj/udp.o
 .debug_loc     0x0000115c       0xb0 obj/icmp.o
 .debug_loc     0x0000120c       0xb0 obj/ip.o
 .debug_loc     0x000012bc      0x134 obj/inet.o
 .debug_loc     0x000013f0       0x2c obj/ip_addr.o
 .debug_loc     0x0000141c      0x160 obj/ip_frag.o
 .debug_loc     0x0000157c       0xb0 obj/inet_chksum.o
 .debug_loc     0x0000162c      0x210 obj/etharp.o
 .debug_loc     0x0000183c      0x160 obj/ipproc.o
 .debug_loc     0x0000199c      0x134 obj/memproc.o
 .debug_loc     0x00001ad0       0x58 obj/mainloop.o
 .debug_loc     0x00001b28      0x294 obj/buffers.o
 .debug_loc     0x00001dbc       0x84 obj/callproc.o
 .debug_loc     0x00001e40       0xb0 obj/ethernet.o
 .debug_loc     0x00001ef0       0x58 obj/keyproc.o
 .debug_loc     0x00001f48      0x294 obj/tcpconn.o
 .debug_loc     0x000021dc       0xb0 obj/stubfncs.o
 .debug_loc     0x0000228c      0x268 obj/callutil.o
 .debug_loc     0x000024f4       0x2c obj/error.o

.debug_str      0x00000000     0x2103
 .debug_str     0x00000000      0x28a obj/mem.o
                                0x2e2 (size before relaxing)
 .debug_str     0x0000028a       0x6f obj/memp.o
                                0x29f (size before relaxing)
 .debug_str     0x000002f9      0x346 obj/netif.o
                                0x4f5 (size before relaxing)
 .debug_str     0x0000063f      0x1b5 obj/pbuf.o
                                0x390 (size before relaxing)
 .debug_str     0x000007f4       0xcc obj/raw.o
                                0x35e (size before relaxing)
 .debug_str     0x000008c0       0x20 obj/stats.o
                                0x231 (size before relaxing)
 .debug_str     0x000008e0       0x1e obj/sys.o
                                 0xf1 (size before relaxing)
 .debug_str     0x000008fe      0x28e obj/tcp.o
                                0x808 (size before relaxing)
 .debug_str     0x00000b8c      0x105 obj/tcp_in.o
                                0x69f (size before relaxing)
 .debug_str     0x00000c91      0x126 obj/tcp_out.o
                                0x690 (size before relaxing)
 .debug_str     0x00000db7      0x148 obj/udp.o
                                0x4e1 (size before relaxing)
 .debug_str     0x00000eff       0x1f obj/dhcp.o
                                 0xf2 (size before relaxing)
 .debug_str     0x00000f1e       0xba obj/icmp.o
                                0x3cc (size before relaxing)
 .debug_str     0x00000fd8       0x88 obj/ip.o
                                0x3e8 (size before relaxing)
 .debug_str     0x00001060       0x74 obj/inet.o
                                0x15d (size before relaxing)
 .debug_str     0x000010d4       0x57 obj/ip_addr.o
                                0x1c7 (size before relaxing)
 .debug_str     0x0000112b      0x1dd obj/ip_frag.o
                                0x55d (size before relaxing)
 .debug_str     0x00001308       0x8b obj/inet_chksum.o
                                0x1b4 (size before relaxing)
 .debug_str     0x00001393      0x27c obj/etharp.o
                                0x5b6 (size before relaxing)
 .debug_str     0x0000160f      0x3a8 obj/ipproc.o
                                0x523 (size before relaxing)
 .debug_str     0x000019b7       0x86 obj/memproc.o
                                0x465 (size before relaxing)
 .debug_str     0x00001a3d      0x14c obj/mainloop.o
                                0x414 (size before relaxing)
 .debug_str     0x00001b89      0x163 obj/buffers.o
                                0x24a (size before relaxing)
 .debug_str     0x00001cec       0x32 obj/callproc.o
                                0x1bf (size before relaxing)
 .debug_str     0x00001d1e       0x67 obj/ethernet.o
                                0x288 (size before relaxing)
 .debug_str     0x00001d85       0x2c obj/keyproc.o
                                0x1b9 (size before relaxing)
 .debug_str     0x00001db1      0x1b2 obj/tcpconn.o
                                0x695 (size before relaxing)
 .debug_str     0x00001f63       0x52 obj/stubfncs.o
                                0x155 (size before relaxing)
 .debug_str     0x00001fb5      0x12c obj/callutil.o
                                0x28b (size before relaxing)
 .debug_str     0x000020e1       0x22 obj/error.o
                                0x1a1 (size before relaxing)

.debug_frame    0x00000000     0x1934
 .debug_frame   0x00000000       0xa8 obj/mem.o
 .debug_frame   0x000000a8       0x58 obj/memp.o
 .debug_frame   0x00000100      0x12c obj/netif.o
 .debug_frame   0x0000022c      0x16c obj/pbuf.o
 .debug_frame   0x00000398       0xe4 obj/raw.o
 .debug_frame   0x0000047c      0x344 obj/tcp.o
 .debug_frame   0x000007c0       0xd0 obj/tcp_in.o
 .debug_frame   0x00000890      0x19c obj/tcp_out.o
 .debug_frame   0x00000a2c      0x120 obj/udp.o
 .debug_frame   0x00000b4c       0x84 obj/icmp.o
 .debug_frame   0x00000bd0       0x88 obj/ip.o
 .debug_frame   0x00000c58       0xc8 obj/inet.o
 .debug_frame   0x00000d20       0x28 obj/ip_addr.o
 .debug_frame   0x00000d48       0xf8 obj/ip_frag.o
 .debug_frame   0x00000e40       0x80 obj/inet_chksum.o
 .debug_frame   0x00000ec0      0x168 obj/etharp.o
 .debug_frame   0x00001028       0xec obj/ipproc.o
 .debug_frame   0x00001114       0xd4 obj/memproc.o
 .debug_frame   0x000011e8       0x48 obj/mainloop.o
 .debug_frame   0x00001230      0x19c obj/buffers.o
 .debug_frame   0x000013cc       0x64 obj/callproc.o
 .debug_frame   0x00001430       0x80 obj/ethernet.o
 .debug_frame   0x000014b0       0x44 obj/keyproc.o
 .debug_frame   0x000014f4      0x1b0 obj/tcpconn.o
 .debug_frame   0x000016a4       0x70 obj/stubfncs.o
 .debug_frame   0x00001714      0x184 obj/callutil.o
 .debug_frame   0x00001898       0x28 obj/error.o
 .debug_frame   0x000018c0       0x20 c:/mgc2/bin/../lib/gcc/arm-none-eabi/4.6.1\libgcc.a(_divsi3.o)
 .debug_frame   0x000018e0       0x2c c:/mgc2/bin/../lib/gcc/arm-none-eabi/4.6.1/../../../../arm-none-eabi/lib\libc.a(lib_a-memcpy.o)
 .debug_frame   0x0000190c       0x28 c:/mgc2/bin/../lib/gcc/arm-none-eabi/4.6.1/../../../../arm-none-eabi/lib\libc.a(lib_a-memset.o)

.debug_ranges   0x00000000       0x30
 .debug_ranges  0x00000000       0x18 obj/netif.o
 .debug_ranges  0x00000018       0x18 obj/icmp.o
