ispEXPERT Compiler Release 1.7.00.05.28.13, May 20 2002 13:06:40


Design Parameters
-----------------

EFFORT:                         MEDIUM (2)
IGNORE_FIXED_PIN:               OFF
MAX_GLB_IN:                     16
MAX_GLB_OUT:                    4
OUTPUT_FORM:                    VERILOG, VHDL
OS_VERSION:                     Windows NT 5.1
PARAM_FILE:                     'c:\documents and settings\micro\my documents\wwerst\ee52\abel\ispxpert'
PIN_FILE:                       'c:\documents and settings\micro\my documents\wwerst\ee52\abel\PLD.xpn'
STRATEGY:                       DELAY
TIMING_ANALYZER:                ON 
USE_GLOBAL_RESET:               ON


Design Specification
--------------------

Design:                         pld
Part:                           ispLSI1016E-100LJ44


ISP:                            ON
ISP_EXCEPT_Y2:                  OFF
PULL:                           UP
SECURITY:                       OFF
Y1_AS_RESET:                    ON
SLOWSLEW:                       OFF


Number of Critical Pins:        0
Number of Free Pins:            3
Number of Locked Pins:          18
Number of Reserved Pins:        0


Input Pins

    Pin Name                Pin Attribute

        JTAG_NTRST              LOCK 15, PULLUP
        MCLK                    LOCK 28, PULLUP
        NCS                     LOCK 25, PULLUP
        NRESET                  LOCK 16, PULLUP
        NWE                     LOCK 26, PULLUP
        RCLK                    LOCK 29, PULLUP


Output Pins

    Pin Name                Pin Attribute

        CAS                     LOCK 19, PULLUP
        C_A_EN                  LOCK 22, PULLUP
        DRAM_WE                 LOCK 20, PULLUP
        NTRST                   LOCK 17, PULLUP
        NWAIT                   LOCK 27, PULLUP
        RAS                     LOCK 18, PULLUP
        REFINPROGRESS           PULLUP
        REFINPROGRESSDELAY      PULLUP
        REFRQST                 PULLUP
        R_A_EN                  LOCK 21, PULLUP
        ST0                     LOCK 37, PULLUP
        ST1                     LOCK 38, PULLUP
        ST2                     LOCK 39, PULLUP
        ST3                     LOCK 40, PULLUP
        ST4                     LOCK 41, PULLUP


Pre-Route Design Statistics
---------------------------

Number of Macrocells:           17
Number of GLBs:                 6
Number of I/Os:                 21
Number of Nets:                 22

Number of Free Inputs:          0
Number of Free Outputs:         2
Number of Free Three-States:    0
Number of Free Bidi's:          1

Number of Locked Input IOCs:    6
Number of Locked DIs:           0
Number of Locked Outputs:       12
Number of Locked Three-States:  0
Number of Locked Bidi's:        0

Number of CRIT Outputs:         0
Number of Global OEs:           0
Number of External Clocks:      0


GLB Utilization (Out of 16):	37%
I/O Utilization (Out of 33):	63%
Net Utilization (Out of 97):	22%


Nets with Fanout of  1:         13
Nets with Fanout of  3:         3
Nets with Fanout of  4:         1
Nets with Fanout of  7:         5

Average Fanout per Net:         2.77


GLBs with  7 Input(s):          3
GLBs with  8 Input(s):          2
GLBs with  9 Input(s):          1

Average Inputs per GLB:         7.67


GLBs with  2 Output(s):         3
GLBs with  3 Output(s):         1
GLBs with  4 Output(s):         2

Average Outputs per GLB:        2.83


Number of GLB Registers:        8
Number of IOC Registers:        1


Post-Route Design Implementation
--------------------------------

Number of Macrocells:		17
Number of GLBs:			7
Number of IOCs:			21
Number of DIs:			0
Number of GLB Levels:		1


GLB glb00, A1

    7 Input(s)
        (JTAG_NTRST.O, JTAG_NTRSTX, I0), (NRESET.O, NRESETX, I1), 
        (glb04.O0, ST0_PIN, I4), (glb05.O1, ST1_PIN, I2), (glb03.O2, 
        ST2_PIN, I6), (glb05.O3, ST3_PIN, I11), (glb05.O0, 
        ST4_PIN, I3)
    2 Output(s)
        (REFRQST_PIN, O1), (AND_919, O2)
    2 Product Term(s)

    Output REFRQST_PIN

        5 Input(s)
            ST3_PIN, ST1_PIN, ST4_PIN, ST2_PIN, ST0_PIN
        3 Fanout(s)
            glb04.I10, glb05.I10, REFRQST.IR
        0 Product Term(s)
        1 GLB Level(s)

        REFRQST_PIN.D = VCC
        !REFRQST_PIN.C = BUF_975
        REFRQST_PIN.R = ST1_PIN & ST3_PIN & ST4_PIN & !ST0_PIN & !ST2_PIN

    Output AND_919

        2 Input(s)
            JTAG_NTRSTX, NRESETX
        1 Fanout(s)
            NTRST.IR
        1 Product Term(s)
        1 GLB Level(s)

        AND_919 = !NRESETX & !JTAG_NTRSTX


GLB glb01, A2

    7 Input(s)
        (NCS.O, NCSX, I3), (NWE.O, NWEX, I2), (glb04.O0, ST0_PIN, I4), 
        (glb05.O1, ST1_PIN, I9), (glb03.O2, ST2_PIN, I6), (glb05.O3, 
        ST3_PIN, I0), (glb05.O0, ST4_PIN, I8)
    4 Output(s)
        (RAS_PIN, O3), (OR_925, O2), (DEF_924, O0), (AND_922, O1)
    13 Product Term(s)

    Output RAS_PIN

        5 Input(s)
            ST3_PIN, ST1_PIN, ST4_PIN, ST2_PIN, ST0_PIN
        1 Fanout(s)
            RAS.IR
        5 Product Term(s)
        1 GLB Level(s)

        RAS_PIN = (!ST2_PIN & !ST1_PIN
            # ST4_PIN & !ST2_PIN
            # ST3_PIN & ST4_PIN
            # ST3_PIN & !ST0_PIN & !ST2_PIN
            # ST0_PIN & ST1_PIN & ST2_PIN & !ST3_PIN & !ST4_PIN)

    Output OR_925

        5 Input(s)
            ST3_PIN, ST1_PIN, ST4_PIN, ST2_PIN, ST0_PIN
        1 Fanout(s)
            R_A_EN.IR
        3 Product Term(s)
        1 GLB Level(s)

        OR_925 = ST1_PIN & !ST0_PIN & !ST2_PIN & !ST4_PIN
            # ST1_PIN & ST3_PIN & !ST2_PIN & !ST4_PIN
            # ST0_PIN & !ST3_PIN & !ST2_PIN & !ST4_PIN & !ST1_PIN

    Output DEF_924

        5 Input(s)
            ST3_PIN, ST1_PIN, ST4_PIN, ST2_PIN, ST0_PIN
        1 Fanout(s)
            CAS.IR
        4 Product Term(s)
        1 GLB Level(s)

        DEF_924 = (ST1_PIN & ST2_PIN & !ST4_PIN
            # ST2_PIN & ST4_PIN & !ST3_PIN & !ST0_PIN
            # ST0_PIN & ST1_PIN & ST4_PIN & !ST3_PIN & !ST2_PIN)
            $ ST0_PIN & ST2_PIN & !ST3_PIN

    Output AND_922

        2 Input(s)
            NWEX, NCSX
        1 Fanout(s)
            DRAM_WE.IR
        1 Product Term(s)
        1 GLB Level(s)

        AND_922 = !NCSX & !NWEX


GLB glb02_part1, A6

    5 Input(s)
        (glb04.O0, ST0_PIN, I4), (glb05.O1, ST1_PIN, I2), (glb03.O2, 
        ST2_PIN, I6), (glb05.O3, ST3_PIN, I0), (glb05.O0, 
        ST4_PIN, I3)
    1 Output(s)
        (C_A_EN_PIN, O3)
    4 Product Term(s)

    Output C_A_EN_PIN

        5 Input(s)
            ST3_PIN, ST1_PIN, ST4_PIN, ST2_PIN, ST0_PIN
        1 Fanout(s)
            C_A_EN.IR
        4 Product Term(s)
        1 GLB Level(s)

        C_A_EN_PIN = ST4_PIN
            # !ST2_PIN
            # ST3_PIN & !ST0_PIN & !ST1_PIN
            # ST0_PIN & ST1_PIN & !ST3_PIN


GLB glb02_part2, A4

    2 Input(s)
        (NCS.O, NCSX, I3), (glb04.O1, REFINPROGRESS_PIN, I5)
    1 Output(s)
        (NWAIT_PIN, O2)
    1 Product Term(s)

    Output NWAIT_PIN

        2 Input(s)
            REFINPROGRESS_PIN, NCSX
        1 Fanout(s)
            NWAIT.IR
        2 Product Term(s)
        1 GLB Level(s)

        NWAIT_PIN.D = (REFINPROGRESS_PIN & !NCSX)
            $ VCC
        NWAIT_PIN.C = BUF_976_part2
        NWAIT_PIN.R = 

Clock GLB glb03, B0

    8 Input(s)
        (MCLK.O, MCLKX, I15), (NRESET.O, NRESETX, I14), (RCLK.O, 
        RCLKX, I7), (glb04.O0, ST0_PIN, I11), (glb05.O1, ST1_PIN, I13), 
        (glb03.O2, ST2_PIN, I16), (glb05.O3, ST3_PIN, I4), (glb05.O0, 
        ST4_PIN, I12)
    4 Output(s)
        (ST2_PIN, O2), (BUF_976_part2, O0), (BUF_975, O1), 
        (BUF_976_part1, O3)
    8 Product Term(s)

    Output ST2_PIN

        6 Input(s)
            ST3_PIN, ST1_PIN, ST4_PIN, ST2_PIN, NRESETX, ST0_PIN
        7 Fanout(s)
            glb00.I6, glb01.I6, glb02_part1.I6, glb03.I16, glb04.I9,
            glb05.I9, ST2.IR
        6 Product Term(s)
        1 GLB Level(s)

        ST2_PIN.D = (!NRESETX
            # !ST0_PIN & !ST2_PIN
            # !ST2_PIN & !ST1_PIN
            # ST3_PIN & ST4_PIN
            # ST0_PIN & ST1_PIN & ST2_PIN)
            $ VCC
        !ST2_PIN.C = BUF_976_part2
        ST2_PIN.R = 
    Output BUF_976_part2

        1 Input(s)
            MCLKX
        4 Fanout(s)
            glb02_part2.CLK1, glb03.CLK1, glb04.CLK1, glb05.CLK1
        1 Product Term(s)
        1 GLB Level(s)

        BUF_976_part2 = MCLKX

    Output BUF_975

        1 Input(s)
            RCLKX
        1 Fanout(s)
            glb00.CLK2
        1 Product Term(s)
        1 GLB Level(s)

        BUF_975 = RCLKX

    Output BUF_976_part1

        1 Input(s)
            MCLKX
        1 Fanout(s)
            REFINPROGRESS.CLK1
        1 Product Term(s)
        1 GLB Level(s)

        BUF_976_part1 = MCLKX


GLB glb04, B1

    9 Input(s)
        (NCS.O, NCSX, I12), (NRESET.O, NRESETX, I14), (glb04.O1, 
        REFINPROGRESS_PIN, I16), (glb00.O1, REFRQST_PIN, I10), 
        (glb04.O0, ST0_PIN, I11), (glb05.O1, ST1_PIN, I13), (glb03.O2, 
        ST2_PIN, I9), (glb05.O3, ST3_PIN, I15), (glb05.O0, 
        ST4_PIN, I7)
    2 Output(s)
        (ST0_PIN, O0), (REFINPROGRESS_PIN, O1)
    11 Product Term(s)

    Output ST0_PIN

        8 Input(s)
            ST3_PIN, ST1_PIN, ST4_PIN, ST2_PIN, REFRQST_PIN, NRESETX,
            ST0_PIN, NCSX
        7 Fanout(s)
            glb00.I4, glb01.I4, glb02_part1.I4, glb03.I11, glb04.I11,
            glb05.I11, ST0.IR
        6 Product Term(s)
        1 GLB Level(s)

        ST0_PIN.D = (ST0_PIN
            # !NRESETX
            # ST1_PIN & ST4_PIN & !ST2_PIN
            # ST2_PIN & ST3_PIN & ST4_PIN
            # NCSX & !ST3_PIN & !REFRQST_PIN & !ST2_PIN & !ST4_PIN
            & !ST1_PIN)
            $ VCC
        !ST0_PIN.C = BUF_976_part2
        ST0_PIN.R = 
    Output REFINPROGRESS_PIN

        6 Input(s)
            ST3_PIN, ST1_PIN, ST4_PIN, REFINPROGRESS_PIN, ST2_PIN,
            ST0_PIN
        3 Fanout(s)
            glb02_part2.I5, glb04.I16, REFINPROGRESS.IR
        6 Product Term(s)
        1 GLB Level(s)

        REFINPROGRESS_PIN.D = (REFINPROGRESS_PIN & ST0_PIN
            # REFINPROGRESS_PIN & ST1_PIN
            # REFINPROGRESS_PIN & ST2_PIN
            # REFINPROGRESS_PIN & ST3_PIN
            # REFINPROGRESS_PIN & ST4_PIN
            # ST0_PIN & ST1_PIN & ST4_PIN & !ST3_PIN & !ST2_PIN)
        !REFINPROGRESS_PIN.C = BUF_976_part2
        REFINPROGRESS_PIN.R = 

GLB glb05, B6

    8 Input(s)
        (NRESET.O, NRESETX, I14), (REFINPROGRESS.O, 
        REFINPROGRESSDELAY_PIN, I13), (glb00.O1, REFRQST_PIN, I10), 
        (glb04.O0, ST0_PIN, I11), (glb05.O1, ST1_PIN, I16), (glb03.O2, 
        ST2_PIN, I9), (glb05.O3, ST3_PIN, I17), (glb05.O0, 
        ST4_PIN, I12)
    4 Output(s)
        (ST4_PIN, O0), (ST3_PIN, O3), (ST1_PIN, O1), (BUF_977, O2)
    17 Product Term(s)

    Output ST4_PIN

        7 Input(s)
            ST3_PIN, ST1_PIN, ST4_PIN, ST2_PIN, REFRQST_PIN, NRESETX,
            ST0_PIN
        7 Fanout(s)
            glb00.I3, glb01.I8, glb02_part1.I3, glb03.I12, glb04.I7,
            glb05.I12, ST4.IR
        5 Product Term(s)
        1 GLB Level(s)

        ST4_PIN.D = (NRESETX & ST4_PIN & !ST2_PIN & !ST1_PIN
            # NRESETX & ST0_PIN & ST4_PIN & !ST3_PIN
            # NRESETX & ST2_PIN & ST4_PIN & !ST3_PIN
            # NRESETX & REFRQST_PIN & !ST3_PIN & !ST0_PIN & !ST2_PIN
            & !ST1_PIN
            # NRESETX & ST0_PIN & ST1_PIN & ST2_PIN & ST3_PIN & !ST4_PIN
            )
        !ST4_PIN.C = BUF_976_part2
        ST4_PIN.R = 
    Output ST3_PIN

        6 Input(s)
            ST3_PIN, ST1_PIN, ST4_PIN, ST2_PIN, NRESETX, ST0_PIN
        7 Fanout(s)
            glb00.I11, glb01.I0, glb02_part1.I0, glb03.I4, glb04.I15,
            glb05.I17, ST3.IR
        5 Product Term(s)
        1 GLB Level(s)

        ST3_PIN.D = (NRESETX & ST3_PIN & !ST0_PIN & !ST4_PIN
            # NRESETX & ST0_PIN & ST1_PIN & ST2_PIN & !ST3_PIN
            # NRESETX & ST3_PIN & ST4_PIN & !ST2_PIN & !ST1_PIN
            # NRESETX & ST2_PIN & ST3_PIN & !ST4_PIN & !ST1_PIN
            # NRESETX & ST1_PIN & ST3_PIN & !ST2_PIN & !ST4_PIN)
        !ST3_PIN.C = BUF_976_part2
        ST3_PIN.R = 
    Output ST1_PIN

        7 Input(s)
            ST3_PIN, ST1_PIN, ST4_PIN, ST2_PIN, REFRQST_PIN, NRESETX,
            ST0_PIN
        7 Fanout(s)
            glb00.I2, glb01.I9, glb02_part1.I2, glb03.I13, glb04.I13,
            glb05.I16, ST1.IR
        6 Product Term(s)
        1 GLB Level(s)

        ST1_PIN.D = (NRESETX & ST0_PIN & ST4_PIN & !ST2_PIN & !ST1_PIN
            # NRESETX & ST0_PIN & ST2_PIN & !ST4_PIN & !ST1_PIN
            # NRESETX & ST1_PIN & ST2_PIN & !ST3_PIN & !ST0_PIN
            # NRESETX & REFRQST_PIN & !ST3_PIN & !ST2_PIN & !ST4_PIN
            & !ST1_PIN
            # NRESETX & ST1_PIN & !ST0_PIN & !ST4_PIN
            # NRESETX & ST0_PIN & !ST3_PIN & !ST1_PIN)
        !ST1_PIN.C = BUF_976_part2
        ST1_PIN.R = 
    Output BUF_977

        1 Input(s)
            REFINPROGRESSDELAY_PIN
        1 Fanout(s)
            REFINPROGRESSDELAY.IR
        1 Product Term(s)
        1 GLB Level(s)

        BUF_977 = REFINPROGRESSDELAY_PIN


Output CAS, IO4

    Input (glb01.O0, DEF_924)

    CAS = !DEF_924


Output C_A_EN, IO7

    Input (glb02_part1.O3, C_A_EN_PIN)

    C_A_EN = C_A_EN_PIN


Output DRAM_WE, IO5

    Input (glb01.O1, AND_922)

    DRAM_WE = !AND_922


Input JTAG_NTRST, IO0

    Output JTAG_NTRSTX
        1 Fanout(s)
            glb00.I0


Input MCLK, IO11

    Output MCLKX
        1 Fanout(s)
            glb03.I15


Input NCS, IO8

    Output NCSX
        3 Fanout(s)
            glb01.I3, glb02_part2.I3, glb04.I12


Input NRESET, IO1

    Output NRESETX
        4 Fanout(s)
            glb00.I1, glb03.I14, glb04.I14, glb05.I14


Output NTRST, IO2

    Input (glb00.O2, AND_919)

    NTRST = !AND_919


Output NWAIT, IO10

    Input (glb02_part2.O2, NWAIT_PIN)

    NWAIT = NWAIT_PIN


Input NWE, IO9

    Output NWEX
        1 Fanout(s)
            glb01.I2


Output RAS, IO3

    Input (glb01.O3, RAS_PIN)

    RAS = RAS_PIN


Input RCLK, IO12

    Output RCLKX
        1 Fanout(s)
            glb03.I7


Registered Bidirectional REFINPROGRESS, IO25

    Input (glb04.O1, REFINPROGRESS_PIN)
    Output REFINPROGRESSDELAY_PIN
        1 Fanout(s)
            glb05.I13

    REFINPROGRESS = REFINPROGRESS_PIN
    REFINPROGRESS.E = VCC
    REFINPROGRESS.C = !BUF_976_part1


Output REFINPROGRESSDELAY, IO22

    Input (glb05.O2, BUF_977)

    REFINPROGRESSDELAY = BUF_977


Output REFRQST, IO13

    Input (glb00.O1, REFRQST_PIN)

    REFRQST = REFRQST_PIN


Output R_A_EN, IO6

    Input (glb01.O2, OR_925)

    R_A_EN = !OR_925


Output ST0, IO16

    Input (glb04.O0, ST0_PIN)

    ST0 = ST0_PIN


Output ST1, IO17

    Input (glb05.O1, ST1_PIN)

    ST1 = ST1_PIN


Output ST2, IO18

    Input (glb03.O2, ST2_PIN)

    ST2 = ST2_PIN


Output ST3, IO19

    Input (glb05.O3, ST3_PIN)

    ST3 = ST3_PIN


Output ST4, IO20

    Input (glb05.O0, ST4_PIN)

    ST4 = ST4_PIN


Clock Assignments

    Net Name		    Clock Assignment

        BUF_975                 Internal CLK2
        BUF_976_part2           Internal CLK1
        BUF_976_part1           Internal IOCLK1


GLB and GLB Output Statistics

    GLB Name, Location      GLB Statistics          GLB Output Statistics
    GLB Output Name         Ins, Outs, PTs          Ins, FOs, PTs, Levels, PTSABP

        glb00, A1                7,  2,  2          
            AND_919                                      2,  1,  1,  1, 1PT 
            REFRQST_PIN                                  5,  3,  0,  1, -   

        glb01, A2                7,  4, 13          
            AND_922                                      2,  1,  1,  1, 1PT 
            DEF_924                                      5,  1,  4,  1, -   
            OR_925                                       5,  1,  3,  1, 4PT 
            RAS_PIN                                      5,  1,  5,  1, -   

        glb02_part1, A6          5,  1,  4          
            C_A_EN_PIN                                   5,  1,  4,  1, 4PT 

        glb02_part2, A4          2,  1,  1          
            NWAIT_PIN                                    2,  1,  2,  1, -   

        glb03, B0                8,  4,  8          
            BUF_975                                      1,  1,  1,  1, 1PT 
            BUF_976_part1                                1,  1,  1,  1, 1PT 
            BUF_976_part2                                1,  4,  1,  1, 1PT 
            ST2_PIN                                      6,  7,  6,  1, -   

        glb04, B1                9,  2, 11          
            REFINPROGRESS_PIN                            6,  3,  6,  1, -   
            ST0_PIN                                      8,  7,  6,  1, -   

        glb05, B6                8,  4, 17          
            BUF_977                                      1,  1,  1,  1, 1PT 
            ST1_PIN                                      7,  7,  6,  1, -   
            ST3_PIN                                      6,  7,  5,  1, -   
            ST4_PIN                                      7,  7,  5,  1, -   


Pin Assignments

    Pin Name                Pin Assignment          Pin Type, Pin Attribute

        REFINPROGRESS           4                       Registered Bidirectional, PULLUP
        JTAG_NTRST              15                      Input, PULLUP
        NRESET                  16                      Input, PULLUP
        NTRST                   17                      Output, PULLUP
        RAS                     18                      Output, PULLUP
        CAS                     19                      Output, PULLUP
        DRAM_WE                 20                      Output, PULLUP
        R_A_EN                  21                      Output, PULLUP
        C_A_EN                  22                      Output, PULLUP
        NCS                     25                      Input, PULLUP
        NWE                     26                      Input, PULLUP
        NWAIT                   27                      Output, PULLUP
        MCLK                    28                      Input, PULLUP
        RCLK                    29                      Input, PULLUP
        REFRQST                 30                      Output, PULLUP
        ST0                     37                      Output, PULLUP
        ST1                     38                      Output, PULLUP
        ST2                     39                      Output, PULLUP
        ST3                     40                      Output, PULLUP
        ST4                     41                      Output, PULLUP
        REFINPROGRESSDELAY      43                      Output, PULLUP


Design process management completed successfully
