ispEXPERT Compiler Release 1.7.00.05.28.13, May 20 2002 13:06:40


Design Parameters
-----------------

EFFORT:                         MEDIUM (2)
IGNORE_FIXED_PIN:               OFF
MAX_GLB_IN:                     16
MAX_GLB_OUT:                    4
OUTPUT_FORM:                    VERILOG, VHDL
OS_VERSION:                     Windows NT 5.1
PARAM_FILE:                     'c:\documents and settings\micro\my documents\wwerst\ee52\abel\ispxpert'
PIN_FILE:                       'c:\documents and settings\micro\my documents\wwerst\ee52\abel\PLD.xpn'
STRATEGY:                       DELAY
TIMING_ANALYZER:                ON 
USE_GLOBAL_RESET:               ON


Design Specification
--------------------

Design:                         pld
Part:                           ispLSI1016E-100LJ44


ISP:                            ON
ISP_EXCEPT_Y2:                  OFF
PULL:                           UP
SECURITY:                       OFF
Y1_AS_RESET:                    ON
SLOWSLEW:                       OFF


Number of Critical Pins:        0
Number of Free Pins:            1
Number of Locked Pins:          18
Number of Reserved Pins:        0


Input Pins

    Pin Name                Pin Attribute

        JTAG_NTRST              LOCK 15, PULLUP
        MCLK                    LOCK 28, PULLUP
        NCS                     LOCK 25, PULLUP
        NRESET                  LOCK 16, PULLUP
        NWE                     LOCK 26, PULLUP
        RCLK                    LOCK 29, PULLUP


Output Pins

    Pin Name                Pin Attribute

        CAS                     LOCK 19, PULLUP
        C_A_EN                  LOCK 22, PULLUP
        DRAM_WE                 LOCK 20, PULLUP
        NTRST                   LOCK 17, PULLUP
        NWAIT                   LOCK 27, PULLUP
        RAS                     LOCK 18, PULLUP
        REFRQST                 PULLUP
        R_A_EN                  LOCK 21, PULLUP
        ST0                     LOCK 37, PULLUP
        ST1                     LOCK 38, PULLUP
        ST2                     LOCK 39, PULLUP
        ST3                     LOCK 40, PULLUP
        ST4                     LOCK 41, PULLUP


Pre-Route Design Statistics
---------------------------

Number of Macrocells:           15
Number of GLBs:                 6
Number of I/Os:                 19
Number of Nets:                 19

Number of Free Inputs:          0
Number of Free Outputs:         1
Number of Free Three-States:    0
Number of Free Bidi's:          0

Number of Locked Input IOCs:    6
Number of Locked DIs:           0
Number of Locked Outputs:       12
Number of Locked Three-States:  0
Number of Locked Bidi's:        0

Number of CRIT Outputs:         0
Number of Global OEs:           0
Number of External Clocks:      0


GLB Utilization (Out of 16):	37%
I/O Utilization (Out of 33):	57%
Net Utilization (Out of 97):	19%


Nets with Fanout of  1:         10
Nets with Fanout of  2:         1
Nets with Fanout of  3:         1
Nets with Fanout of  4:         2
Nets with Fanout of  7:         5

Average Fanout per Net:         3.05


GLBs with  5 Input(s):          1
GLBs with  6 Input(s):          1
GLBs with  7 Input(s):          2
GLBs with  9 Input(s):          1
GLBs with 11 Input(s):          1

Average Inputs per GLB:         7.50


GLBs with  1 Output(s):         1
GLBs with  2 Output(s):         3
GLBs with  4 Output(s):         2

Average Outputs per GLB:        2.50


Number of GLB Registers:        7
Number of IOC Registers:        0


Post-Route Design Implementation
--------------------------------

Number of Macrocells:		15
Number of GLBs:			6
Number of IOCs:			19
Number of DIs:			0
Number of GLB Levels:		1


GLB glb00, A1

    7 Input(s)
        (JTAG_NTRST.O, JTAG_NTRSTX, I0), (NRESET.O, NRESETX, I1), 
        (glb05.O0, ST0_PIN, I8), (glb05.O1, ST1_PIN, I9), (glb03.O2, 
        ST2_PIN, I2), (glb03.O3, ST3_PIN, I3), (glb04.O0, 
        ST4_PIN, I4)
    2 Output(s)
        (REFRQST_PIN, O1), (NTRST_PIN, O2)
    2 Product Term(s)

    Output REFRQST_PIN

        5 Input(s)
            ST3_PIN, ST1_PIN, ST4_PIN, ST2_PIN, ST0_PIN
        4 Fanout(s)
            glb03.I10, glb04.I10, glb05.I10, REFRQST.IR
        0 Product Term(s)
        1 GLB Level(s)

        REFRQST_PIN.D = VCC
        REFRQST_PIN.C = BUF_932
        REFRQST_PIN.R = ST1_PIN & ST3_PIN & ST4_PIN & !ST0_PIN & !ST2_PIN

    Output NTRST_PIN

        2 Input(s)
            JTAG_NTRSTX, NRESETX
        1 Fanout(s)
            NTRST.IR
        1 Product Term(s)
        1 GLB Level(s)

        NTRST_PIN = JTAG_NTRSTX & NRESETX


GLB glb01, A3

    5 Input(s)
        (glb05.O0, ST0_PIN, I8), (glb05.O1, ST1_PIN, I9), (glb03.O2, 
        ST2_PIN, I2), (glb03.O3, ST3_PIN, I3), (glb04.O0, 
        ST4_PIN, I4)
    4 Output(s)
        (OR_869, O2), (OR_867, O1), (OR_866, O3), (OR_865, O0)
    10 Product Term(s)

    Output OR_869

        5 Input(s)
            ST3_PIN, ST1_PIN, ST4_PIN, ST2_PIN, ST0_PIN
        1 Fanout(s)
            R_A_EN.IR
        2 Product Term(s)
        1 GLB Level(s)

        OR_869 = ST1_PIN & !ST4_PIN & !ST2_PIN
            # ST0_PIN & !ST3_PIN & !ST4_PIN & !ST2_PIN

    Output OR_867

        5 Input(s)
            ST3_PIN, ST1_PIN, ST4_PIN, ST2_PIN, ST0_PIN
        1 Fanout(s)
            DRAM_WE.IR
        2 Product Term(s)
        1 GLB Level(s)

        OR_867 = ST0_PIN & ST2_PIN & ST3_PIN & !ST4_PIN
            # ST1_PIN & ST2_PIN & ST3_PIN & !ST4_PIN

    Output OR_866

        5 Input(s)
            ST3_PIN, ST1_PIN, ST4_PIN, ST2_PIN, ST0_PIN
        1 Fanout(s)
            RAS.IR
        3 Product Term(s)
        1 GLB Level(s)

        OR_866 = ST2_PIN & !ST3_PIN
            # ST2_PIN & !ST4_PIN
            # ST0_PIN & ST1_PIN & !ST4_PIN

    Output OR_865

        5 Input(s)
            ST3_PIN, ST1_PIN, ST4_PIN, ST2_PIN, ST0_PIN
        1 Fanout(s)
            CAS.IR
        3 Product Term(s)
        1 GLB Level(s)

        OR_865 = ST1_PIN & ST2_PIN & !ST4_PIN
            # ST2_PIN & ST4_PIN & !ST3_PIN
            # ST0_PIN & ST1_PIN & ST4_PIN & !ST3_PIN


GLB glb02, A6

    6 Input(s)
        (NCS.O, NCSX, I3), (glb05.O0, ST0_PIN, I8), (glb05.O1, 
        ST1_PIN, I9), (glb03.O2, ST2_PIN, I2), (glb03.O3, 
        ST3_PIN, I7), (glb04.O0, ST4_PIN, I4)
    2 Output(s)
        (OR_868, O3), (NWAIT_PIN, O2)
    5 Product Term(s)

    Output OR_868

        4 Input(s)
            ST1_PIN, ST4_PIN, ST2_PIN, ST0_PIN
        1 Fanout(s)
            C_A_EN.IR
        2 Product Term(s)
        1 GLB Level(s)

        OR_868 = ST0_PIN & ST2_PIN & !ST4_PIN
            # ST1_PIN & ST2_PIN & !ST4_PIN

    Output NWAIT_PIN

        6 Input(s)
            ST3_PIN, ST1_PIN, ST4_PIN, ST2_PIN, ST0_PIN, NCSX
        1 Fanout(s)
            NWAIT.IR
        4 Product Term(s)
        1 GLB Level(s)

        NWAIT_PIN.D = (ST2_PIN & ST4_PIN & !NCSX
            # ST3_PIN & ST4_PIN & !NCSX
            # ST0_PIN & ST1_PIN & ST4_PIN & !NCSX)
            $ VCC
        NWAIT_PIN.C = BUF_933
        NWAIT_PIN.R = 

Clock GLB glb03, B0

    11 Input(s)
        (MCLK.O, MCLKX, I15), (NCS.O, NCSX, I12), (NRESET.O, 
        NRESETX, I14), (NWE.O, NWEX, I13), (RCLK.O, RCLKX, I7), 
        (glb00.O1, REFRQST_PIN, I10), (glb05.O0, ST0_PIN, I3), 
        (glb05.O1, ST1_PIN, I6), (glb03.O2, ST2_PIN, I16), (glb03.O3, 
        ST3_PIN, I17), (glb04.O0, ST4_PIN, I11)
    4 Output(s)
        (ST3_PIN, O3), (ST2_PIN, O2), (BUF_933, O1), (BUF_932, O0)
    13 Product Term(s)

    Output ST3_PIN

        9 Input(s)
            ST3_PIN, NWEX, ST1_PIN, ST4_PIN, ST2_PIN, REFRQST_PIN,
            NRESETX, ST0_PIN, NCSX
        7 Fanout(s)
            glb00.I3, glb01.I3, glb02.I7, glb03.I17, glb04.I12, glb05.I8,
            ST3.IR
        6 Product Term(s)
        1 GLB Level(s)

        ST3_PIN.D = (NRESETX & ST3_PIN & !ST0_PIN & !ST4_PIN
            # NRESETX & ST0_PIN & ST1_PIN & ST2_PIN & !ST3_PIN
            # NRESETX & ST3_PIN & ST4_PIN & !ST2_PIN & !ST1_PIN
            # NRESETX & ST2_PIN & ST3_PIN & !ST4_PIN & !ST1_PIN
            # NRESETX & ST1_PIN & ST3_PIN & !ST4_PIN & !ST2_PIN
            # NRESETX & !ST0_PIN & !ST4_PIN & !ST2_PIN & !NCSX & !NWEX
            & !REFRQST_PIN & !ST1_PIN)
        ST3_PIN.C = BUF_933
        ST3_PIN.R = 
    Output ST2_PIN

        6 Input(s)
            ST3_PIN, ST1_PIN, ST4_PIN, ST2_PIN, NRESETX, ST0_PIN
        7 Fanout(s)
            glb00.I2, glb01.I2, glb02.I2, glb03.I16, glb04.I13, glb05.I9,
            ST2.IR
        6 Product Term(s)
        1 GLB Level(s)

        ST2_PIN.D = (!NRESETX
            # !ST0_PIN & !ST2_PIN
            # !ST2_PIN & !ST1_PIN
            # ST3_PIN & ST4_PIN
            # ST0_PIN & ST1_PIN & ST2_PIN)
            $ VCC
        ST2_PIN.C = BUF_933
        ST2_PIN.R = 
    Output BUF_933

        1 Input(s)
            MCLKX
        4 Fanout(s)
            glb02.CLK2, glb03.CLK2, glb04.CLK2, glb05.CLK2
        1 Product Term(s)
        1 GLB Level(s)

        BUF_933 = MCLKX

    Output BUF_932

        1 Input(s)
            RCLKX
        1 Fanout(s)
            glb00.CLK1
        1 Product Term(s)
        1 GLB Level(s)

        BUF_932 = RCLKX


GLB glb04, B1

    7 Input(s)
        (NRESET.O, NRESETX, I14), (glb00.O1, REFRQST_PIN, I10), 
        (glb05.O0, ST0_PIN, I7), (glb05.O1, ST1_PIN, I6), (glb03.O2, 
        ST2_PIN, I13), (glb03.O3, ST3_PIN, I12), (glb04.O0, 
        ST4_PIN, I16)
    1 Output(s)
        (ST4_PIN, O0)
    5 Product Term(s)

    Output ST4_PIN

        7 Input(s)
            ST3_PIN, ST1_PIN, ST4_PIN, ST2_PIN, REFRQST_PIN, NRESETX,
            ST0_PIN
        7 Fanout(s)
            glb00.I4, glb01.I4, glb02.I4, glb03.I11, glb04.I16,
            glb05.I11, ST4.IR
        5 Product Term(s)
        1 GLB Level(s)

        ST4_PIN.D = (NRESETX & ST4_PIN & !ST2_PIN & !ST1_PIN
            # NRESETX & ST0_PIN & ST4_PIN & !ST3_PIN
            # NRESETX & ST2_PIN & ST4_PIN & !ST3_PIN
            # NRESETX & REFRQST_PIN & !ST3_PIN & !ST0_PIN & !ST2_PIN
            & !ST1_PIN
            # NRESETX & ST0_PIN & ST1_PIN & ST2_PIN & ST3_PIN & !ST4_PIN
            )
        ST4_PIN.C = BUF_933
        ST4_PIN.R = 

GLB glb05, B7

    9 Input(s)
        (NCS.O, NCSX, I12), (NRESET.O, NRESETX, I14), (NWE.O, 
        NWEX, I13), (glb00.O1, REFRQST_PIN, I10), (glb05.O0, 
        ST0_PIN, I16), (glb05.O1, ST1_PIN, I17), (glb03.O2, 
        ST2_PIN, I9), (glb03.O3, ST3_PIN, I8), (glb04.O0, 
        ST4_PIN, I11)
    2 Output(s)
        (ST1_PIN, O1), (ST0_PIN, O0)
    12 Product Term(s)

    Output ST1_PIN

        9 Input(s)
            ST3_PIN, NWEX, ST1_PIN, ST4_PIN, ST2_PIN, REFRQST_PIN,
            NRESETX, ST0_PIN, NCSX
        7 Fanout(s)
            glb00.I9, glb01.I9, glb02.I9, glb03.I6, glb04.I6, glb05.I17,
            ST1.IR
        7 Product Term(s)
        1 GLB Level(s)

        ST1_PIN.D = (NRESETX & ST1_PIN & !ST0_PIN & !ST4_PIN
            # NRESETX & ST0_PIN & !ST3_PIN & !ST1_PIN
            # NRESETX & ST0_PIN & ST4_PIN & !ST2_PIN & !ST1_PIN
            # NRESETX & ST0_PIN & ST2_PIN & !ST4_PIN & !ST1_PIN
            # NRESETX & ST1_PIN & ST2_PIN & !ST3_PIN & !ST0_PIN
            # NRESETX & REFRQST_PIN & !ST3_PIN & !ST0_PIN & !ST4_PIN
            & !ST2_PIN
            # NRESETX & !ST3_PIN & !ST0_PIN & !ST4_PIN & !ST2_PIN & !NCSX
            & !NWEX)
        ST1_PIN.C = BUF_933
        ST1_PIN.R = 
    Output ST0_PIN

        9 Input(s)
            ST3_PIN, NWEX, ST1_PIN, ST4_PIN, ST2_PIN, REFRQST_PIN,
            NRESETX, ST0_PIN, NCSX
        7 Fanout(s)
            glb00.I8, glb01.I8, glb02.I8, glb03.I3, glb04.I7, glb05.I16,
            ST0.IR
        5 Product Term(s)
        1 GLB Level(s)

        ST0_PIN.D = (NRESETX & ST2_PIN & ST4_PIN & !ST3_PIN & !ST0_PIN
            # NRESETX & ST4_PIN & !ST0_PIN & !ST2_PIN & !ST1_PIN
            # NCSX & NRESETX & !ST3_PIN & !ST0_PIN & !ST2_PIN
            & !REFRQST_PIN & !ST1_PIN
            # NRESETX & !ST3_PIN & !ST0_PIN & !ST2_PIN & !NWEX
            & !REFRQST_PIN & !ST1_PIN)
            $ NRESETX & !ST0_PIN & !ST4_PIN
        ST0_PIN.C = BUF_933
        ST0_PIN.R = 

Output CAS, IO4

    Input (glb01.O0, OR_865)

    CAS = !OR_865


Output C_A_EN, IO7

    Input (glb02.O3, OR_868)

    C_A_EN = !OR_868


Output DRAM_WE, IO5

    Input (glb01.O1, OR_867)

    DRAM_WE = !OR_867


Input JTAG_NTRST, IO0

    Output JTAG_NTRSTX
        1 Fanout(s)
            glb00.I0


Input MCLK, IO11

    Output MCLKX
        1 Fanout(s)
            glb03.I15


Input NCS, IO8

    Output NCSX
        3 Fanout(s)
            glb02.I3, glb03.I12, glb05.I12


Input NRESET, IO1

    Output NRESETX
        4 Fanout(s)
            glb00.I1, glb03.I14, glb04.I14, glb05.I14


Output NTRST, IO2

    Input (glb00.O2, NTRST_PIN)

    NTRST = NTRST_PIN


Output NWAIT, IO10

    Input (glb02.O2, NWAIT_PIN)

    NWAIT = NWAIT_PIN


Input NWE, IO9

    Output NWEX
        2 Fanout(s)
            glb03.I13, glb05.I13


Output RAS, IO3

    Input (glb01.O3, OR_866)

    RAS = !OR_866


Input RCLK, IO12

    Output RCLKX
        1 Fanout(s)
            glb03.I7


Output REFRQST, IO13

    Input (glb00.O1, REFRQST_PIN)

    REFRQST = REFRQST_PIN


Output R_A_EN, IO6

    Input (glb01.O2, OR_869)

    R_A_EN = !OR_869


Output ST0, IO16

    Input (glb05.O0, ST0_PIN)

    ST0 = ST0_PIN


Output ST1, IO17

    Input (glb05.O1, ST1_PIN)

    ST1 = ST1_PIN


Output ST2, IO18

    Input (glb03.O2, ST2_PIN)

    ST2 = ST2_PIN


Output ST3, IO19

    Input (glb03.O3, ST3_PIN)

    ST3 = ST3_PIN


Output ST4, IO20

    Input (glb04.O0, ST4_PIN)

    ST4 = ST4_PIN


Clock Assignments

    Net Name		    Clock Assignment

        BUF_932                 Internal CLK1
        BUF_933                 Internal CLK2


GLB and GLB Output Statistics

    GLB Name, Location      GLB Statistics          GLB Output Statistics
    GLB Output Name         Ins, Outs, PTs          Ins, FOs, PTs, Levels, PTSABP

        glb00, A1                7,  2,  2          
            NTRST_PIN                                    2,  1,  1,  1, 1PT 
            REFRQST_PIN                                  5,  4,  0,  1, -   

        glb01, A3                5,  4, 10          
            OR_865                                       5,  1,  3,  1, 4PT 
            OR_866                                       5,  1,  3,  1, 4PT 
            OR_867                                       5,  1,  2,  1, 4PT 
            OR_869                                       5,  1,  2,  1, 4PT 

        glb02, A6                6,  2,  5          
            NWAIT_PIN                                    6,  1,  4,  1, -   
            OR_868                                       4,  1,  2,  1, 4PT 

        glb03, B0               11,  4, 13          
            BUF_932                                      1,  1,  1,  1, 1PT 
            BUF_933                                      1,  4,  1,  1, 1PT 
            ST2_PIN                                      6,  7,  6,  1, -   
            ST3_PIN                                      9,  7,  6,  1, -   

        glb04, B1                7,  1,  5          
            ST4_PIN                                      7,  7,  5,  1, -   

        glb05, B7                9,  2, 12          
            ST0_PIN                                      9,  7,  5,  1, -   
            ST1_PIN                                      9,  7,  7,  1, -   


Pin Assignments

    Pin Name                Pin Assignment          Pin Type, Pin Attribute

        JTAG_NTRST              15                      Input, PULLUP
        NRESET                  16                      Input, PULLUP
        NTRST                   17                      Output, PULLUP
        RAS                     18                      Output, PULLUP
        CAS                     19                      Output, PULLUP
        DRAM_WE                 20                      Output, PULLUP
        R_A_EN                  21                      Output, PULLUP
        C_A_EN                  22                      Output, PULLUP
        NCS                     25                      Input, PULLUP
        NWE                     26                      Input, PULLUP
        NWAIT                   27                      Output, PULLUP
        MCLK                    28                      Input, PULLUP
        RCLK                    29                      Input, PULLUP
        REFRQST                 30                      Output, PULLUP
        ST0                     37                      Output, PULLUP
        ST1                     38                      Output, PULLUP
        ST2                     39                      Output, PULLUP
        ST3                     40                      Output, PULLUP
        ST4                     41                      Output, PULLUP


Design process management completed successfully
